<?xml version="1.0" encoding="ISO-8859-1" ?>
<link_info>
   <banner>TMS320C2000 Linker PC v22.6.3.LTS</banner>
   <copyright>Copyright (c) 1996-2018 Texas Instruments Incorporated</copyright>
   <link_time>0x6a426174</link_time>
   <link_errors>0x0</link_errors>
   <output_file>NDT_AUXILIARY_Board.out</output_file>
   <entry_point>
      <name>code_start</name>
      <address>0x0</address>
   </entry_point>
   <input_file_list>
      <input_file id="fl-2">
         <path>.\</path>
         <kind>object</kind>
         <file>main.obj</file>
         <name>main.obj</name>
      </input_file>
      <input_file id="fl-3">
         <path>.\</path>
         <kind>object</kind>
         <file>max14808.obj</file>
         <name>max14808.obj</name>
      </input_file>
      <input_file id="fl-4">
         <path>.\syscfg\</path>
         <kind>object</kind>
         <file>board.obj</file>
         <name>board.obj</name>
      </input_file>
      <input_file id="fl-5">
         <path>.\syscfg\</path>
         <kind>object</kind>
         <file>c2000ware_libraries.obj</file>
         <name>c2000ware_libraries.obj</name>
      </input_file>
      <input_file id="fl-6">
         <path>.\device\</path>
         <kind>object</kind>
         <file>device.obj</file>
         <name>device.obj</name>
      </input_file>
      <input_file id="fl-7">
         <path>.\device\</path>
         <kind>object</kind>
         <file>f28002x_codestartbranch.obj</file>
         <name>f28002x_codestartbranch.obj</name>
      </input_file>
      <input_file id="fl-c">
         <kind>object</kind>
         <file>&lt;internal&gt;</file>
         <name>&lt;internal&gt;</name>
      </input_file>
      <input_file id="fl-d">
         <path>C:\ti\C2000Ware_26_00_00_00\driverlib\f28002x\driverlib\ccs\Debug\</path>
         <kind>archive</kind>
         <file>driverlib.lib</file>
         <name>adc.obj</name>
      </input_file>
      <input_file id="fl-e">
         <path>C:\ti\C2000Ware_26_00_00_00\driverlib\f28002x\driverlib\ccs\Debug\</path>
         <kind>archive</kind>
         <file>driverlib.lib</file>
         <name>dcc.obj</name>
      </input_file>
      <input_file id="fl-f">
         <path>C:\ti\C2000Ware_26_00_00_00\driverlib\f28002x\driverlib\ccs\Debug\</path>
         <kind>archive</kind>
         <file>driverlib.lib</file>
         <name>gpio.obj</name>
      </input_file>
      <input_file id="fl-10">
         <path>C:\ti\C2000Ware_26_00_00_00\driverlib\f28002x\driverlib\ccs\Debug\</path>
         <kind>archive</kind>
         <file>driverlib.lib</file>
         <name>i2c.obj</name>
      </input_file>
      <input_file id="fl-11">
         <path>C:\ti\C2000Ware_26_00_00_00\driverlib\f28002x\driverlib\ccs\Debug\</path>
         <kind>archive</kind>
         <file>driverlib.lib</file>
         <name>interrupt.obj</name>
      </input_file>
      <input_file id="fl-12">
         <path>C:\ti\C2000Ware_26_00_00_00\driverlib\f28002x\driverlib\ccs\Debug\</path>
         <kind>archive</kind>
         <file>driverlib.lib</file>
         <name>sysctl.obj</name>
      </input_file>
      <input_file id="fl-1e">
         <path>C:\ti\ccs2040\ccs\tools\compiler\ti-cgt-c2000_22.6.3.LTS\lib\</path>
         <kind>archive</kind>
         <file>rts2800_fpu32_eabi.lib</file>
         <name>boot28.asm.obj</name>
      </input_file>
      <input_file id="fl-1f">
         <path>C:\ti\ccs2040\ccs\tools\compiler\ti-cgt-c2000_22.6.3.LTS\lib\</path>
         <kind>archive</kind>
         <file>rts2800_fpu32_eabi.lib</file>
         <name>fd_sub28.asm.obj</name>
      </input_file>
      <input_file id="fl-20">
         <path>C:\ti\ccs2040\ccs\tools\compiler\ti-cgt-c2000_22.6.3.LTS\lib\</path>
         <kind>archive</kind>
         <file>rts2800_fpu32_eabi.lib</file>
         <name>fd_toul28.asm.obj</name>
      </input_file>
      <input_file id="fl-21">
         <path>C:\ti\ccs2040\ccs\tools\compiler\ti-cgt-c2000_22.6.3.LTS\lib\</path>
         <kind>archive</kind>
         <file>rts2800_fpu32_eabi.lib</file>
         <name>fs_div28.asm.obj</name>
      </input_file>
      <input_file id="fl-22">
         <path>C:\ti\ccs2040\ccs\tools\compiler\ti-cgt-c2000_22.6.3.LTS\lib\</path>
         <kind>archive</kind>
         <file>rts2800_fpu32_eabi.lib</file>
         <name>ul_tofd28.asm.obj</name>
      </input_file>
      <input_file id="fl-23">
         <path>C:\ti\ccs2040\ccs\tools\compiler\ti-cgt-c2000_22.6.3.LTS\lib\</path>
         <kind>archive</kind>
         <file>rts2800_fpu32_eabi.lib</file>
         <name>fd_div28.asm.obj</name>
      </input_file>
      <input_file id="fl-24">
         <path>C:\ti\ccs2040\ccs\tools\compiler\ti-cgt-c2000_22.6.3.LTS\lib\</path>
         <kind>archive</kind>
         <file>rts2800_fpu32_eabi.lib</file>
         <name>pre_init.c.obj</name>
      </input_file>
      <input_file id="fl-25">
         <path>C:\ti\ccs2040\ccs\tools\compiler\ti-cgt-c2000_22.6.3.LTS\lib\</path>
         <kind>archive</kind>
         <file>rts2800_fpu32_eabi.lib</file>
         <name>autoinit.c.obj</name>
      </input_file>
      <input_file id="fl-26">
         <path>C:\ti\ccs2040\ccs\tools\compiler\ti-cgt-c2000_22.6.3.LTS\lib\</path>
         <kind>archive</kind>
         <file>rts2800_fpu32_eabi.lib</file>
         <name>copy_zero_init.c.obj</name>
      </input_file>
      <input_file id="fl-27">
         <path>C:\ti\ccs2040\ccs\tools\compiler\ti-cgt-c2000_22.6.3.LTS\lib\</path>
         <kind>archive</kind>
         <file>rts2800_fpu32_eabi.lib</file>
         <name>copy_decompress_none.c.obj</name>
      </input_file>
      <input_file id="fl-28">
         <path>C:\ti\ccs2040\ccs\tools\compiler\ti-cgt-c2000_22.6.3.LTS\lib\</path>
         <kind>archive</kind>
         <file>rts2800_fpu32_eabi.lib</file>
         <name>copy_decompress_lzss.c.obj</name>
      </input_file>
      <input_file id="fl-29">
         <path>C:\ti\ccs2040\ccs\tools\compiler\ti-cgt-c2000_22.6.3.LTS\lib\</path>
         <kind>archive</kind>
         <file>rts2800_fpu32_eabi.lib</file>
         <name>exit.c.obj</name>
      </input_file>
      <input_file id="fl-2a">
         <path>C:\ti\ccs2040\ccs\tools\compiler\ti-cgt-c2000_22.6.3.LTS\lib\</path>
         <kind>archive</kind>
         <file>rts2800_fpu32_eabi.lib</file>
         <name>_lock.c.obj</name>
      </input_file>
      <input_file id="fl-2b">
         <path>C:\ti\ccs2040\ccs\tools\compiler\ti-cgt-c2000_22.6.3.LTS\lib\</path>
         <kind>archive</kind>
         <file>rts2800_fpu32_eabi.lib</file>
         <name>args_main.c.obj</name>
      </input_file>
      <input_file id="fl-2c">
         <path>C:\ti\ccs2040\ccs\tools\compiler\ti-cgt-c2000_22.6.3.LTS\lib\</path>
         <kind>archive</kind>
         <file>rts2800_fpu32_eabi.lib</file>
         <name>memset.c.obj</name>
      </input_file>
      <input_file id="fl-2d">
         <path>C:\ti\ccs2040\ccs\tools\compiler\ti-cgt-c2000_22.6.3.LTS\lib\</path>
         <kind>archive</kind>
         <file>rts2800_fpu32_eabi.lib</file>
         <name>fd_add28.asm.obj</name>
      </input_file>
      <input_file id="fl-2e">
         <path>C:\ti\ccs2040\ccs\tools\compiler\ti-cgt-c2000_22.6.3.LTS\lib\</path>
         <kind>archive</kind>
         <file>rts2800_fpu32_eabi.lib</file>
         <name>cpy_tbl.c.obj</name>
      </input_file>
      <input_file id="fl-2f">
         <path>C:\ti\ccs2040\ccs\tools\compiler\ti-cgt-c2000_22.6.3.LTS\lib\</path>
         <kind>archive</kind>
         <file>rts2800_fpu32_eabi.lib</file>
         <name>memcpy.c.obj</name>
      </input_file>
      <input_file id="fl-30">
         <path>C:\ti\ccs2040\ccs\tools\compiler\ti-cgt-c2000_22.6.3.LTS\lib\</path>
         <kind>archive</kind>
         <file>rts2800_fpu32_eabi.lib</file>
         <name>startup.c.obj</name>
      </input_file>
   </input_file_list>
   <object_component_list>
      <object_component id="oc-224">
         <name>.text:PinMux_init</name>
         <load_address>0xa000</load_address>
         <run_address>0xa000</run_address>
         <size>0x14f</size>
         <input_file_ref idref="fl-4"/>
      </object_component>
      <object_component id="oc-1f7">
         <name>.text:SysCtl_setClock</name>
         <load_address>0xa14f</load_address>
         <run_address>0xa14f</run_address>
         <size>0x123</size>
         <input_file_ref idref="fl-12"/>
      </object_component>
      <object_component id="oc-2a0">
         <name>.text:SysCtl_isPLLValid</name>
         <load_address>0xa272</load_address>
         <run_address>0xa272</run_address>
         <size>0xfe</size>
         <input_file_ref idref="fl-12"/>
      </object_component>
      <object_component id="oc-4fa">
         <name>.text</name>
         <load_address>0xa370</load_address>
         <run_address>0xa370</run_address>
         <size>0x9c</size>
         <input_file_ref idref="fl-2d"/>
      </object_component>
      <object_component id="oc-216">
         <name>.text:Device_enableAllPeripherals</name>
         <load_address>0xa40c</load_address>
         <run_address>0xa40c</run_address>
         <size>0x9a</size>
         <input_file_ref idref="fl-6"/>
      </object_component>
      <object_component id="oc-3a6">
         <name>.text</name>
         <load_address>0xa4a6</load_address>
         <run_address>0xa4a6</run_address>
         <size>0x8b</size>
         <input_file_ref idref="fl-23"/>
      </object_component>
      <object_component id="oc-3db">
         <name>.text</name>
         <load_address>0xa531</load_address>
         <run_address>0xa531</run_address>
         <size>0x88</size>
         <input_file_ref idref="fl-21"/>
      </object_component>
      <object_component id="oc-f5">
         <name>.text:Interrupt_clearIFR</name>
         <load_address>0xa5b9</load_address>
         <run_address>0xa5b9</run_address>
         <size>0x7f</size>
         <input_file_ref idref="fl-11"/>
      </object_component>
      <object_component id="oc-38">
         <name>.text:INT_myI2CB_ISR</name>
         <load_address>0xa638</load_address>
         <run_address>0xa638</run_address>
         <size>0x7b</size>
         <input_file_ref idref="fl-2"/>
      </object_component>
      <object_component id="oc-259">
         <name>.text:max14808_init</name>
         <load_address>0xa6b3</load_address>
         <run_address>0xa6b3</run_address>
         <size>0x7b</size>
         <input_file_ref idref="fl-3"/>
      </object_component>
      <object_component id="oc-410">
         <name>.text:DCC_setCounterSeeds</name>
         <load_address>0xa72e</load_address>
         <run_address>0xa72e</run_address>
         <size>0x73</size>
         <input_file_ref idref="fl-12"/>
      </object_component>
      <object_component id="oc-173">
         <name>.text:main</name>
         <load_address>0xa7a1</load_address>
         <run_address>0xa7a1</run_address>
         <size>0x73</size>
         <input_file_ref idref="fl-2"/>
      </object_component>
      <object_component id="oc-2da">
         <name>.text:myADCA_init</name>
         <load_address>0xa814</load_address>
         <run_address>0xa814</run_address>
         <size>0x69</size>
         <input_file_ref idref="fl-4"/>
      </object_component>
      <object_component id="oc-2e0">
         <name>.text:myADCC_init</name>
         <load_address>0xa87d</load_address>
         <run_address>0xa87d</run_address>
         <size>0x69</size>
         <input_file_ref idref="fl-4"/>
      </object_component>
      <object_component id="oc-203">
         <name>.text:SysCtl_getClock</name>
         <load_address>0xa8e6</load_address>
         <run_address>0xa8e6</run_address>
         <size>0x65</size>
         <input_file_ref idref="fl-12"/>
      </object_component>
      <object_component id="oc-496">
         <name>.text:I2C_initController</name>
         <load_address>0xa94b</load_address>
         <run_address>0xa94b</run_address>
         <size>0x64</size>
         <input_file_ref idref="fl-10"/>
      </object_component>
      <object_component id="oc-26">
         <name>.text:INT_myADCA_1_ISR</name>
         <load_address>0xa9af</load_address>
         <run_address>0xa9af</run_address>
         <size>0x5d</size>
         <input_file_ref idref="fl-2"/>
      </object_component>
      <object_component id="oc-32">
         <name>.text:INT_myADCC_1_ISR</name>
         <load_address>0xaa0c</load_address>
         <run_address>0xaa0c</run_address>
         <size>0x5d</size>
         <input_file_ref idref="fl-2"/>
      </object_component>
      <object_component id="oc-2c0">
         <name>.text:GPIO_setPadConfig</name>
         <load_address>0xaa69</load_address>
         <run_address>0xaa69</run_address>
         <size>0x52</size>
         <input_file_ref idref="fl-f"/>
      </object_component>
      <object_component id="oc-1c9">
         <name>.text:NDT_firePulse</name>
         <load_address>0xaabb</load_address>
         <run_address>0xaabb</run_address>
         <size>0x4f</size>
         <input_file_ref idref="fl-2"/>
      </object_component>
      <object_component id="oc-93">
         <name>.text:Interrupt_disable</name>
         <load_address>0xab0a</load_address>
         <run_address>0xab0a</run_address>
         <size>0x4e</size>
         <input_file_ref idref="fl-11"/>
      </object_component>
      <object_component id="oc-390">
         <name>.text:myI2CA_init</name>
         <load_address>0xab58</load_address>
         <run_address>0xab58</run_address>
         <size>0x4a</size>
         <input_file_ref idref="fl-4"/>
      </object_component>
      <object_component id="oc-396">
         <name>.text:myI2CB_init</name>
         <load_address>0xaba2</load_address>
         <run_address>0xaba2</run_address>
         <size>0x49</size>
         <input_file_ref idref="fl-4"/>
      </object_component>
      <object_component id="oc-294">
         <name>.text:SysCtl_selectOscSource</name>
         <load_address>0xabeb</load_address>
         <run_address>0xabeb</run_address>
         <size>0x47</size>
         <input_file_ref idref="fl-12"/>
      </object_component>
      <object_component id="oc-460">
         <name>.text:ADC_setupSOC</name>
         <load_address>0xac32</load_address>
         <run_address>0xac32</run_address>
         <size>0x46</size>
         <input_file_ref idref="fl-4"/>
      </object_component>
      <object_component id="oc-2ba">
         <name>.text:GPIO_setAnalogMode</name>
         <load_address>0xac78</load_address>
         <run_address>0xac78</run_address>
         <size>0x46</size>
         <input_file_ref idref="fl-f"/>
      </object_component>
      <object_component id="oc-3cd">
         <name>.text:SysCtl_selectXTAL</name>
         <load_address>0xacbe</load_address>
         <run_address>0xacbe</run_address>
         <size>0x46</size>
         <input_file_ref idref="fl-12"/>
      </object_component>
      <object_component id="oc-1b0">
         <name>.text:GPIO_writePin</name>
         <load_address>0xad04</load_address>
         <run_address>0xad04</run_address>
         <size>0x44</size>
         <input_file_ref idref="fl-2"/>
      </object_component>
      <object_component id="oc-503">
         <name>.text:SysCtl_pollX1Counter</name>
         <load_address>0xad48</load_address>
         <run_address>0xad48</run_address>
         <size>0x40</size>
         <input_file_ref idref="fl-12"/>
      </object_component>
      <object_component id="oc-1a4">
         <name>.text:Interrupt_initModule</name>
         <load_address>0xad88</load_address>
         <run_address>0xad88</run_address>
         <size>0x3d</size>
         <input_file_ref idref="fl-11"/>
      </object_component>
      <object_component id="oc-1c3">
         <name>.text:GPIO_readPin</name>
         <load_address>0xadc5</load_address>
         <run_address>0xadc5</run_address>
         <size>0x3c</size>
         <input_file_ref idref="fl-2"/>
      </object_component>
      <object_component id="oc-ae">
         <name>.text:GPIO_togglePin</name>
         <load_address>0xae01</load_address>
         <run_address>0xae01</run_address>
         <size>0x3b</size>
         <input_file_ref idref="fl-2"/>
      </object_component>
      <object_component id="oc-268">
         <name>.text:max14808_enter_receive_mode</name>
         <load_address>0xae3c</load_address>
         <run_address>0xae3c</run_address>
         <size>0x3b</size>
         <input_file_ref idref="fl-3"/>
      </object_component>
      <object_component id="oc-236">
         <name>.text:GPIO_init</name>
         <load_address>0xae77</load_address>
         <run_address>0xae77</run_address>
         <size>0x39</size>
         <input_file_ref idref="fl-4"/>
      </object_component>
      <object_component id="oc-2b4">
         <name>.text:GPIO_setPinConfig</name>
         <load_address>0xaeb0</load_address>
         <run_address>0xaeb0</run_address>
         <size>0x37</size>
         <input_file_ref idref="fl-f"/>
      </object_component>
      <object_component id="oc-2c6">
         <name>.text:GPIO_setQualificationMode</name>
         <load_address>0xaee7</load_address>
         <run_address>0xaee7</run_address>
         <size>0x37</size>
         <input_file_ref idref="fl-f"/>
      </object_component>
      <object_component id="oc-99">
         <name>.text:Interrupt_enable</name>
         <load_address>0xaf1e</load_address>
         <run_address>0xaf1e</run_address>
         <size>0x37</size>
         <input_file_ref idref="fl-11"/>
      </object_component>
      <object_component id="oc-19e">
         <name>.text:Device_init</name>
         <load_address>0xaf55</load_address>
         <run_address>0xaf55</run_address>
         <size>0x36</size>
         <input_file_ref idref="fl-6"/>
      </object_component>
      <object_component id="oc-3b6">
         <name>.text:_write_channel</name>
         <load_address>0xaf8b</load_address>
         <run_address>0xaf8b</run_address>
         <size>0x35</size>
         <input_file_ref idref="fl-3"/>
      </object_component>
      <object_component id="oc-46e">
         <name>.text:GPIO_setDirectionMode</name>
         <load_address>0xafc0</load_address>
         <run_address>0xafc0</run_address>
         <size>0x31</size>
         <input_file_ref idref="fl-f"/>
      </object_component>
      <object_component id="oc-1b7">
         <name>.text:NDT_initPulser</name>
         <load_address>0xaff1</load_address>
         <run_address>0xaff1</run_address>
         <size>0x2f</size>
         <input_file_ref idref="fl-2"/>
      </object_component>
      <object_component id="oc-466">
         <name>.text:ADC_setInterruptSOCTrigger</name>
         <load_address>0xb020</load_address>
         <run_address>0xb020</run_address>
         <size>0x2e</size>
         <input_file_ref idref="fl-4"/>
      </object_component>
      <object_component id="oc-14">
         <name>.text:decompress:lzss</name>
         <load_address>0xb04e</load_address>
         <run_address>0xb04e</run_address>
         <size>0x2e</size>
         <input_file_ref idref="fl-28"/>
      </object_component>
      <object_component id="oc-253">
         <name>.text:ndt_delay_us</name>
         <load_address>0xb07c</load_address>
         <run_address>0xb07c</run_address>
         <size>0x2e</size>
         <input_file_ref idref="fl-2"/>
      </object_component>
      <object_component id="oc-143">
         <name>.text:__TI_auto_init_nobinit_nopinit</name>
         <load_address>0xb0aa</load_address>
         <run_address>0xb0aa</run_address>
         <size>0x2b</size>
         <input_file_ref idref="fl-25"/>
      </object_component>
      <object_component id="oc-4f1">
         <name>.text:I2C_enableInterrupt</name>
         <load_address>0xb0d5</load_address>
         <run_address>0xb0d5</run_address>
         <size>0x2a</size>
         <input_file_ref idref="fl-10"/>
      </object_component>
      <object_component id="oc-3bc">
         <name>.text:_write_cc_pins</name>
         <load_address>0xb0ff</load_address>
         <run_address>0xb0ff</run_address>
         <size>0x2a</size>
         <input_file_ref idref="fl-3"/>
      </object_component>
      <object_component id="oc-1d2">
         <name>.text:max14808_set_mode</name>
         <load_address>0xb129</load_address>
         <run_address>0xb129</run_address>
         <size>0x29</size>
         <input_file_ref idref="fl-3"/>
      </object_component>
      <object_component id="oc-12e">
         <name>.text</name>
         <load_address>0xb152</load_address>
         <run_address>0xb152</run_address>
         <size>0x29</size>
         <input_file_ref idref="fl-29"/>
      </object_component>
      <object_component id="oc-277">
         <name>.text:_write_mode_pins</name>
         <load_address>0xb17b</load_address>
         <run_address>0xb17b</run_address>
         <size>0x28</size>
         <input_file_ref idref="fl-3"/>
      </object_component>
      <object_component id="oc-436">
         <name>.text:ADC_setVREF</name>
         <load_address>0xb1a3</load_address>
         <run_address>0xb1a3</run_address>
         <size>0x27</size>
         <input_file_ref idref="fl-d"/>
      </object_component>
      <object_component id="oc-4cc">
         <name>.text:I2C_setFIFOInterruptLevel</name>
         <load_address>0xb1ca</load_address>
         <run_address>0xb1ca</run_address>
         <size>0x26</size>
         <input_file_ref idref="fl-4"/>
      </object_component>
      <object_component id="oc-2c">
         <name>.text:INTERRUPT_init</name>
         <load_address>0xb1f0</load_address>
         <run_address>0xb1f0</run_address>
         <size>0x25</size>
         <input_file_ref idref="fl-4"/>
      </object_component>
      <object_component id="oc-3d3">
         <name>.text:SysCtl_selectXTALSingleEnded</name>
         <load_address>0xb215</load_address>
         <run_address>0xb215</run_address>
         <size>0x25</size>
         <input_file_ref idref="fl-12"/>
      </object_component>
      <object_component id="oc-416">
         <name>.text:DCC_enableSingleShotMode</name>
         <load_address>0xb23a</load_address>
         <run_address>0xb23a</run_address>
         <size>0x24</size>
         <input_file_ref idref="fl-12"/>
      </object_component>
      <object_component id="oc-4eb">
         <name>.text:I2C_clearInterruptStatus</name>
         <load_address>0xb25e</load_address>
         <run_address>0xb25e</run_address>
         <size>0x22</size>
         <input_file_ref idref="fl-10"/>
      </object_component>
      <object_component id="oc-52e">
         <name>.text:ADC_setOffsetTrimAll</name>
         <load_address>0xb280</load_address>
         <run_address>0xb280</run_address>
         <size>0x20</size>
         <input_file_ref idref="fl-d"/>
      </object_component>
      <object_component id="oc-4df">
         <name>.text:I2C_configureModuleFrequency</name>
         <load_address>0xb2a0</load_address>
         <run_address>0xb2a0</run_address>
         <size>0x20</size>
         <input_file_ref idref="fl-10"/>
      </object_component>
      <object_component id="oc-404">
         <name>.text:DCC_setCounter0ClkSource</name>
         <load_address>0xb2c0</load_address>
         <run_address>0xb2c0</run_address>
         <size>0x1e</size>
         <input_file_ref idref="fl-12"/>
      </object_component>
      <object_component id="oc-40a">
         <name>.text:DCC_setCounter1ClkSource</name>
         <load_address>0xb2de</load_address>
         <run_address>0xb2de</run_address>
         <size>0x1e</size>
         <input_file_ref idref="fl-12"/>
      </object_component>
      <object_component id="oc-3f">
         <name>.text:Interrupt_initVectorTable</name>
         <load_address>0xb2fc</load_address>
         <run_address>0xb2fc</run_address>
         <size>0x1e</size>
         <input_file_ref idref="fl-11"/>
      </object_component>
      <object_component id="oc-59">
         <name>.text</name>
         <load_address>0xb31a</load_address>
         <run_address>0xb31a</run_address>
         <size>0x1d</size>
         <input_file_ref idref="fl-2f"/>
      </object_component>
      <object_component id="oc-45a">
         <name>.text:ADC_setSOCPriority</name>
         <load_address>0xb337</load_address>
         <run_address>0xb337</run_address>
         <size>0x1c</size>
         <input_file_ref idref="fl-4"/>
      </object_component>
      <object_component id="oc-4a8">
         <name>.text:I2C_setOwnAddress</name>
         <load_address>0xb353</load_address>
         <run_address>0xb353</run_address>
         <size>0x1b</size>
         <input_file_ref idref="fl-4"/>
      </object_component>
      <object_component id="oc-4ae">
         <name>.text:I2C_setTargetAddress</name>
         <load_address>0xb36e</load_address>
         <run_address>0xb36e</run_address>
         <size>0x1b</size>
         <input_file_ref idref="fl-4"/>
      </object_component>
      <object_component id="oc-3b0">
         <name>.text</name>
         <load_address>0xb389</load_address>
         <run_address>0xb389</run_address>
         <size>0x1b</size>
         <input_file_ref idref="fl-20"/>
      </object_component>
      <object_component id="oc-4c0">
         <name>.text:I2C_setAddressMode</name>
         <load_address>0xb3a4</load_address>
         <run_address>0xb3a4</run_address>
         <size>0x1a</size>
         <input_file_ref idref="fl-4"/>
      </object_component>
      <object_component id="oc-4b4">
         <name>.text:I2C_setBitCount</name>
         <load_address>0xb3be</load_address>
         <run_address>0xb3be</run_address>
         <size>0x1a</size>
         <input_file_ref idref="fl-4"/>
      </object_component>
      <object_component id="oc-49c">
         <name>.text:I2C_setConfig</name>
         <load_address>0xb3d8</load_address>
         <run_address>0xb3d8</run_address>
         <size>0x1a</size>
         <input_file_ref idref="fl-4"/>
      </object_component>
      <object_component id="oc-4d2">
         <name>.text:I2C_setEmulationMode</name>
         <load_address>0xb3f2</load_address>
         <run_address>0xb3f2</run_address>
         <size>0x1a</size>
         <input_file_ref idref="fl-4"/>
      </object_component>
      <object_component id="oc-20a">
         <name>.text:SysCtl_getLowSpeedClock</name>
         <load_address>0xb40c</load_address>
         <run_address>0xb40c</run_address>
         <size>0x1a</size>
         <input_file_ref idref="fl-12"/>
      </object_component>
      <object_component id="oc-29a">
         <name>.text:SysCtl_setPLLSysClk</name>
         <load_address>0xb426</load_address>
         <run_address>0xb426</run_address>
         <size>0x19</size>
         <input_file_ref idref="fl-12"/>
      </object_component>
      <object_component id="oc-4e5">
         <name>.text:I2C_disableFIFO</name>
         <load_address>0xb43f</load_address>
         <run_address>0xb43f</run_address>
         <size>0x18</size>
         <input_file_ref idref="fl-4"/>
      </object_component>
      <object_component id="oc-4c6">
         <name>.text:I2C_enableFIFO</name>
         <load_address>0xb457</load_address>
         <run_address>0xb457</run_address>
         <size>0x18</size>
         <input_file_ref idref="fl-4"/>
      </object_component>
      <object_component id="oc-25f">
         <name>.text:max14808_set_current</name>
         <load_address>0xb46f</load_address>
         <run_address>0xb46f</run_address>
         <size>0x18</size>
         <input_file_ref idref="fl-3"/>
      </object_component>
      <object_component id="oc-2d3">
         <name>.text:ASysCtl_setAnalogReferenceExternal</name>
         <load_address>0xb487</load_address>
         <run_address>0xb487</run_address>
         <size>0x17</size>
         <input_file_ref idref="fl-4"/>
      </object_component>
      <object_component id="oc-2ac">
         <name>.text:SysCtl_enablePeripheral</name>
         <load_address>0xb49e</load_address>
         <run_address>0xb49e</run_address>
         <size>0x17</size>
         <input_file_ref idref="fl-6"/>
      </object_component>
      <object_component id="oc-3e0">
         <name>.text:SysCtl_enablePeripheral</name>
         <load_address>0xb4b5</load_address>
         <run_address>0xb4b5</run_address>
         <size>0x17</size>
         <input_file_ref idref="fl-12"/>
      </object_component>
      <object_component id="oc-d1">
         <name>.text</name>
         <load_address>0xb4cc</load_address>
         <run_address>0xb4cc</run_address>
         <size>0x17</size>
         <input_file_ref idref="fl-1e"/>
      </object_component>
      <object_component id="oc-73">
         <name>.text:ADC_readResult</name>
         <load_address>0xb4e3</load_address>
         <run_address>0xb4e3</run_address>
         <size>0x16</size>
         <input_file_ref idref="fl-2"/>
      </object_component>
      <object_component id="oc-448">
         <name>.text:ADC_setInterruptCycleOffset</name>
         <load_address>0xb4f9</load_address>
         <run_address>0xb4f9</run_address>
         <size>0x16</size>
         <input_file_ref idref="fl-4"/>
      </object_component>
      <object_component id="oc-442">
         <name>.text:ADC_setInterruptPulseMode</name>
         <load_address>0xb50f</load_address>
         <run_address>0xb50f</run_address>
         <size>0x16</size>
         <input_file_ref idref="fl-4"/>
      </object_component>
      <object_component id="oc-43c">
         <name>.text:ADC_setPrescaler</name>
         <load_address>0xb525</load_address>
         <run_address>0xb525</run_address>
         <size>0x16</size>
         <input_file_ref idref="fl-4"/>
      </object_component>
      <object_component id="oc-3fe">
         <name>.text:DCC_disableDoneSignal</name>
         <load_address>0xb53b</load_address>
         <run_address>0xb53b</run_address>
         <size>0x16</size>
         <input_file_ref idref="fl-12"/>
      </object_component>
      <object_component id="oc-3e">
         <name>.text:Interrupt_defaultHandler</name>
         <load_address>0xb551</load_address>
         <run_address>0xb551</run_address>
         <size>0x16</size>
         <input_file_ref idref="fl-11"/>
      </object_component>
      <object_component id="oc-3a1">
         <name>.text</name>
         <load_address>0xb567</load_address>
         <run_address>0xb567</run_address>
         <size>0x16</size>
         <input_file_ref idref="fl-22"/>
      </object_component>
      <object_component id="oc-454">
         <name>.text:ADC_disableBurstMode</name>
         <load_address>0xb57d</load_address>
         <run_address>0xb57d</run_address>
         <size>0x15</size>
         <input_file_ref idref="fl-4"/>
      </object_component>
      <object_component id="oc-3ec">
         <name>.text:DCC_clearDoneFlag</name>
         <load_address>0xb592</load_address>
         <run_address>0xb592</run_address>
         <size>0x15</size>
         <input_file_ref idref="fl-12"/>
      </object_component>
      <object_component id="oc-3e6">
         <name>.text:DCC_clearErrorFlag</name>
         <load_address>0xb5a7</load_address>
         <run_address>0xb5a7</run_address>
         <size>0x15</size>
         <input_file_ref idref="fl-12"/>
      </object_component>
      <object_component id="oc-3f8">
         <name>.text:DCC_disableErrorSignal</name>
         <load_address>0xb5bc</load_address>
         <run_address>0xb5bc</run_address>
         <size>0x15</size>
         <input_file_ref idref="fl-12"/>
      </object_component>
      <object_component id="oc-513">
         <name>.text:DCC_isBaseValid</name>
         <load_address>0xb5d1</load_address>
         <run_address>0xb5d1</run_address>
         <size>0x15</size>
         <input_file_ref idref="fl-12"/>
      </object_component>
      <object_component id="oc-79">
         <name>.text:ADC_clearInterruptStatus</name>
         <load_address>0xb5e6</load_address>
         <run_address>0xb5e6</run_address>
         <size>0x14</size>
         <input_file_ref idref="fl-2"/>
      </object_component>
      <object_component id="oc-26e">
         <name>.text:ADC_forceMultipleSOC</name>
         <load_address>0xb5fa</load_address>
         <run_address>0xb5fa</run_address>
         <size>0x14</size>
         <input_file_ref idref="fl-2"/>
      </object_component>
      <object_component id="oc-3f2">
         <name>.text:DCC_disableModule</name>
         <load_address>0xb60e</load_address>
         <run_address>0xb60e</run_address>
         <size>0x14</size>
         <input_file_ref idref="fl-12"/>
      </object_component>
      <object_component id="oc-41c">
         <name>.text:DCC_enableModule</name>
         <load_address>0xb622</load_address>
         <run_address>0xb622</run_address>
         <size>0x14</size>
         <input_file_ref idref="fl-12"/>
      </object_component>
      <object_component id="oc-42b">
         <name>.text:GPIO_isPinValid</name>
         <load_address>0xb636</load_address>
         <run_address>0xb636</run_address>
         <size>0x14</size>
         <input_file_ref idref="fl-f"/>
      </object_component>
      <object_component id="oc-10e">
         <name>.text:GPIO_isPinValid</name>
         <load_address>0xb64a</load_address>
         <run_address>0xb64a</run_address>
         <size>0x14</size>
         <input_file_ref idref="fl-2"/>
      </object_component>
      <object_component id="oc-b4">
         <name>.text:I2C_putData</name>
         <load_address>0xb65e</load_address>
         <run_address>0xb65e</run_address>
         <size>0x14</size>
         <input_file_ref idref="fl-2"/>
      </object_component>
      <object_component id="oc-210">
         <name>.text:SysCtl_deviceCal</name>
         <load_address>0xb672</load_address>
         <run_address>0xb672</run_address>
         <size>0x14</size>
         <input_file_ref idref="fl-6"/>
      </object_component>
      <object_component id="oc-44e">
         <name>.text:ADC_enableConverter</name>
         <load_address>0xb686</load_address>
         <run_address>0xb686</run_address>
         <size>0x13</size>
         <input_file_ref idref="fl-4"/>
      </object_component>
      <object_component id="oc-536">
         <name>.text:ADC_isBaseValid</name>
         <load_address>0xb699</load_address>
         <run_address>0xb699</run_address>
         <size>0x13</size>
         <input_file_ref idref="fl-4"/>
      </object_component>
      <object_component id="oc-527">
         <name>.text:ADC_isBaseValid</name>
         <load_address>0xb6ac</load_address>
         <run_address>0xb6ac</run_address>
         <size>0x13</size>
         <input_file_ref idref="fl-d"/>
      </object_component>
      <object_component id="oc-df">
         <name>.text:ADC_isBaseValid</name>
         <load_address>0xb6bf</load_address>
         <run_address>0xb6bf</run_address>
         <size>0x13</size>
         <input_file_ref idref="fl-2"/>
      </object_component>
      <object_component id="oc-4a2">
         <name>.text:I2C_disableLoopback</name>
         <load_address>0xb6d2</load_address>
         <run_address>0xb6d2</run_address>
         <size>0x13</size>
         <input_file_ref idref="fl-4"/>
      </object_component>
      <object_component id="oc-490">
         <name>.text:I2C_disableModule</name>
         <load_address>0xb6e5</load_address>
         <run_address>0xb6e5</run_address>
         <size>0x13</size>
         <input_file_ref idref="fl-4"/>
      </object_component>
      <object_component id="oc-4d8">
         <name>.text:I2C_enableModule</name>
         <load_address>0xb6f8</load_address>
         <run_address>0xb6f8</run_address>
         <size>0x13</size>
         <input_file_ref idref="fl-4"/>
      </object_component>
      <object_component id="oc-a2">
         <name>.text:I2C_getInterruptSource</name>
         <load_address>0xb70b</load_address>
         <run_address>0xb70b</run_address>
         <size>0x13</size>
         <input_file_ref idref="fl-2"/>
      </object_component>
      <object_component id="oc-545">
         <name>.text:I2C_isBaseValid</name>
         <load_address>0xb71e</load_address>
         <run_address>0xb71e</run_address>
         <size>0x13</size>
         <input_file_ref idref="fl-4"/>
      </object_component>
      <object_component id="oc-54c">
         <name>.text:I2C_isBaseValid</name>
         <load_address>0xb731</load_address>
         <run_address>0xb731</run_address>
         <size>0x13</size>
         <input_file_ref idref="fl-10"/>
      </object_component>
      <object_component id="oc-106">
         <name>.text:I2C_isBaseValid</name>
         <load_address>0xb744</load_address>
         <run_address>0xb744</run_address>
         <size>0x13</size>
         <input_file_ref idref="fl-2"/>
      </object_component>
      <object_component id="oc-4ba">
         <name>.text:I2C_setDataCount</name>
         <load_address>0xb757</load_address>
         <run_address>0xb757</run_address>
         <size>0x12</size>
         <input_file_ref idref="fl-4"/>
      </object_component>
      <object_component id="oc-365">
         <name>.text:AFE_GAIN_A1_init</name>
         <load_address>0xb769</load_address>
         <run_address>0xb769</run_address>
         <size>0x10</size>
         <input_file_ref idref="fl-4"/>
      </object_component>
      <object_component id="oc-36b">
         <name>.text:AFE_GAIN_A2_init</name>
         <load_address>0xb779</load_address>
         <run_address>0xb779</run_address>
         <size>0x10</size>
         <input_file_ref idref="fl-4"/>
      </object_component>
      <object_component id="oc-371">
         <name>.text:AFE_GAIN_B1_init</name>
         <load_address>0xb789</load_address>
         <run_address>0xb789</run_address>
         <size>0x10</size>
         <input_file_ref idref="fl-4"/>
      </object_component>
      <object_component id="oc-377">
         <name>.text:AFE_GAIN_B2_init</name>
         <load_address>0xb799</load_address>
         <run_address>0xb799</run_address>
         <size>0x10</size>
         <input_file_ref idref="fl-4"/>
      </object_component>
      <object_component id="oc-34d">
         <name>.text:Analog_EN_init</name>
         <load_address>0xb7a9</load_address>
         <run_address>0xb7a9</run_address>
         <size>0x10</size>
         <input_file_ref idref="fl-4"/>
      </object_component>
      <object_component id="oc-383">
         <name>.text:BOOT0_init</name>
         <load_address>0xb7b9</load_address>
         <run_address>0xb7b9</run_address>
         <size>0x10</size>
         <input_file_ref idref="fl-4"/>
      </object_component>
      <object_component id="oc-389">
         <name>.text:BOOT1_init</name>
         <load_address>0xb7c9</load_address>
         <run_address>0xb7c9</run_address>
         <size>0x10</size>
         <input_file_ref idref="fl-4"/>
      </object_component>
      <object_component id="oc-2ff">
         <name>.text:CH1_A_MCU_init</name>
         <load_address>0xb7d9</load_address>
         <run_address>0xb7d9</run_address>
         <size>0x10</size>
         <input_file_ref idref="fl-4"/>
      </object_component>
      <object_component id="oc-305">
         <name>.text:CH1_B_MCU_init</name>
         <load_address>0xb7e9</load_address>
         <run_address>0xb7e9</run_address>
         <size>0x10</size>
         <input_file_ref idref="fl-4"/>
      </object_component>
      <object_component id="oc-30b">
         <name>.text:CH2_A_MCU_init</name>
         <load_address>0xb7f9</load_address>
         <run_address>0xb7f9</run_address>
         <size>0x10</size>
         <input_file_ref idref="fl-4"/>
      </object_component>
      <object_component id="oc-311">
         <name>.text:CH2_B_MCU_init</name>
         <load_address>0xb809</load_address>
         <run_address>0xb809</run_address>
         <size>0x10</size>
         <input_file_ref idref="fl-4"/>
      </object_component>
      <object_component id="oc-33b">
         <name>.text:CH3_A_MCU_init</name>
         <load_address>0xb819</load_address>
         <run_address>0xb819</run_address>
         <size>0x10</size>
         <input_file_ref idref="fl-4"/>
      </object_component>
      <object_component id="oc-335">
         <name>.text:CH3_B_MCU_init</name>
         <load_address>0xb829</load_address>
         <run_address>0xb829</run_address>
         <size>0x10</size>
         <input_file_ref idref="fl-4"/>
      </object_component>
      <object_component id="oc-2f3">
         <name>.text:CH4_A_MCU_init</name>
         <load_address>0xb839</load_address>
         <run_address>0xb839</run_address>
         <size>0x10</size>
         <input_file_ref idref="fl-4"/>
      </object_component>
      <object_component id="oc-2f9">
         <name>.text:CH4_B_MCU_init</name>
         <load_address>0xb849</load_address>
         <run_address>0xb849</run_address>
         <size>0x10</size>
         <input_file_ref idref="fl-4"/>
      </object_component>
      <object_component id="oc-2ed">
         <name>.text:CH5_A_MCU_init</name>
         <load_address>0xb859</load_address>
         <run_address>0xb859</run_address>
         <size>0x10</size>
         <input_file_ref idref="fl-4"/>
      </object_component>
      <object_component id="oc-31d">
         <name>.text:CH6_A_MCU_init</name>
         <load_address>0xb869</load_address>
         <run_address>0xb869</run_address>
         <size>0x10</size>
         <input_file_ref idref="fl-4"/>
      </object_component>
      <object_component id="oc-317">
         <name>.text:CH6_B_MCU_init</name>
         <load_address>0xb879</load_address>
         <run_address>0xb879</run_address>
         <size>0x10</size>
         <input_file_ref idref="fl-4"/>
      </object_component>
      <object_component id="oc-323">
         <name>.text:CH7_A_MCU_init</name>
         <load_address>0xb889</load_address>
         <run_address>0xb889</run_address>
         <size>0x10</size>
         <input_file_ref idref="fl-4"/>
      </object_component>
      <object_component id="oc-329">
         <name>.text:CH7_B_MCU_init</name>
         <load_address>0xb899</load_address>
         <run_address>0xb899</run_address>
         <size>0x10</size>
         <input_file_ref idref="fl-4"/>
      </object_component>
      <object_component id="oc-32f">
         <name>.text:CH8_A_MCU_init</name>
         <load_address>0xb8a9</load_address>
         <run_address>0xb8a9</run_address>
         <size>0x10</size>
         <input_file_ref idref="fl-4"/>
      </object_component>
      <object_component id="oc-341">
         <name>.text:CH8_B_MCU_init</name>
         <load_address>0xb8b9</load_address>
         <run_address>0xb8b9</run_address>
         <size>0x10</size>
         <input_file_ref idref="fl-4"/>
      </object_component>
      <object_component id="oc-a8">
         <name>.text:I2C_getData</name>
         <load_address>0xb8c9</load_address>
         <run_address>0xb8c9</run_address>
         <size>0x10</size>
         <input_file_ref idref="fl-2"/>
      </object_component>
      <object_component id="oc-35f">
         <name>.text:MCU_LED_init</name>
         <load_address>0xb8d9</load_address>
         <run_address>0xb8d9</run_address>
         <size>0x10</size>
         <input_file_ref idref="fl-4"/>
      </object_component>
      <object_component id="oc-353">
         <name>.text:MODE0_init</name>
         <load_address>0xb8e9</load_address>
         <run_address>0xb8e9</run_address>
         <size>0x10</size>
         <input_file_ref idref="fl-4"/>
      </object_component>
      <object_component id="oc-359">
         <name>.text:MODE1_init</name>
         <load_address>0xb8f9</load_address>
         <run_address>0xb8f9</run_address>
         <size>0x10</size>
         <input_file_ref idref="fl-4"/>
      </object_component>
      <object_component id="oc-347">
         <name>.text:Pulser_EN_init</name>
         <load_address>0xb909</load_address>
         <run_address>0xb909</run_address>
         <size>0x10</size>
         <input_file_ref idref="fl-4"/>
      </object_component>
      <object_component id="oc-37d">
         <name>.text:THP_init</name>
         <load_address>0xb919</load_address>
         <run_address>0xb919</run_address>
         <size>0x10</size>
         <input_file_ref idref="fl-4"/>
      </object_component>
      <object_component id="oc-1aa">
         <name>.text:Board_init</name>
         <load_address>0xb929</load_address>
         <run_address>0xb929</run_address>
         <size>0xf</size>
         <input_file_ref idref="fl-4"/>
      </object_component>
      <object_component id="oc-2e7">
         <name>.text:CH5_B_MCU_init</name>
         <load_address>0xb938</load_address>
         <run_address>0xb938</run_address>
         <size>0xf</size>
         <input_file_ref idref="fl-4"/>
      </object_component>
      <object_component id="oc-8d">
         <name>.text:Interrupt_register</name>
         <load_address>0xb947</load_address>
         <run_address>0xb947</run_address>
         <size>0xf</size>
         <input_file_ref idref="fl-4"/>
      </object_component>
      <object_component id="oc-3ab">
         <name>.text</name>
         <load_address>0xb956</load_address>
         <run_address>0xb956</run_address>
         <size>0xe</size>
         <input_file_ref idref="fl-1f"/>
      </object_component>
      <object_component id="oc-ef">
         <name>.text:Interrupt_disableGlobal</name>
         <load_address>0xb964</load_address>
         <run_address>0xb964</run_address>
         <size>0xd</size>
         <input_file_ref idref="fl-11"/>
      </object_component>
      <object_component id="oc-fb">
         <name>.text:Interrupt_enableGlobal</name>
         <load_address>0xb971</load_address>
         <run_address>0xb971</run_address>
         <size>0xd</size>
         <input_file_ref idref="fl-11"/>
      </object_component>
      <object_component id="oc-1bd">
         <name>.text:Interrupt_enableGlobal</name>
         <load_address>0xb97e</load_address>
         <run_address>0xb97e</run_address>
         <size>0xd</size>
         <input_file_ref idref="fl-2"/>
      </object_component>
      <object_component id="oc-1fd">
         <name>.text:SysCtl_setLowSpeedClock</name>
         <load_address>0xb98b</load_address>
         <run_address>0xb98b</run_address>
         <size>0xd</size>
         <input_file_ref idref="fl-6"/>
      </object_component>
      <object_component id="oc-61">
         <name>.text:decompress:ZI:__TI_zero_init_nomemset</name>
         <load_address>0xb998</load_address>
         <run_address>0xb998</run_address>
         <size>0xd</size>
         <input_file_ref idref="fl-26"/>
      </object_component>
      <object_component id="oc-128">
         <name>.text</name>
         <load_address>0xb9a5</load_address>
         <run_address>0xb9a5</run_address>
         <size>0xc</size>
         <input_file_ref idref="fl-2b"/>
      </object_component>
      <object_component id="oc-1f1">
         <name>.text:SysCtl_disableWatchdog</name>
         <load_address>0xb9b1</load_address>
         <run_address>0xb9b1</run_address>
         <size>0xb</size>
         <input_file_ref idref="fl-6"/>
      </object_component>
      <object_component id="oc-28e">
         <name>.text:SysCtl_isMCDClockFailureDetected</name>
         <load_address>0xb9bc</load_address>
         <run_address>0xb9bc</run_address>
         <size>0xb</size>
         <input_file_ref idref="fl-12"/>
      </object_component>
      <object_component id="oc-4a">
         <name>.text:Interrupt_illegalOperationHandler</name>
         <load_address>0xb9c7</load_address>
         <run_address>0xb9c7</run_address>
         <size>0xa</size>
         <input_file_ref idref="fl-11"/>
      </object_component>
      <object_component id="oc-50">
         <name>.text:Interrupt_nmiHandler</name>
         <load_address>0xb9d1</load_address>
         <run_address>0xb9d1</run_address>
         <size>0xa</size>
         <input_file_ref idref="fl-11"/>
      </object_component>
      <object_component id="oc-24d">
         <name>.text:ndt_gpio_write</name>
         <load_address>0xb9db</load_address>
         <run_address>0xb9db</run_address>
         <size>0x9</size>
         <input_file_ref idref="fl-2"/>
      </object_component>
      <object_component id="oc-1de">
         <name>.text</name>
         <load_address>0xb9e4</load_address>
         <run_address>0xb9e4</run_address>
         <size>0x9</size>
         <input_file_ref idref="fl-2a"/>
      </object_component>
      <object_component id="oc-1a">
         <name>.text:decompress:none</name>
         <load_address>0xb9ed</load_address>
         <run_address>0xb9ed</run_address>
         <size>0x8</size>
         <input_file_ref idref="fl-27"/>
      </object_component>
      <object_component id="oc-6d">
         <name>.text</name>
         <load_address>0xb9f5</load_address>
         <run_address>0xb9f5</run_address>
         <size>0x8</size>
         <input_file_ref idref="fl-7"/>
      </object_component>
      <object_component id="oc-2cd">
         <name>.text:ASysCtl_disableTemperatureSensor</name>
         <load_address>0xb9fd</load_address>
         <run_address>0xb9fd</run_address>
         <size>0x7</size>
         <input_file_ref idref="fl-4"/>
      </object_component>
      <object_component id="oc-21c">
         <name>.text:ASysCtl_lockVREG</name>
         <load_address>0xba04</load_address>
         <run_address>0xba04</run_address>
         <size>0x7</size>
         <input_file_ref idref="fl-6"/>
      </object_component>
      <object_component id="oc-509">
         <name>.text:SysCtl_resetMCD</name>
         <load_address>0xba0b</load_address>
         <run_address>0xba0b</run_address>
         <size>0x7</size>
         <input_file_ref idref="fl-12"/>
      </object_component>
      <object_component id="oc-d8">
         <name>.text:__error__</name>
         <load_address>0xba12</load_address>
         <run_address>0xba12</run_address>
         <size>0x7</size>
         <input_file_ref idref="fl-6"/>
      </object_component>
      <object_component id="oc-22a">
         <name>.text:ASYSCTL_init</name>
         <load_address>0xba19</load_address>
         <run_address>0xba19</run_address>
         <size>0x6</size>
         <input_file_ref idref="fl-4"/>
      </object_component>
      <object_component id="oc-7f">
         <name>.text:Interrupt_clearACKGroup</name>
         <load_address>0xba1f</load_address>
         <run_address>0xba1f</run_address>
         <size>0x6</size>
         <input_file_ref idref="fl-2"/>
      </object_component>
      <object_component id="oc-247">
         <name>.text:ndt_gpio_read</name>
         <load_address>0xba25</load_address>
         <run_address>0xba25</run_address>
         <size>0x6</size>
         <input_file_ref idref="fl-2"/>
      </object_component>
      <object_component id="oc-230">
         <name>.text:ADC_init</name>
         <load_address>0xba2b</load_address>
         <run_address>0xba2b</run_address>
         <size>0x5</size>
         <input_file_ref idref="fl-4"/>
      </object_component>
      <object_component id="oc-23c">
         <name>.text:I2C_init</name>
         <load_address>0xba30</load_address>
         <run_address>0xba30</run_address>
         <size>0x5</size>
         <input_file_ref idref="fl-4"/>
      </object_component>
      <object_component id="oc-121">
         <name>.text</name>
         <load_address>0xba35</load_address>
         <run_address>0xba35</run_address>
         <size>0x2</size>
         <input_file_ref idref="fl-24"/>
      </object_component>
      <object_component id="oc-189">
         <name>.text</name>
         <load_address>0xba37</load_address>
         <run_address>0xba37</run_address>
         <size>0x1</size>
         <input_file_ref idref="fl-30"/>
      </object_component>
      <object_component id="oc-1b6">
         <name>.TI.ramfunc</name>
         <load_address>0x128</load_address>
         <run_address>0x128</run_address>
         <size>0x4</size>
         <input_file_ref idref="fl-12"/>
      </object_component>
      <object_component id="oc-59d">
         <name>.cinit..data.load</name>
         <load_address>0x12c</load_address>
         <run_address>0x12c</run_address>
         <size>0xa</size>
      </object_component>
      <object_component id="oc-59a">
         <name>__TI_handler_table</name>
         <load_address>0x136</load_address>
         <run_address>0x136</run_address>
         <size>0x6</size>
      </object_component>
      <object_component id="oc-59c">
         <name>.cinit..bss.load</name>
         <load_address>0x13c</load_address>
         <run_address>0x13c</run_address>
         <size>0x4</size>
      </object_component>
      <object_component id="oc-59b">
         <name>__TI_cinit_table</name>
         <load_address>0x140</load_address>
         <run_address>0x140</run_address>
         <size>0x8</size>
      </object_component>
      <object_component id="oc-21">
         <name>codestart</name>
         <load_address>0x0</load_address>
         <run_address>0x0</run_address>
         <size>0x2</size>
         <input_file_ref idref="fl-7"/>
      </object_component>
      <object_component id="oc-56">
         <name>.stack</name>
         <uninitialized>true</uninitialized>
         <run_address>0x400</run_address>
         <size>0x0</size>
         <input_file_ref idref="fl-1e"/>
      </object_component>
      <object_component id="oc-59e">
         <name>.stack</name>
         <uninitialized>true</uninitialized>
         <run_address>0x400</run_address>
         <size>0x0</size>
      </object_component>
      <object_component id="oc-1cf">
         <name>.bss</name>
         <uninitialized>true</uninitialized>
         <run_address>0xba40</run_address>
         <size>0x3c</size>
         <input_file_ref idref="fl-2"/>
      </object_component>
      <object_component id="oc-434">
         <name>.const:.string</name>
         <load_address>0xba7c</load_address>
         <run_address>0xba7c</run_address>
         <size>0xbe</size>
         <input_file_ref idref="fl-4"/>
      </object_component>
      <object_component id="oc-d7">
         <name>.const:.string</name>
         <load_address>0xbb3a</load_address>
         <run_address>0xbb3a</run_address>
         <size>0xbc</size>
         <input_file_ref idref="fl-2"/>
      </object_component>
      <object_component id="oc-28d">
         <name>.const:.string</name>
         <load_address>0xbbf6</load_address>
         <run_address>0xbbf6</run_address>
         <size>0x9a</size>
         <input_file_ref idref="fl-12"/>
      </object_component>
      <object_component id="oc-429">
         <name>.const:.string</name>
         <load_address>0xbc90</load_address>
         <run_address>0xbc90</run_address>
         <size>0x98</size>
         <input_file_ref idref="fl-f"/>
      </object_component>
      <object_component id="oc-209">
         <name>.const:.string</name>
         <load_address>0xbd28</load_address>
         <run_address>0xbd28</run_address>
         <size>0x55</size>
         <input_file_ref idref="fl-6"/>
      </object_component>
      <object_component id="oc-139">
         <name>.const:.string</name>
         <load_address>0xbd7e</load_address>
         <run_address>0xbd7e</run_address>
         <size>0x51</size>
         <input_file_ref idref="fl-11"/>
      </object_component>
      <object_component id="oc-52d">
         <name>.const:.string</name>
         <load_address>0xbdd0</load_address>
         <run_address>0xbdd0</run_address>
         <size>0x4b</size>
         <input_file_ref idref="fl-d"/>
      </object_component>
      <object_component id="oc-552">
         <name>.const:.string</name>
         <load_address>0xbe1c</load_address>
         <run_address>0xbe1c</run_address>
         <size>0x4b</size>
         <input_file_ref idref="fl-10"/>
      </object_component>
      <object_component id="oc-244">
         <name>.const</name>
         <load_address>0xbe80</load_address>
         <run_address>0xbe80</run_address>
         <size>0x3c</size>
         <input_file_ref idref="fl-2"/>
      </object_component>
      <object_component id="oc-88">
         <name>.data</name>
         <load_address>0xbeca</load_address>
         <run_address>0xbeca</run_address>
         <size>0x3</size>
         <input_file_ref idref="fl-2"/>
      </object_component>
      <object_component id="oc-85">
         <name>.data:g_adcBuf</name>
         <load_address>0xbebc</load_address>
         <run_address>0xbebc</run_address>
         <size>0x8</size>
         <input_file_ref idref="fl-2"/>
      </object_component>
      <object_component id="oc-17b">
         <name>.data</name>
         <load_address>0xbec4</load_address>
         <run_address>0xbec4</run_address>
         <size>0x6</size>
         <input_file_ref idref="fl-29"/>
      </object_component>
      <object_component id="oc-17e">
         <name>.data:_lock</name>
         <load_address>0xbece</load_address>
         <run_address>0xbece</run_address>
         <size>0x2</size>
         <input_file_ref idref="fl-2a"/>
      </object_component>
      <object_component id="oc-27f">
         <name>.data:_unlock</name>
         <load_address>0xbed0</load_address>
         <run_address>0xbed0</run_address>
         <size>0x2</size>
         <input_file_ref idref="fl-2a"/>
      </object_component>
      <object_component id="oc-8c">
         <name>.debug_types</name>
         <load_address>0x0</load_address>
         <run_address>0x0</run_address>
         <size>0x11ea</size>
         <input_file_ref idref="fl-2"/>
      </object_component>
      <object_component id="oc-27e">
         <name>.debug_types</name>
         <load_address>0x11ea</load_address>
         <run_address>0x11ea</run_address>
         <size>0x2fc</size>
         <input_file_ref idref="fl-3"/>
      </object_component>
      <object_component id="oc-a0">
         <name>.debug_types</name>
         <load_address>0x14e6</load_address>
         <run_address>0x14e6</run_address>
         <size>0x1308</size>
         <input_file_ref idref="fl-4"/>
      </object_component>
      <object_component id="oc-136">
         <name>.debug_types</name>
         <load_address>0x27ee</load_address>
         <run_address>0x27ee</run_address>
         <size>0xa50</size>
         <input_file_ref idref="fl-6"/>
      </object_component>
      <object_component id="oc-535">
         <name>.debug_types</name>
         <load_address>0x323e</load_address>
         <run_address>0x323e</run_address>
         <size>0x17c</size>
         <input_file_ref idref="fl-d"/>
      </object_component>
      <object_component id="oc-428">
         <name>.debug_types</name>
         <load_address>0x33ba</load_address>
         <run_address>0x33ba</run_address>
         <size>0x24d</size>
         <input_file_ref idref="fl-f"/>
      </object_component>
      <object_component id="oc-554">
         <name>.debug_types</name>
         <load_address>0x0</load_address>
         <run_address>0x0</run_address>
         <size>0x0</size>
         <input_file_ref idref="fl-10"/>
      </object_component>
      <object_component id="oc-bc">
         <name>.debug_types</name>
         <load_address>0x0</load_address>
         <run_address>0x0</run_address>
         <size>0x0</size>
         <input_file_ref idref="fl-11"/>
      </object_component>
      <object_component id="oc-2a7">
         <name>.debug_types</name>
         <load_address>0x3607</load_address>
         <run_address>0x3607</run_address>
         <size>0x716</size>
         <input_file_ref idref="fl-12"/>
      </object_component>
      <object_component id="oc-142">
         <name>.debug_types</name>
         <load_address>0x0</load_address>
         <run_address>0x0</run_address>
         <size>0x0</size>
         <input_file_ref idref="fl-24"/>
      </object_component>
      <object_component id="oc-190">
         <name>.debug_types</name>
         <load_address>0x3d1d</load_address>
         <run_address>0x3d1d</run_address>
         <size>0x46c</size>
         <input_file_ref idref="fl-25"/>
      </object_component>
      <object_component id="oc-c9">
         <name>.debug_types</name>
         <load_address>0x4189</load_address>
         <run_address>0x4189</run_address>
         <size>0x1f3</size>
         <input_file_ref idref="fl-26"/>
      </object_component>
      <object_component id="oc-60">
         <name>.debug_types</name>
         <load_address>0x0</load_address>
         <run_address>0x0</run_address>
         <size>0x0</size>
         <input_file_ref idref="fl-27"/>
      </object_component>
      <object_component id="oc-58">
         <name>.debug_types</name>
         <load_address>0x437c</load_address>
         <run_address>0x437c</run_address>
         <size>0x191</size>
         <input_file_ref idref="fl-28"/>
      </object_component>
      <object_component id="oc-182">
         <name>.debug_types</name>
         <load_address>0x450d</load_address>
         <run_address>0x450d</run_address>
         <size>0xbf</size>
         <input_file_ref idref="fl-29"/>
      </object_component>
      <object_component id="oc-1e6">
         <name>.debug_types</name>
         <load_address>0x45cc</load_address>
         <run_address>0x45cc</run_address>
         <size>0x2f</size>
         <input_file_ref idref="fl-2a"/>
      </object_component>
      <object_component id="oc-17a">
         <name>.debug_types</name>
         <load_address>0x45fb</load_address>
         <run_address>0x45fb</run_address>
         <size>0xe1</size>
         <input_file_ref idref="fl-2b"/>
      </object_component>
      <object_component id="oc-c4">
         <name>.debug_types</name>
         <load_address>0x46dc</load_address>
         <run_address>0x46dc</run_address>
         <size>0xb8</size>
         <input_file_ref idref="fl-2f"/>
      </object_component>
      <object_component id="oc-1eb">
         <name>.debug_types</name>
         <load_address>0x0</load_address>
         <run_address>0x0</run_address>
         <size>0x0</size>
         <input_file_ref idref="fl-30"/>
      </object_component>
      <object_component id="oc-89">
         <name>.debug_info</name>
         <load_address>0x0</load_address>
         <run_address>0x0</run_address>
         <size>0x142</size>
         <input_file_ref idref="fl-2"/>
      </object_component>
      <object_component id="oc-86">
         <name>.debug_info</name>
         <load_address>0x142</load_address>
         <run_address>0x142</run_address>
         <size>0xe6</size>
         <input_file_ref idref="fl-2"/>
      </object_component>
      <object_component id="oc-245">
         <name>.debug_info</name>
         <load_address>0x228</load_address>
         <run_address>0x228</run_address>
         <size>0xe4</size>
         <input_file_ref idref="fl-2"/>
      </object_component>
      <object_component id="oc-1d0">
         <name>.debug_info</name>
         <load_address>0x30c</load_address>
         <run_address>0x30c</run_address>
         <size>0xe6</size>
         <input_file_ref idref="fl-2"/>
      </object_component>
      <object_component id="oc-e3">
         <name>.debug_info</name>
         <load_address>0x3f2</load_address>
         <run_address>0x3f2</run_address>
         <size>0x16c</size>
         <input_file_ref idref="fl-2"/>
      </object_component>
      <object_component id="oc-272">
         <name>.debug_info</name>
         <load_address>0x55e</load_address>
         <run_address>0x55e</run_address>
         <size>0x1b9</size>
         <input_file_ref idref="fl-2"/>
      </object_component>
      <object_component id="oc-7d">
         <name>.debug_info</name>
         <load_address>0x717</load_address>
         <run_address>0x717</run_address>
         <size>0x1c5</size>
         <input_file_ref idref="fl-2"/>
      </object_component>
      <object_component id="oc-77">
         <name>.debug_info</name>
         <load_address>0x8dc</load_address>
         <run_address>0x8dc</run_address>
         <size>0x1b0</size>
         <input_file_ref idref="fl-2"/>
      </object_component>
      <object_component id="oc-1c1">
         <name>.debug_info</name>
         <load_address>0xa8c</load_address>
         <run_address>0xa8c</run_address>
         <size>0x15d</size>
         <input_file_ref idref="fl-2"/>
      </object_component>
      <object_component id="oc-81">
         <name>.debug_info</name>
         <load_address>0xbe9</load_address>
         <run_address>0xbe9</run_address>
         <size>0x17c</size>
         <input_file_ref idref="fl-2"/>
      </object_component>
      <object_component id="oc-111">
         <name>.debug_info</name>
         <load_address>0xd65</load_address>
         <run_address>0xd65</run_address>
         <size>0x169</size>
         <input_file_ref idref="fl-2"/>
      </object_component>
      <object_component id="oc-1c5">
         <name>.debug_info</name>
         <load_address>0xece</load_address>
         <run_address>0xece</run_address>
         <size>0x1a1</size>
         <input_file_ref idref="fl-2"/>
      </object_component>
      <object_component id="oc-1b1">
         <name>.debug_info</name>
         <load_address>0x106f</load_address>
         <run_address>0x106f</run_address>
         <size>0x1c2</size>
         <input_file_ref idref="fl-2"/>
      </object_component>
      <object_component id="oc-b0">
         <name>.debug_info</name>
         <load_address>0x1231</load_address>
         <run_address>0x1231</run_address>
         <size>0x19d</size>
         <input_file_ref idref="fl-2"/>
      </object_component>
      <object_component id="oc-107">
         <name>.debug_info</name>
         <load_address>0x13ce</load_address>
         <run_address>0x13ce</run_address>
         <size>0x16c</size>
         <input_file_ref idref="fl-2"/>
      </object_component>
      <object_component id="oc-ab">
         <name>.debug_info</name>
         <load_address>0x153a</load_address>
         <run_address>0x153a</run_address>
         <size>0x188</size>
         <input_file_ref idref="fl-2"/>
      </object_component>
      <object_component id="oc-b7">
         <name>.debug_info</name>
         <load_address>0x16c2</load_address>
         <run_address>0x16c2</run_address>
         <size>0x1a1</size>
         <input_file_ref idref="fl-2"/>
      </object_component>
      <object_component id="oc-a5">
         <name>.debug_info</name>
         <load_address>0x1863</load_address>
         <run_address>0x1863</run_address>
         <size>0x19e</size>
         <input_file_ref idref="fl-2"/>
      </object_component>
      <object_component id="oc-24e">
         <name>.debug_info</name>
         <load_address>0x1a01</load_address>
         <run_address>0x1a01</run_address>
         <size>0x14d</size>
         <input_file_ref idref="fl-2"/>
      </object_component>
      <object_component id="oc-248">
         <name>.debug_info</name>
         <load_address>0x1b4e</load_address>
         <run_address>0x1b4e</run_address>
         <size>0x142</size>
         <input_file_ref idref="fl-2"/>
      </object_component>
      <object_component id="oc-254">
         <name>.debug_info</name>
         <load_address>0x1c90</load_address>
         <run_address>0x1c90</run_address>
         <size>0x19c</size>
         <input_file_ref idref="fl-2"/>
      </object_component>
      <object_component id="oc-1b9">
         <name>.debug_info</name>
         <load_address>0x1e2c</load_address>
         <run_address>0x1e2c</run_address>
         <size>0x171</size>
         <input_file_ref idref="fl-2"/>
      </object_component>
      <object_component id="oc-1cb">
         <name>.debug_info</name>
         <load_address>0x1f9d</load_address>
         <run_address>0x1f9d</run_address>
         <size>0x1a9</size>
         <input_file_ref idref="fl-2"/>
      </object_component>
      <object_component id="oc-28">
         <name>.debug_info</name>
         <load_address>0x2146</load_address>
         <run_address>0x2146</run_address>
         <size>0x19c</size>
         <input_file_ref idref="fl-2"/>
      </object_component>
      <object_component id="oc-34">
         <name>.debug_info</name>
         <load_address>0x22e2</load_address>
         <run_address>0x22e2</run_address>
         <size>0x19c</size>
         <input_file_ref idref="fl-2"/>
      </object_component>
      <object_component id="oc-39">
         <name>.debug_info</name>
         <load_address>0x247e</load_address>
         <run_address>0x247e</run_address>
         <size>0x20e</size>
         <input_file_ref idref="fl-2"/>
      </object_component>
      <object_component id="oc-175">
         <name>.debug_info</name>
         <load_address>0x268c</load_address>
         <run_address>0x268c</run_address>
         <size>0x2a1</size>
         <input_file_ref idref="fl-2"/>
      </object_component>
      <object_component id="oc-27a">
         <name>.debug_info</name>
         <load_address>0x292d</load_address>
         <run_address>0x292d</run_address>
         <size>0x17f</size>
         <input_file_ref idref="fl-3"/>
      </object_component>
      <object_component id="oc-3bd">
         <name>.debug_info</name>
         <load_address>0x2aac</load_address>
         <run_address>0x2aac</run_address>
         <size>0x183</size>
         <input_file_ref idref="fl-3"/>
      </object_component>
      <object_component id="oc-3b7">
         <name>.debug_info</name>
         <load_address>0x2c2f</load_address>
         <run_address>0x2c2f</run_address>
         <size>0x1a3</size>
         <input_file_ref idref="fl-3"/>
      </object_component>
      <object_component id="oc-25b">
         <name>.debug_info</name>
         <load_address>0x2dd2</load_address>
         <run_address>0x2dd2</run_address>
         <size>0x226</size>
         <input_file_ref idref="fl-3"/>
      </object_component>
      <object_component id="oc-1d5">
         <name>.debug_info</name>
         <load_address>0x2ff8</load_address>
         <run_address>0x2ff8</run_address>
         <size>0x181</size>
         <input_file_ref idref="fl-3"/>
      </object_component>
      <object_component id="oc-261">
         <name>.debug_info</name>
         <load_address>0x3179</load_address>
         <run_address>0x3179</run_address>
         <size>0x181</size>
         <input_file_ref idref="fl-3"/>
      </object_component>
      <object_component id="oc-26a">
         <name>.debug_info</name>
         <load_address>0x32fa</load_address>
         <run_address>0x32fa</run_address>
         <size>0x237</size>
         <input_file_ref idref="fl-3"/>
      </object_component>
      <object_component id="oc-537">
         <name>.debug_info</name>
         <load_address>0x3531</load_address>
         <run_address>0x3531</run_address>
         <size>0x171</size>
         <input_file_ref idref="fl-4"/>
      </object_component>
      <object_component id="oc-43d">
         <name>.debug_info</name>
         <load_address>0x36a2</load_address>
         <run_address>0x36a2</run_address>
         <size>0x1be</size>
         <input_file_ref idref="fl-4"/>
      </object_component>
      <object_component id="oc-461">
         <name>.debug_info</name>
         <load_address>0x3860</load_address>
         <run_address>0x3860</run_address>
         <size>0x23d</size>
         <input_file_ref idref="fl-4"/>
      </object_component>
      <object_component id="oc-467">
         <name>.debug_info</name>
         <load_address>0x3a9d</load_address>
         <run_address>0x3a9d</run_address>
         <size>0x20a</size>
         <input_file_ref idref="fl-4"/>
      </object_component>
      <object_component id="oc-443">
         <name>.debug_info</name>
         <load_address>0x3ca7</load_address>
         <run_address>0x3ca7</run_address>
         <size>0x1cc</size>
         <input_file_ref idref="fl-4"/>
      </object_component>
      <object_component id="oc-449">
         <name>.debug_info</name>
         <load_address>0x3e73</load_address>
         <run_address>0x3e73</run_address>
         <size>0x1d4</size>
         <input_file_ref idref="fl-4"/>
      </object_component>
      <object_component id="oc-44f">
         <name>.debug_info</name>
         <load_address>0x4047</load_address>
         <run_address>0x4047</run_address>
         <size>0x195</size>
         <input_file_ref idref="fl-4"/>
      </object_component>
      <object_component id="oc-455">
         <name>.debug_info</name>
         <load_address>0x41dc</load_address>
         <run_address>0x41dc</run_address>
         <size>0x197</size>
         <input_file_ref idref="fl-4"/>
      </object_component>
      <object_component id="oc-45b">
         <name>.debug_info</name>
         <load_address>0x4373</load_address>
         <run_address>0x4373</run_address>
         <size>0x1ba</size>
         <input_file_ref idref="fl-4"/>
      </object_component>
      <object_component id="oc-2ce">
         <name>.debug_info</name>
         <load_address>0x452d</load_address>
         <run_address>0x452d</run_address>
         <size>0x16c</size>
         <input_file_ref idref="fl-4"/>
      </object_component>
      <object_component id="oc-2d4">
         <name>.debug_info</name>
         <load_address>0x4699</load_address>
         <run_address>0x4699</run_address>
         <size>0x1aa</size>
         <input_file_ref idref="fl-4"/>
      </object_component>
      <object_component id="oc-8e">
         <name>.debug_info</name>
         <load_address>0x4843</load_address>
         <run_address>0x4843</run_address>
         <size>0x1c5</size>
         <input_file_ref idref="fl-4"/>
      </object_component>
      <object_component id="oc-546">
         <name>.debug_info</name>
         <load_address>0x4a08</load_address>
         <run_address>0x4a08</run_address>
         <size>0x171</size>
         <input_file_ref idref="fl-4"/>
      </object_component>
      <object_component id="oc-4d9">
         <name>.debug_info</name>
         <load_address>0x4b79</load_address>
         <run_address>0x4b79</run_address>
         <size>0x18f</size>
         <input_file_ref idref="fl-4"/>
      </object_component>
      <object_component id="oc-491">
         <name>.debug_info</name>
         <load_address>0x4d08</load_address>
         <run_address>0x4d08</run_address>
         <size>0x191</size>
         <input_file_ref idref="fl-4"/>
      </object_component>
      <object_component id="oc-4c7">
         <name>.debug_info</name>
         <load_address>0x4e99</load_address>
         <run_address>0x4e99</run_address>
         <size>0x18b</size>
         <input_file_ref idref="fl-4"/>
      </object_component>
      <object_component id="oc-4e6">
         <name>.debug_info</name>
         <load_address>0x5024</load_address>
         <run_address>0x5024</run_address>
         <size>0x18d</size>
         <input_file_ref idref="fl-4"/>
      </object_component>
      <object_component id="oc-4cd">
         <name>.debug_info</name>
         <load_address>0x51b1</load_address>
         <run_address>0x51b1</run_address>
         <size>0x1ef</size>
         <input_file_ref idref="fl-4"/>
      </object_component>
      <object_component id="oc-4af">
         <name>.debug_info</name>
         <load_address>0x53a0</load_address>
         <run_address>0x53a0</run_address>
         <size>0x1d3</size>
         <input_file_ref idref="fl-4"/>
      </object_component>
      <object_component id="oc-4a9">
         <name>.debug_info</name>
         <load_address>0x5573</load_address>
         <run_address>0x5573</run_address>
         <size>0x1c1</size>
         <input_file_ref idref="fl-4"/>
      </object_component>
      <object_component id="oc-49d">
         <name>.debug_info</name>
         <load_address>0x5734</load_address>
         <run_address>0x5734</run_address>
         <size>0x1ae</size>
         <input_file_ref idref="fl-4"/>
      </object_component>
      <object_component id="oc-4b5">
         <name>.debug_info</name>
         <load_address>0x58e2</load_address>
         <run_address>0x58e2</run_address>
         <size>0x1ae</size>
         <input_file_ref idref="fl-4"/>
      </object_component>
      <object_component id="oc-4bb">
         <name>.debug_info</name>
         <load_address>0x5a90</load_address>
         <run_address>0x5a90</run_address>
         <size>0x1b2</size>
         <input_file_ref idref="fl-4"/>
      </object_component>
      <object_component id="oc-4c1">
         <name>.debug_info</name>
         <load_address>0x5c42</load_address>
         <run_address>0x5c42</run_address>
         <size>0x1b4</size>
         <input_file_ref idref="fl-4"/>
      </object_component>
      <object_component id="oc-4d3">
         <name>.debug_info</name>
         <load_address>0x5df6</load_address>
         <run_address>0x5df6</run_address>
         <size>0x1b8</size>
         <input_file_ref idref="fl-4"/>
      </object_component>
      <object_component id="oc-4a3">
         <name>.debug_info</name>
         <load_address>0x5fae</load_address>
         <run_address>0x5fae</run_address>
         <size>0x195</size>
         <input_file_ref idref="fl-4"/>
      </object_component>
      <object_component id="oc-1ab">
         <name>.debug_info</name>
         <load_address>0x6143</load_address>
         <run_address>0x6143</run_address>
         <size>0x16f</size>
         <input_file_ref idref="fl-4"/>
      </object_component>
      <object_component id="oc-225">
         <name>.debug_info</name>
         <load_address>0x62b2</load_address>
         <run_address>0x62b2</run_address>
         <size>0x7b7</size>
         <input_file_ref idref="fl-4"/>
      </object_component>
      <object_component id="oc-231">
         <name>.debug_info</name>
         <load_address>0x6a69</load_address>
         <run_address>0x6a69</run_address>
         <size>0x12b</size>
         <input_file_ref idref="fl-4"/>
      </object_component>
      <object_component id="oc-2db">
         <name>.debug_info</name>
         <load_address>0x6b94</load_address>
         <run_address>0x6b94</run_address>
         <size>0x29c</size>
         <input_file_ref idref="fl-4"/>
      </object_component>
      <object_component id="oc-2e1">
         <name>.debug_info</name>
         <load_address>0x6e30</load_address>
         <run_address>0x6e30</run_address>
         <size>0x29d</size>
         <input_file_ref idref="fl-4"/>
      </object_component>
      <object_component id="oc-22b">
         <name>.debug_info</name>
         <load_address>0x70cd</load_address>
         <run_address>0x70cd</run_address>
         <size>0x161</size>
         <input_file_ref idref="fl-4"/>
      </object_component>
      <object_component id="oc-237">
         <name>.debug_info</name>
         <load_address>0x722e</load_address>
         <run_address>0x722e</run_address>
         <size>0x32d</size>
         <input_file_ref idref="fl-4"/>
      </object_component>
      <object_component id="oc-2e8">
         <name>.debug_info</name>
         <load_address>0x755b</load_address>
         <run_address>0x755b</run_address>
         <size>0x168</size>
         <input_file_ref idref="fl-4"/>
      </object_component>
      <object_component id="oc-2ee">
         <name>.debug_info</name>
         <load_address>0x76c3</load_address>
         <run_address>0x76c3</run_address>
         <size>0x168</size>
         <input_file_ref idref="fl-4"/>
      </object_component>
      <object_component id="oc-2f4">
         <name>.debug_info</name>
         <load_address>0x782b</load_address>
         <run_address>0x782b</run_address>
         <size>0x168</size>
         <input_file_ref idref="fl-4"/>
[...]
         <attributes>RWIX</attributes>
         <usage_details>
         </usage_details>
      </memory_area>
      <memory_area display="no" color="green">
         <name>RESET</name>
         <page_id>0x0</page_id>
         <origin>0x3fffc0</origin>
         <length>0x2</length>
         <used_space>0x0</used_space>
         <unused_space>0x2</unused_space>
         <attributes>RWIX</attributes>
         <usage_details>
         </usage_details>
      </memory_area>
   </placement_map>
   <cptbl_list>
      <cptbl>
         <name>__TI_cinit_table</name>
         <cprec>
            <name>.data</name>
            <load_address>0x12c</load_address>
            <load_size>0xa</load_size>
            <run_address>0xbebc</run_address>
            <run_size>0x16</run_size>
            <compression>lzss</compression>
         </cprec>
         <cprec>
            <name>.bss</name>
            <load_address>0x13c</load_address>
            <load_size>0x4</load_size>
            <run_address>0xba40</run_address>
            <run_size>0x3c</run_size>
            <compression>zero_init</compression>
         </cprec>
      </cptbl>
   </cptbl_list>
   <handler_table>
      <handler_table_name>__TI_handler_table</handler_table_name>
      <handler>
         <index>0x0</index>
         <name>__TI_zero_init</name>
      </handler>
      <handler>
         <index>0x1</index>
         <name>__TI_decompress_lzss</name>
      </handler>
      <handler>
         <index>0x2</index>
         <name>__TI_decompress_none</name>
      </handler>
   </handler_table>
   <symbol_table>
      <symbol id="sm-1">
         <name>__TI_CINIT_Base</name>
         <value>0x140</value>
      </symbol>
      <symbol id="sm-2">
         <name>__TI_CINIT_Limit</name>
         <value>0x148</value>
      </symbol>
      <symbol id="sm-3">
         <name>__TI_CINIT_Warm</name>
         <value>0x148</value>
      </symbol>
      <symbol id="sm-4">
         <name>__TI_Handler_Table_Base</name>
         <value>0x136</value>
      </symbol>
      <symbol id="sm-5">
         <name>__TI_Handler_Table_Limit</name>
         <value>0x13c</value>
      </symbol>
      <symbol id="sm-6">
         <name>__TI_STACK_SIZE</name>
         <value>0x200</value>
      </symbol>
      <symbol id="sm-7">
         <name>__TI_STACK_END</name>
         <value>0x600</value>
      </symbol>
      <symbol id="sm-8">
         <name>__TI_pprof_out_hndl</name>
         <value>0xffffffff</value>
      </symbol>
      <symbol id="sm-9">
         <name>__TI_prof_data_start</name>
         <value>0xffffffff</value>
      </symbol>
      <symbol id="sm-a">
         <name>__TI_prof_data_size</name>
         <value>0xffffffff</value>
      </symbol>
      <symbol id="sm-124">
         <name>g_i2cTxPtr</name>
         <value>0xbecc</value>
         <object_component_ref idref="oc-88"/>
      </symbol>
      <symbol id="sm-125">
         <name>INT_myADCC_1_ISR</name>
         <value>0xaa0c</value>
         <object_component_ref idref="oc-32"/>
      </symbol>
      <symbol id="sm-126">
         <name>g_adcBuf</name>
         <value>0xbebc</value>
         <object_component_ref idref="oc-85"/>
      </symbol>
      <symbol id="sm-127">
         <name>main</name>
         <value>0xa7a1</value>
         <object_component_ref idref="oc-173"/>
      </symbol>
      <symbol id="sm-128">
         <name>g_ndtState</name>
         <value>0xbeca</value>
         <object_component_ref idref="oc-88"/>
      </symbol>
      <symbol id="sm-129">
         <name>INT_myADCA_1_ISR</name>
         <value>0xa9af</value>
         <object_component_ref idref="oc-26"/>
      </symbol>
      <symbol id="sm-12a">
         <name>INT_myI2CB_ISR</name>
         <value>0xa638</value>
         <object_component_ref idref="oc-38"/>
      </symbol>
      <symbol id="sm-18a">
         <name>max14808_set_mode</name>
         <value>0xb129</value>
         <object_component_ref idref="oc-1d2"/>
      </symbol>
      <symbol id="sm-18b">
         <name>max14808_set_current</name>
         <value>0xb46f</value>
         <object_component_ref idref="oc-25f"/>
      </symbol>
      <symbol id="sm-18c">
         <name>max14808_init</name>
         <value>0xa6b3</value>
         <object_component_ref idref="oc-259"/>
      </symbol>
      <symbol id="sm-18d">
         <name>max14808_enter_receive_mode</name>
         <value>0xae3c</value>
         <object_component_ref idref="oc-268"/>
      </symbol>
      <symbol id="sm-396">
         <name>I2C_init</name>
         <value>0xba30</value>
         <object_component_ref idref="oc-23c"/>
      </symbol>
      <symbol id="sm-397">
         <name>CH6_B_MCU_init</name>
         <value>0xb879</value>
         <object_component_ref idref="oc-317"/>
      </symbol>
      <symbol id="sm-398">
         <name>THP_init</name>
         <value>0xb919</value>
         <object_component_ref idref="oc-37d"/>
      </symbol>
      <symbol id="sm-399">
         <name>INTERRUPT_init</name>
         <value>0xb1f0</value>
         <object_component_ref idref="oc-2c"/>
      </symbol>
      <symbol id="sm-39a">
         <name>CH3_B_MCU_init</name>
         <value>0xb829</value>
         <object_component_ref idref="oc-335"/>
      </symbol>
      <symbol id="sm-39b">
         <name>CH5_A_MCU_init</name>
         <value>0xb859</value>
         <object_component_ref idref="oc-2ed"/>
      </symbol>
      <symbol id="sm-39c">
         <name>AFE_GAIN_A2_init</name>
         <value>0xb779</value>
         <object_component_ref idref="oc-36b"/>
      </symbol>
      <symbol id="sm-39d">
         <name>AFE_GAIN_A1_init</name>
         <value>0xb769</value>
         <object_component_ref idref="oc-365"/>
      </symbol>
      <symbol id="sm-39e">
         <name>PinMux_init</name>
         <value>0xa000</value>
         <object_component_ref idref="oc-224"/>
      </symbol>
      <symbol id="sm-39f">
         <name>Board_init</name>
         <value>0xb929</value>
         <object_component_ref idref="oc-1aa"/>
      </symbol>
      <symbol id="sm-3a0">
         <name>CH6_A_MCU_init</name>
         <value>0xb869</value>
         <object_component_ref idref="oc-31d"/>
      </symbol>
      <symbol id="sm-3a1">
         <name>CH3_A_MCU_init</name>
         <value>0xb819</value>
         <object_component_ref idref="oc-33b"/>
      </symbol>
      <symbol id="sm-3a2">
         <name>CH4_B_MCU_init</name>
         <value>0xb849</value>
         <object_component_ref idref="oc-2f9"/>
      </symbol>
      <symbol id="sm-3a3">
         <name>myI2CB_init</name>
         <value>0xaba2</value>
         <object_component_ref idref="oc-396"/>
      </symbol>
      <symbol id="sm-3a4">
         <name>myI2CA_init</name>
         <value>0xab58</value>
         <object_component_ref idref="oc-390"/>
      </symbol>
      <symbol id="sm-3a5">
         <name>GPIO_init</name>
         <value>0xae77</value>
         <object_component_ref idref="oc-236"/>
      </symbol>
      <symbol id="sm-3a6">
         <name>CH1_B_MCU_init</name>
         <value>0xb7e9</value>
         <object_component_ref idref="oc-305"/>
      </symbol>
      <symbol id="sm-3a7">
         <name>ADC_init</name>
         <value>0xba2b</value>
         <object_component_ref idref="oc-230"/>
      </symbol>
      <symbol id="sm-3a8">
         <name>CH2_B_MCU_init</name>
         <value>0xb809</value>
         <object_component_ref idref="oc-311"/>
      </symbol>
      <symbol id="sm-3a9">
         <name>CH4_A_MCU_init</name>
         <value>0xb839</value>
         <object_component_ref idref="oc-2f3"/>
      </symbol>
      <symbol id="sm-3aa">
         <name>Analog_EN_init</name>
         <value>0xb7a9</value>
         <object_component_ref idref="oc-34d"/>
      </symbol>
      <symbol id="sm-3ab">
         <name>myADCC_init</name>
         <value>0xa87d</value>
         <object_component_ref idref="oc-2e0"/>
      </symbol>
      <symbol id="sm-3ac">
         <name>myADCA_init</name>
         <value>0xa814</value>
         <object_component_ref idref="oc-2da"/>
      </symbol>
      <symbol id="sm-3ad">
         <name>AFE_GAIN_B2_init</name>
         <value>0xb799</value>
         <object_component_ref idref="oc-377"/>
      </symbol>
      <symbol id="sm-3ae">
         <name>AFE_GAIN_B1_init</name>
         <value>0xb789</value>
         <object_component_ref idref="oc-371"/>
      </symbol>
      <symbol id="sm-3af">
         <name>BOOT1_init</name>
         <value>0xb7c9</value>
         <object_component_ref idref="oc-389"/>
      </symbol>
      <symbol id="sm-3b0">
         <name>BOOT0_init</name>
         <value>0xb7b9</value>
         <object_component_ref idref="oc-383"/>
      </symbol>
      <symbol id="sm-3b1">
         <name>CH1_A_MCU_init</name>
         <value>0xb7d9</value>
         <object_component_ref idref="oc-2ff"/>
      </symbol>
      <symbol id="sm-3b2">
         <name>CH8_B_MCU_init</name>
         <value>0xb8b9</value>
         <object_component_ref idref="oc-341"/>
      </symbol>
      <symbol id="sm-3b3">
         <name>CH2_A_MCU_init</name>
         <value>0xb7f9</value>
         <object_component_ref idref="oc-30b"/>
      </symbol>
      <symbol id="sm-3b4">
         <name>CH7_B_MCU_init</name>
         <value>0xb899</value>
         <object_component_ref idref="oc-329"/>
      </symbol>
      <symbol id="sm-3b5">
         <name>MCU_LED_init</name>
         <value>0xb8d9</value>
         <object_component_ref idref="oc-35f"/>
      </symbol>
      <symbol id="sm-3b6">
         <name>MODE1_init</name>
         <value>0xb8f9</value>
         <object_component_ref idref="oc-359"/>
      </symbol>
      <symbol id="sm-3b7">
         <name>MODE0_init</name>
         <value>0xb8e9</value>
         <object_component_ref idref="oc-353"/>
      </symbol>
      <symbol id="sm-3b8">
         <name>CH8_A_MCU_init</name>
         <value>0xb8a9</value>
         <object_component_ref idref="oc-32f"/>
      </symbol>
      <symbol id="sm-3b9">
         <name>ASYSCTL_init</name>
         <value>0xba19</value>
         <object_component_ref idref="oc-22a"/>
      </symbol>
      <symbol id="sm-3ba">
         <name>CH7_A_MCU_init</name>
         <value>0xb889</value>
         <object_component_ref idref="oc-323"/>
      </symbol>
      <symbol id="sm-3bb">
         <name>CH5_B_MCU_init</name>
         <value>0xb938</value>
         <object_component_ref idref="oc-2e7"/>
      </symbol>
      <symbol id="sm-3bc">
         <name>Pulser_EN_init</name>
         <value>0xb909</value>
         <object_component_ref idref="oc-347"/>
      </symbol>
      <symbol id="sm-405">
         <name>Device_enableAllPeripherals</name>
         <value>0xa40c</value>
         <object_component_ref idref="oc-216"/>
      </symbol>
      <symbol id="sm-406">
         <name>Device_init</name>
         <value>0xaf55</value>
         <object_component_ref idref="oc-19e"/>
      </symbol>
      <symbol id="sm-407">
         <name>__error__</name>
         <value>0xba12</value>
         <object_component_ref idref="oc-d8"/>
      </symbol>
      <symbol id="sm-416">
         <name>code_start</name>
         <value>0x0</value>
         <object_component_ref idref="oc-21"/>
      </symbol>
      <symbol id="sm-43d">
         <name>ADC_setOffsetTrimAll</name>
         <value>0xb280</value>
         <object_component_ref idref="oc-52e"/>
      </symbol>
      <symbol id="sm-43e">
         <name>ADC_setVREF</name>
         <value>0xb1a3</value>
         <object_component_ref idref="oc-436"/>
      </symbol>
      <symbol id="sm-485">
         <name>GPIO_setQualificationMode</name>
         <value>0xaee7</value>
         <object_component_ref idref="oc-2c6"/>
      </symbol>
      <symbol id="sm-486">
         <name>GPIO_setPadConfig</name>
         <value>0xaa69</value>
         <object_component_ref idref="oc-2c0"/>
      </symbol>
      <symbol id="sm-487">
         <name>GPIO_setAnalogMode</name>
         <value>0xac78</value>
         <object_component_ref idref="oc-2ba"/>
      </symbol>
      <symbol id="sm-488">
         <name>GPIO_setDirectionMode</name>
         <value>0xafc0</value>
         <object_component_ref idref="oc-46e"/>
      </symbol>
      <symbol id="sm-489">
         <name>GPIO_setPinConfig</name>
         <value>0xaeb0</value>
         <object_component_ref idref="oc-2b4"/>
      </symbol>
      <symbol id="sm-4c8">
         <name>I2C_clearInterruptStatus</name>
         <value>0xb25e</value>
         <object_component_ref idref="oc-4eb"/>
      </symbol>
      <symbol id="sm-4c9">
         <name>I2C_initController</name>
         <value>0xa94b</value>
         <object_component_ref idref="oc-496"/>
      </symbol>
      <symbol id="sm-4ca">
         <name>I2C_configureModuleFrequency</name>
         <value>0xb2a0</value>
         <object_component_ref idref="oc-4df"/>
      </symbol>
      <symbol id="sm-4cb">
         <name>I2C_enableInterrupt</name>
         <value>0xb0d5</value>
         <object_component_ref idref="oc-4f1"/>
      </symbol>
      <symbol id="sm-544">
         <name>Interrupt_defaultHandler</name>
         <value>0xb551</value>
         <object_component_ref idref="oc-3e"/>
      </symbol>
      <symbol id="sm-545">
         <name>Interrupt_disable</name>
         <value>0xab0a</value>
         <object_component_ref idref="oc-93"/>
      </symbol>
      <symbol id="sm-546">
         <name>Interrupt_initModule</name>
         <value>0xad88</value>
         <object_component_ref idref="oc-1a4"/>
      </symbol>
      <symbol id="sm-547">
         <name>Interrupt_nmiHandler</name>
         <value>0xb9d1</value>
         <object_component_ref idref="oc-50"/>
      </symbol>
      <symbol id="sm-548">
         <name>Interrupt_enable</name>
         <value>0xaf1e</value>
         <object_component_ref idref="oc-99"/>
      </symbol>
      <symbol id="sm-549">
         <name>Interrupt_initVectorTable</name>
         <value>0xb2fc</value>
         <object_component_ref idref="oc-3f"/>
      </symbol>
      <symbol id="sm-54a">
         <name>Interrupt_illegalOperationHandler</name>
         <value>0xb9c7</value>
         <object_component_ref idref="oc-4a"/>
      </symbol>
      <symbol id="sm-65b">
         <name>SysCtl_isPLLValid</name>
         <value>0xa272</value>
         <object_component_ref idref="oc-2a0"/>
      </symbol>
      <symbol id="sm-65c">
         <name>SysCtl_delay</name>
         <value>0x128</value>
         <object_component_ref idref="oc-1b6"/>
      </symbol>
      <symbol id="sm-65d">
         <name>SysCtl_selectXTALSingleEnded</name>
         <value>0xb215</value>
         <object_component_ref idref="oc-3d3"/>
      </symbol>
      <symbol id="sm-65e">
         <name>SysCtl_selectXTAL</name>
         <value>0xacbe</value>
         <object_component_ref idref="oc-3cd"/>
      </symbol>
      <symbol id="sm-65f">
         <name>SysCtl_selectOscSource</name>
         <value>0xabeb</value>
         <object_component_ref idref="oc-294"/>
      </symbol>
      <symbol id="sm-660">
         <name>SysCtl_getLowSpeedClock</name>
         <value>0xb40c</value>
         <object_component_ref idref="oc-20a"/>
      </symbol>
      <symbol id="sm-661">
         <name>SysCtl_setClock</name>
         <value>0xa14f</value>
         <object_component_ref idref="oc-1f7"/>
      </symbol>
      <symbol id="sm-662">
         <name>SysCtl_getClock</name>
         <value>0xa8e6</value>
         <object_component_ref idref="oc-203"/>
      </symbol>
      <symbol id="sm-66c">
         <name>_c_int00</name>
         <value>0xb4cc</value>
         <object_component_ref idref="oc-d1"/>
      </symbol>
      <symbol id="sm-66d">
         <name>__stack</name>
         <value>0x400</value>
         <object_component_ref idref="oc-56"/>
      </symbol>
      <symbol id="sm-675">
         <name>__c28xabi_subd</name>
         <value>0xb956</value>
         <object_component_ref idref="oc-3ab"/>
      </symbol>
      <symbol id="sm-680">
         <name>__c28xabi_dtoul</name>
         <value>0xb389</value>
         <object_component_ref idref="oc-3b0"/>
      </symbol>
      <symbol id="sm-68d">
         <name>__c28xabi_divf</name>
         <value>0xa531</value>
         <object_component_ref idref="oc-3db"/>
      </symbol>
      <symbol id="sm-69a">
         <name>__c28xabi_ultod</name>
         <value>0xb567</value>
         <object_component_ref idref="oc-3a1"/>
      </symbol>
      <symbol id="sm-6ad">
         <name>__c28xabi_divd</name>
         <value>0xa4a6</value>
         <object_component_ref idref="oc-3a6"/>
      </symbol>
      <symbol id="sm-6ba">
         <name>_system_pre_init</name>
         <value>0xba35</value>
         <object_component_ref idref="oc-121"/>
      </symbol>
      <symbol id="sm-6c9">
         <name>__TI_auto_init_nobinit_nopinit</name>
         <value>0xb0aa</value>
         <object_component_ref idref="oc-143"/>
      </symbol>
      <symbol id="sm-6d8">
         <name>__TI_zero_init_nomemset</name>
         <value>0xb998</value>
         <object_component_ref idref="oc-61"/>
      </symbol>
      <symbol id="sm-6e5">
         <name>__TI_decompress_none</name>
         <value>0xb9ed</value>
         <object_component_ref idref="oc-1a"/>
      </symbol>
      <symbol id="sm-6f9">
         <name>__TI_decompress_lzss</name>
         <value>0xb04e</value>
         <object_component_ref idref="oc-14"/>
      </symbol>
      <symbol id="sm-70f">
         <name>C$$EXIT</name>
         <value>0xb152</value>
         <object_component_ref idref="oc-12e"/>
      </symbol>
      <symbol id="sm-710">
         <name>abort</name>
         <value>0xb152</value>
         <object_component_ref idref="oc-12e"/>
      </symbol>
      <symbol id="sm-711">
         <name>exit</name>
         <value>0xb154</value>
         <object_component_ref idref="oc-12e"/>
      </symbol>
      <symbol id="sm-712">
         <name>__TI_dtors_ptr</name>
         <value>0xbec8</value>
         <object_component_ref idref="oc-17b"/>
      </symbol>
      <symbol id="sm-713">
         <name>__TI_cleanup_ptr</name>
         <value>0xbec6</value>
         <object_component_ref idref="oc-17b"/>
      </symbol>
      <symbol id="sm-714">
         <name>__TI_enable_exit_profile_output</name>
         <value>0xbec4</value>
         <object_component_ref idref="oc-17b"/>
      </symbol>
      <symbol id="sm-72b">
         <name>_nop</name>
         <value>0xb9ec</value>
         <object_component_ref idref="oc-1de"/>
      </symbol>
      <symbol id="sm-72c">
         <name>_lock</name>
         <value>0xbece</value>
         <object_component_ref idref="oc-17e"/>
      </symbol>
      <symbol id="sm-72d">
         <name>_unlock</name>
         <value>0xbed0</value>
         <object_component_ref idref="oc-27f"/>
      </symbol>
      <symbol id="sm-72e">
         <name>_register_lock</name>
         <value>0xb9e8</value>
         <object_component_ref idref="oc-1de"/>
      </symbol>
      <symbol id="sm-72f">
         <name>_register_unlock</name>
         <value>0xb9e4</value>
         <object_component_ref idref="oc-1de"/>
      </symbol>
      <symbol id="sm-73e">
         <name>_args_main</name>
         <value>0xb9a5</value>
         <object_component_ref idref="oc-128"/>
      </symbol>
      <symbol id="sm-756">
         <name>__c28xabi_addd</name>
         <value>0xa370</value>
         <object_component_ref idref="oc-4fa"/>
      </symbol>
      <symbol id="sm-769">
         <name>memcpy</name>
         <value>0xb31a</value>
         <object_component_ref idref="oc-59"/>
      </symbol>
      <symbol id="sm-776">
         <name>_system_post_cinit</name>
         <value>0xba37</value>
         <object_component_ref idref="oc-189"/>
      </symbol>
      <symbol id="sm-778">
         <name>__c_args__</name>
         <value>0x0</value>
      </symbol>
   </symbol_table>
   <title>Link successful</title>
</link_info>
