******************************************************************************
             TMS320C2000 Linker PC v22.6.3                     
******************************************************************************
>> Linked Tue May 12 17:31:48 2026

OUTPUT FILE NAME:   <NDT_AUX.out>
ENTRY POINT SYMBOL: "code_start"  address: 00000000


MEMORY CONFIGURATION

         name            origin    length      used     unused   attr    fill
----------------------  --------  ---------  --------  --------  ----  --------
  BEGIN                 00000000   00000002  00000002  00000000  RWIX
  BOOT_RSVD             00000002   00000126  00000000  00000126  RWIX
  RAMM0                 00000128   000002d8  00000014  000002c4  RWIX
  RAMM1                 00000400   000003f8  00000200  000001f8  RWIX
  RAMLS4567             0000a000   00002000  000013d2  00000c2e  RWIX
  RAMGS0                0000c000   000007f8  00000000  000007f8  RWIX
  FLASH_BANK0_SEC0      00080002   00000ffe  00000000  00000ffe  RWIX
  FLASH_BANK0_SEC1      00081000   00001000  00000000  00001000  RWIX
  FLASH_BANK0_SEC2      00082000   00001000  00000000  00001000  RWIX
  FLASH_BANK0_SEC3      00083000   00001000  00000000  00001000  RWIX
  FLASH_BANK0_SEC4      00084000   00001000  00000000  00001000  RWIX
  FLASH_BANK0_SEC5      00085000   00001000  00000000  00001000  RWIX
  FLASH_BANK0_SEC6      00086000   00001000  00000000  00001000  RWIX
  FLASH_BANK0_SEC7      00087000   00001000  00000000  00001000  RWIX
  FLASH_BANK0_SEC8      00088000   00001000  00000000  00001000  RWIX
  FLASH_BANK0_SEC9      00089000   00001000  00000000  00001000  RWIX
  FLASH_BANK0_SEC10     0008a000   00001000  00000000  00001000  RWIX
  FLASH_BANK0_SEC11     0008b000   00001000  00000000  00001000  RWIX
  FLASH_BANK0_SEC12     0008c000   00001000  00000000  00001000  RWIX
  FLASH_BANK0_SEC13     0008d000   00001000  00000000  00001000  RWIX
  FLASH_BANK0_SEC14     0008e000   00001000  00000000  00001000  RWIX
  FLASH_BANK0_SEC15     0008f000   00000ff8  00000000  00000ff8  RWIX
  BOOTROM               003f0000   00008000  00000000  00008000  RWIX
  BOOTROM_EXT           003f8000   00007fc0  00000000  00007fc0  RWIX
  RESET                 003fffc0   00000002  00000000  00000002  RWIX


SECTION ALLOCATION MAP

 output                                  attributes/
section   page    origin      length       input sections
--------  ----  ----------  ----------   ----------------
.TI.ramfunc 
*          0    00000128    00000004     
                  00000128    00000004     driverlib.lib : sysctl.obj (.TI.ramfunc)

.cinit     0    0000012c    00000010     
                  0000012c    00000008     (.cinit..data.load) [load image, compression = lzss]
                  00000134    00000004     (__TI_handler_table)
                  00000138    00000004     (__TI_cinit_table)

.text      0    0000a000    000010eb     
                  0000a000    00000123     driverlib.lib : sysctl.obj (.text:SysCtl_setClock)
                  0000a123    00000116     board.obj (.text:PinMux_init)
                  0000a239    000000fe     driverlib.lib : sysctl.obj (.text:SysCtl_isPLLValid)
                  0000a337    0000009a     device.obj (.text:Device_enableAllPeripherals)
                  0000a3d1    00000088     rts2800_fpu32_eabi.lib : fs_div28.asm.obj (.text)
                  0000a459    00000079     board.obj (.text:myADCA_init)
                  0000a4d2    00000079     board.obj (.text:myADCC_init)
                  0000a54b    00000073     driverlib.lib : sysctl.obj (.text:DCC_setCounterSeeds)
                  0000a5be    00000065                   : sysctl.obj (.text:SysCtl_getClock)
                  0000a623    00000052                   : gpio.obj (.text:GPIO_setPadConfig)
                  0000a675    00000047                   : sysctl.obj (.text:SysCtl_selectOscSource)
                  0000a6bc    00000046     board.obj (.text:ADC_setupSOC)
                  0000a702    00000046     driverlib.lib : gpio.obj (.text:GPIO_setAnalogMode)
                  0000a748    00000046                   : sysctl.obj (.text:SysCtl_selectXTAL)
                  0000a78e    00000042     board.obj (.text:myI2CA_init)
                  0000a7d0    00000042     board.obj (.text:myI2CB_init)
                  0000a812    00000040     driverlib.lib : sysctl.obj (.text:SysCtl_pollX1Counter)
                  0000a852    0000003d                   : interrupt.obj (.text:Interrupt_initModule)
                  0000a88f    00000037                   : gpio.obj (.text:GPIO_setPinConfig)
                  0000a8c6    00000037                   : gpio.obj (.text:GPIO_setQualificationMode)
                  0000a8fd    00000036     device.obj (.text:Device_init)
                  0000a933    00000031     driverlib.lib : gpio.obj (.text:GPIO_setDirectionMode)
                  0000a964    0000002f     board.obj (.text:ADC_setInterruptSource)
                  0000a993    0000002e     board.obj (.text:ADC_setInterruptSOCTrigger)
                  0000a9c1    0000002e     rts2800_fpu32_eabi.lib : copy_decompress_lzss.c.obj (.text:decompress:lzss)
                  0000a9ef    0000002b                            : autoinit.c.obj (.text:__TI_auto_init_nobinit_nopinit)
                  0000aa1a    00000029                            : exit.c.obj (.text)
                  0000aa43    00000027     driverlib.lib : adc.obj (.text:ADC_setVREF)
                  0000aa6a    00000026     board.obj (.text:I2C_setFIFOInterruptLevel)
                  0000aa90    00000025     driverlib.lib : sysctl.obj (.text:SysCtl_selectXTALSingleEnded)
                  0000aab5    00000024                   : sysctl.obj (.text:DCC_enableSingleShotMode)
                  0000aad9    00000021     board.obj (.text:ADC_disableContinuousMode)
                  0000aafa    00000021     board.obj (.text:ADC_disableInterrupt)
                  0000ab1b    00000021     board.obj (.text:GPIO_init)
                  0000ab3c    00000020     driverlib.lib : adc.obj (.text:ADC_setOffsetTrimAll)
                  0000ab5c    00000020                   : i2c.obj (.text:I2C_configureModuleFrequency)
                  0000ab7c    0000001e                   : sysctl.obj (.text:DCC_setCounter0ClkSource)
                  0000ab9a    0000001e                   : sysctl.obj (.text:DCC_setCounter1ClkSource)
                  0000abb8    0000001e                   : interrupt.obj (.text:Interrupt_initVectorTable)
                  0000abd6    0000001d     rts2800_fpu32_eabi.lib : memcpy.c.obj (.text)
                  0000abf3    0000001c     board.obj (.text:ADC_setSOCPriority)
                  0000ac0f    0000001b     board.obj (.text:I2C_setOwnAddress)
                  0000ac2a    0000001b     board.obj (.text:I2C_setTargetAddress)
                  0000ac45    0000001a     board.obj (.text:I2C_setAddressMode)
                  0000ac5f    0000001a     board.obj (.text:I2C_setBitCount)
                  0000ac79    0000001a     board.obj (.text:I2C_setConfig)
                  0000ac93    0000001a     board.obj (.text:I2C_setEmulationMode)
                  0000acad    0000001a     driverlib.lib : sysctl.obj (.text:SysCtl_getLowSpeedClock)
                  0000acc7    00000019                   : sysctl.obj (.text:SysCtl_setPLLSysClk)
                  0000ace0    00000018     board.obj (.text:I2C_enableFIFO)
                  0000acf8    00000017     board.obj (.text:ASysCtl_setAnalogReferenceExternal)
                  0000ad0f    00000017     device.obj (.text:SysCtl_enablePeripheral)
                  0000ad26    00000017     driverlib.lib : sysctl.obj (.text:SysCtl_enablePeripheral)
                  0000ad3d    00000017     rts2800_fpu32_eabi.lib : boot28.asm.obj (.text)
                  0000ad54    00000016     board.obj (.text:ADC_setInterruptCycleOffset)
                  0000ad6a    00000016     board.obj (.text:ADC_setInterruptPulseMode)
                  0000ad80    00000016     board.obj (.text:ADC_setPrescaler)
                  0000ad96    00000016     driverlib.lib : sysctl.obj (.text:DCC_disableDoneSignal)
                  0000adac    00000016                   : interrupt.obj (.text:Interrupt_defaultHandler)
                  0000adc2    00000015     board.obj (.text:ADC_disableBurstMode)
                  0000add7    00000015     driverlib.lib : sysctl.obj (.text:DCC_clearDoneFlag)
                  0000adec    00000015                   : sysctl.obj (.text:DCC_clearErrorFlag)
                  0000ae01    00000015                   : sysctl.obj (.text:DCC_disableErrorSignal)
                  0000ae16    00000015                   : sysctl.obj (.text:DCC_isBaseValid)
                  0000ae2b    00000015     device.obj (.text:GPIO_unlockPortConfig)
                  0000ae40    00000014     driverlib.lib : sysctl.obj (.text:DCC_disableModule)
                  0000ae54    00000014                   : sysctl.obj (.text:DCC_enableModule)
                  0000ae68    00000014                   : gpio.obj (.text:GPIO_isPinValid)
                  0000ae7c    00000014     device.obj (.text:SysCtl_deviceCal)
                  0000ae90    00000013     board.obj (.text:ADC_enableConverter)
                  0000aea3    00000013     board.obj (.text:ADC_isBaseValid)
                  0000aeb6    00000013     driverlib.lib : adc.obj (.text:ADC_isBaseValid)
                  0000aec9    00000013     board.obj (.text:I2C_disableModule)
                  0000aedc    00000013     board.obj (.text:I2C_enableModule)
                  0000aeef    00000013     board.obj (.text:I2C_isBaseValid)
                  0000af02    00000013     driverlib.lib : i2c.obj (.text:I2C_isBaseValid)
                  0000af15    00000012     board.obj (.text:I2C_setDataCount)
                  0000af27    00000010     board.obj (.text:CH1_A_MCU_init)
                  0000af37    00000010     board.obj (.text:CH1_B_MCU_init)
                  0000af47    00000010     board.obj (.text:CH2_A_MCU_init)
                  0000af57    00000010     board.obj (.text:CH2_B_MCU_init)
                  0000af67    00000010     board.obj (.text:CH3_A_MCU_init)
                  0000af77    00000010     board.obj (.text:CH3_B_MCU_init)
                  0000af87    00000010     board.obj (.text:CH4_A_MCU_init)
                  0000af97    00000010     board.obj (.text:CH4_B_MCU_init)
                  0000afa7    00000010     board.obj (.text:CH5_A_MCU_init)
                  0000afb7    00000010     board.obj (.text:CH6_A_MCU_init)
                  0000afc7    00000010     board.obj (.text:CH6_B_MCU_init)
                  0000afd7    00000010     board.obj (.text:CH7_A_MCU_init)
                  0000afe7    00000010     board.obj (.text:CH7_B_MCU_init)
                  0000aff7    00000010     board.obj (.text:CH8_A_MCU_init)
                  0000b007    00000010     board.obj (.text:CH8_B_MCU_init)
                  0000b017    00000010     device.obj (.text:Device_initGPIO)
                  0000b027    0000000f     board.obj (.text:CH5_B_MCU_init)
                  0000b036    0000000f     empty_sysconfig_main.obj (.text:main)
                  0000b045    0000000d     board.obj (.text:Board_init)
                  0000b052    0000000d     driverlib.lib : interrupt.obj (.text:Interrupt_disableGlobal)
                  0000b05f    0000000d     device.obj (.text:SysCtl_setLowSpeedClock)
                  0000b06c    0000000c     rts2800_fpu32_eabi.lib : args_main.c.obj (.text)
                  0000b078    0000000b     device.obj (.text:SysCtl_disableWatchdog)
                  0000b083    0000000b     driverlib.lib : sysctl.obj (.text:SysCtl_isMCDClockFailureDetected)
                  0000b08e    0000000a                   : interrupt.obj (.text:Interrupt_illegalOperationHandler)
                  0000b098    0000000a                   : interrupt.obj (.text:Interrupt_nmiHandler)
                  0000b0a2    00000009     rts2800_fpu32_eabi.lib : _lock.c.obj (.text)
                  0000b0ab    00000008                            : copy_decompress_none.c.obj (.text:decompress:none)
                  0000b0b3    00000008     f28002x_codestartbranch.obj (.text)
                  0000b0bb    00000007     board.obj (.text:ASysCtl_disableTemperatureSensor)
                  0000b0c2    00000007     device.obj (.text:ASysCtl_lockVREG)
                  0000b0c9    00000007     driverlib.lib : sysctl.obj (.text:SysCtl_resetMCD)
                  0000b0d0    00000007     device.obj (.text:__error__)
                  0000b0d7    00000006     board.obj (.text:ASYSCTL_init)
                  0000b0dd    00000005     board.obj (.text:ADC_init)
                  0000b0e2    00000005     board.obj (.text:I2C_init)
                  0000b0e7    00000002     rts2800_fpu32_eabi.lib : pre_init.c.obj (.text)
                  0000b0e9    00000001     c2000ware_libraries.obj (.text:C2000Ware_libraries_init)
                  0000b0ea    00000001     rts2800_fpu32_eabi.lib : startup.c.obj (.text)

.reset     0    003fffc0    00000000     DSECT

codestart 
*          0    00000000    00000002     
                  00000000    00000002     f28002x_codestartbranch.obj (codestart)

.stack     0    00000400    00000200     UNINITIALIZED
                  00000400    00000200     --HOLE--

.init_array 
*          0    00000128    00000000     UNINITIALIZED

.const     0    0000b0ec    000002dd     
                  0000b0ec    000000be     board.obj (.const:.string)
                  0000b1aa    0000009a     driverlib.lib : sysctl.obj (.const:.string)
                  0000b244    00000098                   : gpio.obj (.const:.string)
                  0000b2dc    00000055     device.obj (.const:.string)
                  0000b331    00000001     --HOLE-- [fill = 0]
                  0000b332    0000004b     driverlib.lib : adc.obj (.const:.string)
                  0000b37d    00000001     --HOLE-- [fill = 0]
                  0000b37e    0000004b                   : i2c.obj (.const:.string)

.data      0    0000b3ca    0000000a     UNINITIALIZED
                  0000b3ca    00000006     rts2800_fpu32_eabi.lib : exit.c.obj (.data)
                  0000b3d0    00000002                            : _lock.c.obj (.data:_lock)
                  0000b3d2    00000002                            : _lock.c.obj (.data:_unlock)

MODULE SUMMARY

       Module                        code   ro data   rw data
       ------                        ----   -------   -------
    .\
       empty_sysconfig_main.obj      15     0         0      
    +--+-----------------------------+------+---------+---------+
       Total:                        15     0         0      
                                                             
    .\device\
       device.obj                    326    85        0      
       f28002x_codestartbranch.obj   10     0         0      
    +--+-----------------------------+------+---------+---------+
       Total:                        336    85        0      
                                                             
    .\syscfg\
       board.obj                     1676   190       0      
       c2000ware_libraries.obj       1      0         0      
    +--+-----------------------------+------+---------+---------+
       Total:                        1677   190       0      
                                                             
    C:/ti/C2000Ware_26_00_00_00/driverlib/f28002x/driverlib/ccs/Debug/driverlib.lib
       sysctl.obj                    1341   154       0      
       gpio.obj                      331    152       0      
       adc.obj                       90     75        0      
       interrupt.obj                 146    0         0      
       i2c.obj                       51     75        0      
    +--+-----------------------------+------+---------+---------+
       Total:                        1959   456       0      
                                                             
    C:\ti\ccs2040\ccs\tools\compiler\ti-cgt-c2000_22.6.3.LTS\lib\rts2800_fpu32_eabi.lib
       fs_div28.asm.obj              136    0         0      
       exit.c.obj                    41     0         6      
       copy_decompress_lzss.c.obj    46     0         0      
       autoinit.c.obj                43     0         0      
       memcpy.c.obj                  29     0         0      
       boot28.asm.obj                23     0         0      
       _lock.c.obj                   9      0         4      
       args_main.c.obj               12     0         0      
       copy_decompress_none.c.obj    8      0         0      
       pre_init.c.obj                2      0         0      
       startup.c.obj                 1      0         0      
    +--+-----------------------------+------+---------+---------+
       Total:                        350    0         10     
                                                             
       Stack:                        0      0         512    
       Linker Generated:             0      16        0      
    +--+-----------------------------+------+---------+---------+
       Grand Total:                  4337   747       522    


LINKER GENERATED COPY TABLES

__TI_cinit_table @ 00000138 records: 1, size/record: 4, table size: 4
	.data: load addr=0000012c, load size=00000008 bytes, run addr=0000b3ca, run size=0000000a bytes, compression=lzss


LINKER GENERATED HANDLER TABLE

__TI_handler_table @ 00000134 records: 2, size/record: 2, table size: 4
	index: 0, handler: __TI_decompress_lzss
	index: 1, handler: __TI_decompress_none


GLOBAL DATA SYMBOLS: SORTED BY DATA PAGE

address     data page           name
--------    ----------------    ----
00000400      10 (00000400)     __stack

0000b3ca     2cf (0000b3c0)     __TI_enable_exit_profile_output
0000b3cc     2cf (0000b3c0)     __TI_cleanup_ptr
0000b3ce     2cf (0000b3c0)     __TI_dtors_ptr
0000b3d0     2cf (0000b3c0)     _lock
0000b3d2     2cf (0000b3c0)     _unlock


GLOBAL SYMBOLS: SORTED ALPHABETICALLY BY Name 

page  address   name                             
----  -------   ----                             
0     0000b0dd  ADC_init                         
0     0000ab3c  ADC_setOffsetTrimAll             
0     0000aa43  ADC_setVREF                      
0     0000b0d7  ASYSCTL_init                     
0     0000b045  Board_init                       
0     0000aa1a  C$$EXIT                          
0     0000b0e9  C2000Ware_libraries_init         
0     0000af27  CH1_A_MCU_init                   
0     0000af37  CH1_B_MCU_init                   
0     0000af47  CH2_A_MCU_init                   
0     0000af57  CH2_B_MCU_init                   
0     0000af67  CH3_A_MCU_init                   
0     0000af77  CH3_B_MCU_init                   
0     0000af87  CH4_A_MCU_init                   
0     0000af97  CH4_B_MCU_init                   
0     0000afa7  CH5_A_MCU_init                   
0     0000b027  CH5_B_MCU_init                   
0     0000afb7  CH6_A_MCU_init                   
0     0000afc7  CH6_B_MCU_init                   
0     0000afd7  CH7_A_MCU_init                   
0     0000afe7  CH7_B_MCU_init                   
0     0000aff7  CH8_A_MCU_init                   
0     0000b007  CH8_B_MCU_init                   
0     0000a337  Device_enableAllPeripherals      
0     0000a8fd  Device_init                      
0     0000b017  Device_initGPIO                  
0     0000ab1b  GPIO_init                        
0     0000a702  GPIO_setAnalogMode               
0     0000a933  GPIO_setDirectionMode            
0     0000a623  GPIO_setPadConfig                
0     0000a88f  GPIO_setPinConfig                
0     0000a8c6  GPIO_setQualificationMode        
0     0000ab5c  I2C_configureModuleFrequency     
0     0000b0e2  I2C_init                         
0     0000adac  Interrupt_defaultHandler         
0     0000b08e  Interrupt_illegalOperationHandler
0     0000a852  Interrupt_initModule             
0     0000abb8  Interrupt_initVectorTable        
0     0000b098  Interrupt_nmiHandler             
0     0000a123  PinMux_init                      
0     00000128  SysCtl_delay                     
0     0000a5be  SysCtl_getClock                  
0     0000acad  SysCtl_getLowSpeedClock          
0     0000a239  SysCtl_isPLLValid                
0     0000a675  SysCtl_selectOscSource           
0     0000a748  SysCtl_selectXTAL                
0     0000aa90  SysCtl_selectXTALSingleEnded     
0     0000a000  SysCtl_setClock                  
0     00000138  __TI_CINIT_Base                  
0     0000013c  __TI_CINIT_Limit                 
0     0000013c  __TI_CINIT_Warm                  
0     00000134  __TI_Handler_Table_Base          
0     00000138  __TI_Handler_Table_Limit         
0     00000600  __TI_STACK_END                   
abs   00000200  __TI_STACK_SIZE                  
0     0000a9ef  __TI_auto_init_nobinit_nopinit   
0     0000b3cc  __TI_cleanup_ptr                 
0     0000a9c1  __TI_decompress_lzss             
0     0000b0ab  __TI_decompress_none             
0     0000b3ce  __TI_dtors_ptr                   
0     0000b3ca  __TI_enable_exit_profile_output  
abs   ffffffff  __TI_pprof_out_hndl              
abs   ffffffff  __TI_prof_data_size              
abs   ffffffff  __TI_prof_data_start             
0     0000a3d1  __c28xabi_divf                   
n/a   UNDEFED   __c_args__                       
0     0000b0d0  __error__                        
0     00000400  __stack                          
0     0000b06c  _args_main                       
0     0000ad3d  _c_int00                         
0     0000b3d0  _lock                            
0     0000b0aa  _nop                             
0     0000b0a6  _register_lock                   
0     0000b0a2  _register_unlock                 
0     0000b0ea  _system_post_cinit               
0     0000b0e7  _system_pre_init                 
0     0000b3d2  _unlock                          
0     0000aa1a  abort                            
0     00000000  code_start                       
0     0000aa1c  exit                             
0     0000b036  main                             
0     0000abd6  memcpy                           
0     0000a459  myADCA_init                      
0     0000a4d2  myADCC_init                      
0     0000a78e  myI2CA_init                      
0     0000a7d0  myI2CB_init                      


GLOBAL SYMBOLS: SORTED BY Symbol Address 

page  address   name                             
----  -------   ----                             
0     00000000  code_start                       
0     00000128  SysCtl_delay                     
0     00000134  __TI_Handler_Table_Base          
0     00000138  __TI_CINIT_Base                  
0     00000138  __TI_Handler_Table_Limit         
0     0000013c  __TI_CINIT_Limit                 
0     0000013c  __TI_CINIT_Warm                  
0     00000400  __stack                          
0     00000600  __TI_STACK_END                   
0     0000a000  SysCtl_setClock                  
0     0000a123  PinMux_init                      
0     0000a239  SysCtl_isPLLValid                
0     0000a337  Device_enableAllPeripherals      
0     0000a3d1  __c28xabi_divf                   
0     0000a459  myADCA_init                      
0     0000a4d2  myADCC_init                      
0     0000a5be  SysCtl_getClock                  
0     0000a623  GPIO_setPadConfig                
0     0000a675  SysCtl_selectOscSource           
0     0000a702  GPIO_setAnalogMode               
0     0000a748  SysCtl_selectXTAL                
0     0000a78e  myI2CA_init                      
0     0000a7d0  myI2CB_init                      
0     0000a852  Interrupt_initModule             
0     0000a88f  GPIO_setPinConfig                
0     0000a8c6  GPIO_setQualificationMode        
0     0000a8fd  Device_init                      
0     0000a933  GPIO_setDirectionMode            
0     0000a9c1  __TI_decompress_lzss             
0     0000a9ef  __TI_auto_init_nobinit_nopinit   
0     0000aa1a  C$$EXIT                          
0     0000aa1a  abort                            
0     0000aa1c  exit                             
0     0000aa43  ADC_setVREF                      
0     0000aa90  SysCtl_selectXTALSingleEnded     
0     0000ab1b  GPIO_init                        
0     0000ab3c  ADC_setOffsetTrimAll             
0     0000ab5c  I2C_configureModuleFrequency     
0     0000abb8  Interrupt_initVectorTable        
0     0000abd6  memcpy                           
0     0000acad  SysCtl_getLowSpeedClock          
0     0000ad3d  _c_int00                         
0     0000adac  Interrupt_defaultHandler         
0     0000af27  CH1_A_MCU_init                   
0     0000af37  CH1_B_MCU_init                   
0     0000af47  CH2_A_MCU_init                   
0     0000af57  CH2_B_MCU_init                   
0     0000af67  CH3_A_MCU_init                   
0     0000af77  CH3_B_MCU_init                   
0     0000af87  CH4_A_MCU_init                   
0     0000af97  CH4_B_MCU_init                   
0     0000afa7  CH5_A_MCU_init                   
0     0000afb7  CH6_A_MCU_init                   
0     0000afc7  CH6_B_MCU_init                   
0     0000afd7  CH7_A_MCU_init                   
0     0000afe7  CH7_B_MCU_init                   
0     0000aff7  CH8_A_MCU_init                   
0     0000b007  CH8_B_MCU_init                   
0     0000b017  Device_initGPIO                  
0     0000b027  CH5_B_MCU_init                   
0     0000b036  main                             
0     0000b045  Board_init                       
0     0000b06c  _args_main                       
0     0000b08e  Interrupt_illegalOperationHandler
0     0000b098  Interrupt_nmiHandler             
0     0000b0a2  _register_unlock                 
0     0000b0a6  _register_lock                   
0     0000b0aa  _nop                             
0     0000b0ab  __TI_decompress_none             
0     0000b0d0  __error__                        
0     0000b0d7  ASYSCTL_init                     
0     0000b0dd  ADC_init                         
0     0000b0e2  I2C_init                         
0     0000b0e7  _system_pre_init                 
0     0000b0e9  C2000Ware_libraries_init         
0     0000b0ea  _system_post_cinit               
0     0000b3ca  __TI_enable_exit_profile_output  
0     0000b3cc  __TI_cleanup_ptr                 
0     0000b3ce  __TI_dtors_ptr                   
0     0000b3d0  _lock                            
0     0000b3d2  _unlock                          
abs   00000200  __TI_STACK_SIZE                  
abs   ffffffff  __TI_pprof_out_hndl              
abs   ffffffff  __TI_prof_data_size              
abs   ffffffff  __TI_prof_data_start             
n/a   UNDEFED   __c_args__                       

[86 symbols]
