******************************************************************************
             TMS320C2000 Linker PC v22.6.3                     
******************************************************************************
>> Linked Mon Jun 29 15:13:40 2026

OUTPUT FILE NAME:   <NDT_AUXILIARY_Board.out>
ENTRY POINT SYMBOL: "code_start"  address: 00000000


MEMORY CONFIGURATION

         name            origin    length      used     unused   attr    fill
----------------------  --------  ---------  --------  --------  ----  --------
  BEGIN                 00000000   00000002  00000002  00000000  RWIX
  BOOT_RSVD             00000002   00000126  00000000  00000126  RWIX
  RAMM0                 00000128   000002d8  00000020  000002b8  RWIX
  RAMM1                 00000400   000003f8  00000200  000001f8  RWIX
  RAMLS4567             0000a000   00002000  00001eca  00000136  RWIX
  RAMGS0                0000c000   000007f8  00000000  000007f8  RWIX
  FLASH_BANK0_SEC0      00080002   00000ffe  00000000  00000ffe  RWIX
  FLASH_BANK0_SEC1      00081000   00001000  00000000  00001000  RWIX
  FLASH_BANK0_SEC2      00082000   00001000  00000000  00001000  RWIX
  FLASH_BANK0_SEC3      00083000   00001000  00000000  00001000  RWIX
  FLASH_BANK0_SEC4      00084000   00001000  00000000  00001000  RWIX
  FLASH_BANK0_SEC5      00085000   00001000  00000000  00001000  RWIX
  FLASH_BANK0_SEC6      00086000   00001000  00000000  00001000  RWIX
  FLASH_BANK0_SEC7      00087000   00001000  00000000  00001000  RWIX
  FLASH_BANK0_SEC8      00088000   00001000  00000000  00001000  RWIX
  FLASH_BANK0_SEC9      00089000   00001000  00000000  00001000  RWIX
  FLASH_BANK0_SEC10     0008a000   00001000  00000000  00001000  RWIX
  FLASH_BANK0_SEC11     0008b000   00001000  00000000  00001000  RWIX
  FLASH_BANK0_SEC12     0008c000   00001000  00000000  00001000  RWIX
  FLASH_BANK0_SEC13     0008d000   00001000  00000000  00001000  RWIX
  FLASH_BANK0_SEC14     0008e000   00001000  00000000  00001000  RWIX
  FLASH_BANK0_SEC15     0008f000   00000ff8  00000000  00000ff8  RWIX
  BOOTROM               003f0000   00008000  00000000  00008000  RWIX
  BOOTROM_EXT           003f8000   00007fc0  00000000  00007fc0  RWIX
  RESET                 003fffc0   00000002  00000000  00000002  RWIX


SECTION ALLOCATION MAP

 output                                  attributes/
section   page    origin      length       input sections
--------  ----  ----------  ----------   ----------------
.TI.ramfunc 
*          0    00000128    00000004     
                  00000128    00000004     driverlib.lib : sysctl.obj (.TI.ramfunc)

.cinit     0    0000012c    0000001c     
                  0000012c    0000000a     (.cinit..data.load) [load image, compression = lzss]
                  00000136    00000006     (__TI_handler_table)
                  0000013c    00000004     (.cinit..bss.load) [load image, compression = zero_init]
                  00000140    00000008     (__TI_cinit_table)

.text      0    0000a000    00001a38     
                  0000a000    0000014f     board.obj (.text:PinMux_init)
                  0000a14f    00000123     driverlib.lib : sysctl.obj (.text:SysCtl_setClock)
                  0000a272    000000fe                   : sysctl.obj (.text:SysCtl_isPLLValid)
                  0000a370    0000009c     rts2800_fpu32_eabi.lib : fd_add28.asm.obj (.text)
                  0000a40c    0000009a     device.obj (.text:Device_enableAllPeripherals)
                  0000a4a6    0000008b     rts2800_fpu32_eabi.lib : fd_div28.asm.obj (.text)
                  0000a531    00000088                            : fs_div28.asm.obj (.text)
                  0000a5b9    0000007f     driverlib.lib : interrupt.obj (.text:Interrupt_clearIFR)
                  0000a638    0000007b     main.obj (.text:INT_myI2CB_ISR)
                  0000a6b3    0000007b     max14808.obj (.text:max14808_init)
                  0000a72e    00000073     driverlib.lib : sysctl.obj (.text:DCC_setCounterSeeds)
                  0000a7a1    00000073     main.obj (.text:main)
                  0000a814    00000069     board.obj (.text:myADCA_init)
                  0000a87d    00000069     board.obj (.text:myADCC_init)
                  0000a8e6    00000065     driverlib.lib : sysctl.obj (.text:SysCtl_getClock)
                  0000a94b    00000064                   : i2c.obj (.text:I2C_initController)
                  0000a9af    0000005d     main.obj (.text:INT_myADCA_1_ISR)
                  0000aa0c    0000005d     main.obj (.text:INT_myADCC_1_ISR)
                  0000aa69    00000052     driverlib.lib : gpio.obj (.text:GPIO_setPadConfig)
                  0000aabb    0000004f     main.obj (.text:NDT_firePulse)
                  0000ab0a    0000004e     driverlib.lib : interrupt.obj (.text:Interrupt_disable)
                  0000ab58    0000004a     board.obj (.text:myI2CA_init)
                  0000aba2    00000049     board.obj (.text:myI2CB_init)
                  0000abeb    00000047     driverlib.lib : sysctl.obj (.text:SysCtl_selectOscSource)
                  0000ac32    00000046     board.obj (.text:ADC_setupSOC)
                  0000ac78    00000046     driverlib.lib : gpio.obj (.text:GPIO_setAnalogMode)
                  0000acbe    00000046                   : sysctl.obj (.text:SysCtl_selectXTAL)
                  0000ad04    00000044     main.obj (.text:GPIO_writePin)
                  0000ad48    00000040     driverlib.lib : sysctl.obj (.text:SysCtl_pollX1Counter)
                  0000ad88    0000003d                   : interrupt.obj (.text:Interrupt_initModule)
                  0000adc5    0000003c     main.obj (.text:GPIO_readPin)
                  0000ae01    0000003b     main.obj (.text:GPIO_togglePin)
                  0000ae3c    0000003b     max14808.obj (.text:max14808_enter_receive_mode)
                  0000ae77    00000039     board.obj (.text:GPIO_init)
                  0000aeb0    00000037     driverlib.lib : gpio.obj (.text:GPIO_setPinConfig)
                  0000aee7    00000037                   : gpio.obj (.text:GPIO_setQualificationMode)
                  0000af1e    00000037                   : interrupt.obj (.text:Interrupt_enable)
                  0000af55    00000036     device.obj (.text:Device_init)
                  0000af8b    00000035     max14808.obj (.text:_write_channel)
                  0000afc0    00000031     driverlib.lib : gpio.obj (.text:GPIO_setDirectionMode)
                  0000aff1    0000002f     main.obj (.text:NDT_initPulser)
                  0000b020    0000002e     board.obj (.text:ADC_setInterruptSOCTrigger)
                  0000b04e    0000002e     rts2800_fpu32_eabi.lib : copy_decompress_lzss.c.obj (.text:decompress:lzss)
                  0000b07c    0000002e     main.obj (.text:ndt_delay_us)
                  0000b0aa    0000002b     rts2800_fpu32_eabi.lib : autoinit.c.obj (.text:__TI_auto_init_nobinit_nopinit)
                  0000b0d5    0000002a     driverlib.lib : i2c.obj (.text:I2C_enableInterrupt)
                  0000b0ff    0000002a     max14808.obj (.text:_write_cc_pins)
                  0000b129    00000029     max14808.obj (.text:max14808_set_mode)
                  0000b152    00000029     rts2800_fpu32_eabi.lib : exit.c.obj (.text)
                  0000b17b    00000028     max14808.obj (.text:_write_mode_pins)
                  0000b1a3    00000027     driverlib.lib : adc.obj (.text:ADC_setVREF)
                  0000b1ca    00000026     board.obj (.text:I2C_setFIFOInterruptLevel)
                  0000b1f0    00000025     board.obj (.text:INTERRUPT_init)
                  0000b215    00000025     driverlib.lib : sysctl.obj (.text:SysCtl_selectXTALSingleEnded)
                  0000b23a    00000024                   : sysctl.obj (.text:DCC_enableSingleShotMode)
                  0000b25e    00000022                   : i2c.obj (.text:I2C_clearInterruptStatus)
                  0000b280    00000020                   : adc.obj (.text:ADC_setOffsetTrimAll)
                  0000b2a0    00000020                   : i2c.obj (.text:I2C_configureModuleFrequency)
                  0000b2c0    0000001e                   : sysctl.obj (.text:DCC_setCounter0ClkSource)
                  0000b2de    0000001e                   : sysctl.obj (.text:DCC_setCounter1ClkSource)
                  0000b2fc    0000001e                   : interrupt.obj (.text:Interrupt_initVectorTable)
                  0000b31a    0000001d     rts2800_fpu32_eabi.lib : memcpy.c.obj (.text)
                  0000b337    0000001c     board.obj (.text:ADC_setSOCPriority)
                  0000b353    0000001b     board.obj (.text:I2C_setOwnAddress)
                  0000b36e    0000001b     board.obj (.text:I2C_setTargetAddress)
                  0000b389    0000001b     rts2800_fpu32_eabi.lib : fd_toul28.asm.obj (.text)
                  0000b3a4    0000001a     board.obj (.text:I2C_setAddressMode)
                  0000b3be    0000001a     board.obj (.text:I2C_setBitCount)
                  0000b3d8    0000001a     board.obj (.text:I2C_setConfig)
                  0000b3f2    0000001a     board.obj (.text:I2C_setEmulationMode)
                  0000b40c    0000001a     driverlib.lib : sysctl.obj (.text:SysCtl_getLowSpeedClock)
                  0000b426    00000019                   : sysctl.obj (.text:SysCtl_setPLLSysClk)
                  0000b43f    00000018     board.obj (.text:I2C_disableFIFO)
                  0000b457    00000018     board.obj (.text:I2C_enableFIFO)
                  0000b46f    00000018     max14808.obj (.text:max14808_set_current)
                  0000b487    00000017     board.obj (.text:ASysCtl_setAnalogReferenceExternal)
                  0000b49e    00000017     device.obj (.text:SysCtl_enablePeripheral)
                  0000b4b5    00000017     driverlib.lib : sysctl.obj (.text:SysCtl_enablePeripheral)
                  0000b4cc    00000017     rts2800_fpu32_eabi.lib : boot28.asm.obj (.text)
                  0000b4e3    00000016     main.obj (.text:ADC_readResult)
                  0000b4f9    00000016     board.obj (.text:ADC_setInterruptCycleOffset)
                  0000b50f    00000016     board.obj (.text:ADC_setInterruptPulseMode)
                  0000b525    00000016     board.obj (.text:ADC_setPrescaler)
                  0000b53b    00000016     driverlib.lib : sysctl.obj (.text:DCC_disableDoneSignal)
                  0000b551    00000016                   : interrupt.obj (.text:Interrupt_defaultHandler)
                  0000b567    00000016     rts2800_fpu32_eabi.lib : ul_tofd28.asm.obj (.text)
                  0000b57d    00000015     board.obj (.text:ADC_disableBurstMode)
                  0000b592    00000015     driverlib.lib : sysctl.obj (.text:DCC_clearDoneFlag)
                  0000b5a7    00000015                   : sysctl.obj (.text:DCC_clearErrorFlag)
                  0000b5bc    00000015                   : sysctl.obj (.text:DCC_disableErrorSignal)
                  0000b5d1    00000015                   : sysctl.obj (.text:DCC_isBaseValid)
                  0000b5e6    00000014     main.obj (.text:ADC_clearInterruptStatus)
                  0000b5fa    00000014     main.obj (.text:ADC_forceMultipleSOC)
                  0000b60e    00000014     driverlib.lib : sysctl.obj (.text:DCC_disableModule)
                  0000b622    00000014                   : sysctl.obj (.text:DCC_enableModule)
                  0000b636    00000014                   : gpio.obj (.text:GPIO_isPinValid)
                  0000b64a    00000014     main.obj (.text:GPIO_isPinValid)
                  0000b65e    00000014     main.obj (.text:I2C_putData)
                  0000b672    00000014     device.obj (.text:SysCtl_deviceCal)
                  0000b686    00000013     board.obj (.text:ADC_enableConverter)
                  0000b699    00000013     board.obj (.text:ADC_isBaseValid)
                  0000b6ac    00000013     driverlib.lib : adc.obj (.text:ADC_isBaseValid)
                  0000b6bf    00000013     main.obj (.text:ADC_isBaseValid)
                  0000b6d2    00000013     board.obj (.text:I2C_disableLoopback)
                  0000b6e5    00000013     board.obj (.text:I2C_disableModule)
                  0000b6f8    00000013     board.obj (.text:I2C_enableModule)
                  0000b70b    00000013     main.obj (.text:I2C_getInterruptSource)
                  0000b71e    00000013     board.obj (.text:I2C_isBaseValid)
                  0000b731    00000013     driverlib.lib : i2c.obj (.text:I2C_isBaseValid)
                  0000b744    00000013     main.obj (.text:I2C_isBaseValid)
                  0000b757    00000012     board.obj (.text:I2C_setDataCount)
                  0000b769    00000010     board.obj (.text:AFE_GAIN_A1_init)
                  0000b779    00000010     board.obj (.text:AFE_GAIN_A2_init)
                  0000b789    00000010     board.obj (.text:AFE_GAIN_B1_init)
                  0000b799    00000010     board.obj (.text:AFE_GAIN_B2_init)
                  0000b7a9    00000010     board.obj (.text:Analog_EN_init)
                  0000b7b9    00000010     board.obj (.text:BOOT0_init)
                  0000b7c9    00000010     board.obj (.text:BOOT1_init)
                  0000b7d9    00000010     board.obj (.text:CH1_A_MCU_init)
                  0000b7e9    00000010     board.obj (.text:CH1_B_MCU_init)
                  0000b7f9    00000010     board.obj (.text:CH2_A_MCU_init)
                  0000b809    00000010     board.obj (.text:CH2_B_MCU_init)
                  0000b819    00000010     board.obj (.text:CH3_A_MCU_init)
                  0000b829    00000010     board.obj (.text:CH3_B_MCU_init)
                  0000b839    00000010     board.obj (.text:CH4_A_MCU_init)
                  0000b849    00000010     board.obj (.text:CH4_B_MCU_init)
                  0000b859    00000010     board.obj (.text:CH5_A_MCU_init)
                  0000b869    00000010     board.obj (.text:CH6_A_MCU_init)
                  0000b879    00000010     board.obj (.text:CH6_B_MCU_init)
                  0000b889    00000010     board.obj (.text:CH7_A_MCU_init)
                  0000b899    00000010     board.obj (.text:CH7_B_MCU_init)
                  0000b8a9    00000010     board.obj (.text:CH8_A_MCU_init)
                  0000b8b9    00000010     board.obj (.text:CH8_B_MCU_init)
                  0000b8c9    00000010     main.obj (.text:I2C_getData)
                  0000b8d9    00000010     board.obj (.text:MCU_LED_init)
                  0000b8e9    00000010     board.obj (.text:MODE0_init)
                  0000b8f9    00000010     board.obj (.text:MODE1_init)
                  0000b909    00000010     board.obj (.text:Pulser_EN_init)
                  0000b919    00000010     board.obj (.text:THP_init)
                  0000b929    0000000f     board.obj (.text:Board_init)
                  0000b938    0000000f     board.obj (.text:CH5_B_MCU_init)
                  0000b947    0000000f     board.obj (.text:Interrupt_register)
                  0000b956    0000000e     rts2800_fpu32_eabi.lib : fd_sub28.asm.obj (.text)
                  0000b964    0000000d     driverlib.lib : interrupt.obj (.text:Interrupt_disableGlobal)
                  0000b971    0000000d                   : interrupt.obj (.text:Interrupt_enableGlobal)
                  0000b97e    0000000d     main.obj (.text:Interrupt_enableGlobal)
                  0000b98b    0000000d     device.obj (.text:SysCtl_setLowSpeedClock)
                  0000b998    0000000d     rts2800_fpu32_eabi.lib : copy_zero_init.c.obj (.text:decompress:ZI:__TI_zero_init_nomemset)
                  0000b9a5    0000000c                            : args_main.c.obj (.text)
                  0000b9b1    0000000b     device.obj (.text:SysCtl_disableWatchdog)
                  0000b9bc    0000000b     driverlib.lib : sysctl.obj (.text:SysCtl_isMCDClockFailureDetected)
                  0000b9c7    0000000a                   : interrupt.obj (.text:Interrupt_illegalOperationHandler)
                  0000b9d1    0000000a                   : interrupt.obj (.text:Interrupt_nmiHandler)
                  0000b9db    00000009     main.obj (.text:ndt_gpio_write)
                  0000b9e4    00000009     rts2800_fpu32_eabi.lib : _lock.c.obj (.text)
                  0000b9ed    00000008                            : copy_decompress_none.c.obj (.text:decompress:none)
                  0000b9f5    00000008     f28002x_codestartbranch.obj (.text)
                  0000b9fd    00000007     board.obj (.text:ASysCtl_disableTemperatureSensor)
                  0000ba04    00000007     device.obj (.text:ASysCtl_lockVREG)
                  0000ba0b    00000007     driverlib.lib : sysctl.obj (.text:SysCtl_resetMCD)
                  0000ba12    00000007     device.obj (.text:__error__)
                  0000ba19    00000006     board.obj (.text:ASYSCTL_init)
                  0000ba1f    00000006     main.obj (.text:Interrupt_clearACKGroup)
                  0000ba25    00000006     main.obj (.text:ndt_gpio_read)
                  0000ba2b    00000005     board.obj (.text:ADC_init)
                  0000ba30    00000005     board.obj (.text:I2C_init)
                  0000ba35    00000002     rts2800_fpu32_eabi.lib : pre_init.c.obj (.text)
                  0000ba37    00000001                            : startup.c.obj (.text)

.reset     0    003fffc0    00000000     DSECT

codestart 
*          0    00000000    00000002     
                  00000000    00000002     f28002x_codestartbranch.obj (codestart)

.stack     0    00000400    00000200     UNINITIALIZED
                  00000400    00000200     --HOLE--

.bss       0    0000ba40    0000003c     UNINITIALIZED
                  0000ba40    0000003c     main.obj (.bss)

.init_array 
*          0    00000128    00000000     UNINITIALIZED

.const     0    0000ba7c    00000440     
                  0000ba7c    000000be     board.obj (.const:.string)
                  0000bb3a    000000bc     main.obj (.const:.string)
                  0000bbf6    0000009a     driverlib.lib : sysctl.obj (.const:.string)
                  0000bc90    00000098                   : gpio.obj (.const:.string)
                  0000bd28    00000055     device.obj (.const:.string)
                  0000bd7d    00000001     --HOLE-- [fill = 0]
                  0000bd7e    00000051     driverlib.lib : interrupt.obj (.const:.string)
                  0000bdcf    00000001     --HOLE-- [fill = 0]
                  0000bdd0    0000004b                   : adc.obj (.const:.string)
                  0000be1b    00000001     --HOLE-- [fill = 0]
                  0000be1c    0000004b                   : i2c.obj (.const:.string)
                  0000be67    00000019     --HOLE-- [fill = 0]
                  0000be80    0000003c     main.obj (.const)

.data      0    0000bebc    00000016     UNINITIALIZED
                  0000bebc    00000008     main.obj (.data:g_adcBuf)
                  0000bec4    00000006     rts2800_fpu32_eabi.lib : exit.c.obj (.data)
                  0000beca    00000003     main.obj (.data)
                  0000becd    00000001     --HOLE--
                  0000bece    00000002     rts2800_fpu32_eabi.lib : _lock.c.obj (.data:_lock)
                  0000bed0    00000002                            : _lock.c.obj (.data:_unlock)

MODULE SUMMARY

       Module                        code   ro data   rw data
       ------                        ----   -------   -------
    .\
       main.obj                      992    248       71     
       max14808.obj                  382    0         0      
    +--+-----------------------------+------+---------+---------+
       Total:                        1374   248       71     
                                                             
    .\device\
       device.obj                    289    85        0      
       f28002x_codestartbranch.obj   10     0         0      
    +--+-----------------------------+------+---------+---------+
       Total:                        299    85        0      
                                                             
    .\syscfg\
       board.obj                     1916   190       0      
    +--+-----------------------------+------+---------+---------+
       Total:                        1916   190       0      
                                                             
    C:/ti/C2000Ware_26_00_00_00/driverlib/f28002x/driverlib/ccs/Debug/driverlib.lib
       sysctl.obj                    1341   154       0      
       interrupt.obj                 419    81        0      
       gpio.obj                      331    152       0      
       i2c.obj                       227    75        0      
       adc.obj                       90     75        0      
    +--+-----------------------------+------+---------+---------+
       Total:                        2408   537       0      
                                                             
    C:\ti\ccs2040\ccs\tools\compiler\ti-cgt-c2000_22.6.3.LTS\lib\rts2800_fpu32_eabi.lib
       fd_add28.asm.obj              156    0         0      
       fd_div28.asm.obj              139    0         0      
       fs_div28.asm.obj              136    0         0      
       exit.c.obj                    41     0         6      
       copy_decompress_lzss.c.obj    46     0         0      
       autoinit.c.obj                43     0         0      
       memcpy.c.obj                  29     0         0      
       fd_toul28.asm.obj             27     0         0      
       boot28.asm.obj                23     0         0      
       ul_tofd28.asm.obj             22     0         0      
       fd_sub28.asm.obj              14     0         0      
       _lock.c.obj                   9      0         4      
       copy_zero_init.c.obj          13     0         0      
       args_main.c.obj               12     0         0      
       copy_decompress_none.c.obj    8      0         0      
       pre_init.c.obj                2      0         0      
       startup.c.obj                 1      0         0      
    +--+-----------------------------+------+---------+---------+
       Total:                        721    0         10     
                                                             
       Stack:                        0      0         512    
       Linker Generated:             0      28        0      
    +--+-----------------------------+------+---------+---------+
       Grand Total:                  6718   1088      593    


LINKER GENERATED COPY TABLES

__TI_cinit_table @ 00000140 records: 2, size/record: 4, table size: 8
	.data: load addr=0000012c, load size=0000000a bytes, run addr=0000bebc, run size=00000016 bytes, compression=lzss
	.bss: load addr=0000013c, load size=00000004 bytes, run addr=0000ba40, run size=0000003c bytes, compression=zero_init


LINKER GENERATED HANDLER TABLE

__TI_handler_table @ 00000136 records: 3, size/record: 2, table size: 6
	index: 0, handler: __TI_zero_init
	index: 1, handler: __TI_decompress_lzss
	index: 2, handler: __TI_decompress_none


GLOBAL DATA SYMBOLS: SORTED BY DATA PAGE

address     data page           name
--------    ----------------    ----
00000400      10 (00000400)     __stack

0000bebc     2fa (0000be80)     g_adcBuf

0000bec4     2fb (0000bec0)     __TI_enable_exit_profile_output
0000bec6     2fb (0000bec0)     __TI_cleanup_ptr
0000bec8     2fb (0000bec0)     __TI_dtors_ptr
0000beca     2fb (0000bec0)     g_ndtState
0000becc     2fb (0000bec0)     g_i2cTxPtr
0000bece     2fb (0000bec0)     _lock
0000bed0     2fb (0000bec0)     _unlock


GLOBAL SYMBOLS: SORTED ALPHABETICALLY BY Name 

page  address   name                             
----  -------   ----                             
0     0000ba2b  ADC_init                         
0     0000b280  ADC_setOffsetTrimAll             
0     0000b1a3  ADC_setVREF                      
0     0000b769  AFE_GAIN_A1_init                 
0     0000b779  AFE_GAIN_A2_init                 
0     0000b789  AFE_GAIN_B1_init                 
0     0000b799  AFE_GAIN_B2_init                 
0     0000ba19  ASYSCTL_init                     
0     0000b7a9  Analog_EN_init                   
0     0000b7b9  BOOT0_init                       
0     0000b7c9  BOOT1_init                       
0     0000b929  Board_init                       
0     0000b152  C$$EXIT                          
0     0000b7d9  CH1_A_MCU_init                   
0     0000b7e9  CH1_B_MCU_init                   
0     0000b7f9  CH2_A_MCU_init                   
0     0000b809  CH2_B_MCU_init                   
0     0000b819  CH3_A_MCU_init                   
0     0000b829  CH3_B_MCU_init                   
0     0000b839  CH4_A_MCU_init                   
0     0000b849  CH4_B_MCU_init                   
0     0000b859  CH5_A_MCU_init                   
0     0000b938  CH5_B_MCU_init                   
0     0000b869  CH6_A_MCU_init                   
0     0000b879  CH6_B_MCU_init                   
0     0000b889  CH7_A_MCU_init                   
0     0000b899  CH7_B_MCU_init                   
0     0000b8a9  CH8_A_MCU_init                   
0     0000b8b9  CH8_B_MCU_init                   
0     0000a40c  Device_enableAllPeripherals      
0     0000af55  Device_init                      
0     0000ae77  GPIO_init                        
0     0000ac78  GPIO_setAnalogMode               
0     0000afc0  GPIO_setDirectionMode            
0     0000aa69  GPIO_setPadConfig                
0     0000aeb0  GPIO_setPinConfig                
0     0000aee7  GPIO_setQualificationMode        
0     0000b25e  I2C_clearInterruptStatus         
0     0000b2a0  I2C_configureModuleFrequency     
0     0000b0d5  I2C_enableInterrupt              
0     0000ba30  I2C_init                         
0     0000a94b  I2C_initController               
0     0000b1f0  INTERRUPT_init                   
0     0000a9af  INT_myADCA_1_ISR                 
0     0000aa0c  INT_myADCC_1_ISR                 
0     0000a638  INT_myI2CB_ISR                   
0     0000b551  Interrupt_defaultHandler         
0     0000ab0a  Interrupt_disable                
0     0000af1e  Interrupt_enable                 
0     0000b9c7  Interrupt_illegalOperationHandler
0     0000ad88  Interrupt_initModule             
0     0000b2fc  Interrupt_initVectorTable        
0     0000b9d1  Interrupt_nmiHandler             
0     0000b8d9  MCU_LED_init                     
0     0000b8e9  MODE0_init                       
0     0000b8f9  MODE1_init                       
0     0000a000  PinMux_init                      
0     0000b909  Pulser_EN_init                   
0     00000128  SysCtl_delay                     
0     0000a8e6  SysCtl_getClock                  
0     0000b40c  SysCtl_getLowSpeedClock          
0     0000a272  SysCtl_isPLLValid                
0     0000abeb  SysCtl_selectOscSource           
0     0000acbe  SysCtl_selectXTAL                
0     0000b215  SysCtl_selectXTALSingleEnded     
0     0000a14f  SysCtl_setClock                  
0     0000b919  THP_init                         
0     00000140  __TI_CINIT_Base                  
0     00000148  __TI_CINIT_Limit                 
0     00000148  __TI_CINIT_Warm                  
0     00000136  __TI_Handler_Table_Base          
0     0000013c  __TI_Handler_Table_Limit         
0     00000600  __TI_STACK_END                   
abs   00000200  __TI_STACK_SIZE                  
0     0000b0aa  __TI_auto_init_nobinit_nopinit   
0     0000bec6  __TI_cleanup_ptr                 
0     0000b04e  __TI_decompress_lzss             
0     0000b9ed  __TI_decompress_none             
0     0000bec8  __TI_dtors_ptr                   
0     0000bec4  __TI_enable_exit_profile_output  
abs   ffffffff  __TI_pprof_out_hndl              
abs   ffffffff  __TI_prof_data_size              
abs   ffffffff  __TI_prof_data_start             
0     0000b998  __TI_zero_init_nomemset          
0     0000a370  __c28xabi_addd                   
0     0000a4a6  __c28xabi_divd                   
0     0000a531  __c28xabi_divf                   
0     0000b389  __c28xabi_dtoul                  
0     0000b956  __c28xabi_subd                   
0     0000b567  __c28xabi_ultod                  
n/a   UNDEFED   __c_args__                       
0     0000ba12  __error__                        
0     00000400  __stack                          
0     0000b9a5  _args_main                       
0     0000b4cc  _c_int00                         
0     0000bece  _lock                            
0     0000b9ec  _nop                             
0     0000b9e8  _register_lock                   
0     0000b9e4  _register_unlock                 
0     0000ba37  _system_post_cinit               
0     0000ba35  _system_pre_init                 
0     0000bed0  _unlock                          
0     0000b152  abort                            
0     00000000  code_start                       
0     0000b154  exit                             
0     0000bebc  g_adcBuf                         
0     0000becc  g_i2cTxPtr                       
0     0000beca  g_ndtState                       
0     0000a7a1  main                             
0     0000ae3c  max14808_enter_receive_mode      
0     0000a6b3  max14808_init                    
0     0000b46f  max14808_set_current             
0     0000b129  max14808_set_mode                
0     0000b31a  memcpy                           
0     0000a814  myADCA_init                      
0     0000a87d  myADCC_init                      
0     0000ab58  myI2CA_init                      
0     0000aba2  myI2CB_init                      


GLOBAL SYMBOLS: SORTED BY Symbol Address 

page  address   name                             
----  -------   ----                             
0     00000000  code_start                       
0     00000128  SysCtl_delay                     
0     00000136  __TI_Handler_Table_Base          
0     0000013c  __TI_Handler_Table_Limit         
0     00000140  __TI_CINIT_Base                  
0     00000148  __TI_CINIT_Limit                 
0     00000148  __TI_CINIT_Warm                  
0     00000400  __stack                          
0     00000600  __TI_STACK_END                   
0     0000a000  PinMux_init                      
0     0000a14f  SysCtl_setClock                  
0     0000a272  SysCtl_isPLLValid                
0     0000a370  __c28xabi_addd                   
0     0000a40c  Device_enableAllPeripherals      
0     0000a4a6  __c28xabi_divd                   
0     0000a531  __c28xabi_divf                   
0     0000a638  INT_myI2CB_ISR                   
0     0000a6b3  max14808_init                    
0     0000a7a1  main                             
0     0000a814  myADCA_init                      
0     0000a87d  myADCC_init                      
0     0000a8e6  SysCtl_getClock                  
0     0000a94b  I2C_initController               
0     0000a9af  INT_myADCA_1_ISR                 
0     0000aa0c  INT_myADCC_1_ISR                 
0     0000aa69  GPIO_setPadConfig                
0     0000ab0a  Interrupt_disable                
0     0000ab58  myI2CA_init                      
0     0000aba2  myI2CB_init                      
0     0000abeb  SysCtl_selectOscSource           
0     0000ac78  GPIO_setAnalogMode               
0     0000acbe  SysCtl_selectXTAL                
0     0000ad88  Interrupt_initModule             
0     0000ae3c  max14808_enter_receive_mode      
0     0000ae77  GPIO_init                        
0     0000aeb0  GPIO_setPinConfig                
0     0000aee7  GPIO_setQualificationMode        
0     0000af1e  Interrupt_enable                 
0     0000af55  Device_init                      
0     0000afc0  GPIO_setDirectionMode            
0     0000b04e  __TI_decompress_lzss             
0     0000b0aa  __TI_auto_init_nobinit_nopinit   
0     0000b0d5  I2C_enableInterrupt              
0     0000b129  max14808_set_mode                
0     0000b152  C$$EXIT                          
0     0000b152  abort                            
0     0000b154  exit                             
0     0000b1a3  ADC_setVREF                      
0     0000b1f0  INTERRUPT_init                   
0     0000b215  SysCtl_selectXTALSingleEnded     
0     0000b25e  I2C_clearInterruptStatus         
0     0000b280  ADC_setOffsetTrimAll             
0     0000b2a0  I2C_configureModuleFrequency     
0     0000b2fc  Interrupt_initVectorTable        
0     0000b31a  memcpy                           
0     0000b389  __c28xabi_dtoul                  
0     0000b40c  SysCtl_getLowSpeedClock          
0     0000b46f  max14808_set_current             
0     0000b4cc  _c_int00                         
0     0000b551  Interrupt_defaultHandler         
0     0000b567  __c28xabi_ultod                  
0     0000b769  AFE_GAIN_A1_init                 
0     0000b779  AFE_GAIN_A2_init                 
0     0000b789  AFE_GAIN_B1_init                 
0     0000b799  AFE_GAIN_B2_init                 
0     0000b7a9  Analog_EN_init                   
0     0000b7b9  BOOT0_init                       
0     0000b7c9  BOOT1_init                       
0     0000b7d9  CH1_A_MCU_init                   
0     0000b7e9  CH1_B_MCU_init                   
0     0000b7f9  CH2_A_MCU_init                   
0     0000b809  CH2_B_MCU_init                   
0     0000b819  CH3_A_MCU_init                   
0     0000b829  CH3_B_MCU_init                   
0     0000b839  CH4_A_MCU_init                   
0     0000b849  CH4_B_MCU_init                   
0     0000b859  CH5_A_MCU_init                   
0     0000b869  CH6_A_MCU_init                   
0     0000b879  CH6_B_MCU_init                   
0     0000b889  CH7_A_MCU_init                   
0     0000b899  CH7_B_MCU_init                   
0     0000b8a9  CH8_A_MCU_init                   
0     0000b8b9  CH8_B_MCU_init                   
0     0000b8d9  MCU_LED_init                     
0     0000b8e9  MODE0_init                       
0     0000b8f9  MODE1_init                       
0     0000b909  Pulser_EN_init                   
0     0000b919  THP_init                         
0     0000b929  Board_init                       
0     0000b938  CH5_B_MCU_init                   
0     0000b956  __c28xabi_subd                   
0     0000b998  __TI_zero_init_nomemset          
0     0000b9a5  _args_main                       
0     0000b9c7  Interrupt_illegalOperationHandler
0     0000b9d1  Interrupt_nmiHandler             
0     0000b9e4  _register_unlock                 
0     0000b9e8  _register_lock                   
0     0000b9ec  _nop                             
0     0000b9ed  __TI_decompress_none             
0     0000ba12  __error__                        
0     0000ba19  ASYSCTL_init                     
0     0000ba2b  ADC_init                         
0     0000ba30  I2C_init                         
0     0000ba35  _system_pre_init                 
0     0000ba37  _system_post_cinit               
0     0000bebc  g_adcBuf                         
0     0000bec4  __TI_enable_exit_profile_output  
0     0000bec6  __TI_cleanup_ptr                 
0     0000bec8  __TI_dtors_ptr                   
0     0000beca  g_ndtState                       
0     0000becc  g_i2cTxPtr                       
0     0000bece  _lock                            
0     0000bed0  _unlock                          
abs   00000200  __TI_STACK_SIZE                  
abs   ffffffff  __TI_pprof_out_hndl              
abs   ffffffff  __TI_prof_data_size              
abs   ffffffff  __TI_prof_data_start             
n/a   UNDEFED   __c_args__                       

[118 symbols]
