<?xml version="1.0" encoding="ISO-8859-1" ?>
<link_info>
   <banner>TMS320C2000 Linker PC v22.6.3.LTS</banner>
   <copyright>Copyright (c) 1996-2018 Texas Instruments Incorporated</copyright>
   <link_time>0x6a7b253f</link_time>
   <link_errors>0x0</link_errors>
   <output_file>NDT_AUXILIARY.out</output_file>
   <entry_point>
      <name>code_start</name>
      <address>0x80000</address>
   </entry_point>
   <input_file_list>
      <input_file id="fl-2">
         <path>.\</path>
         <kind>object</kind>
         <file>i2ca_eeprom.obj</file>
         <name>i2ca_eeprom.obj</name>
      </input_file>
      <input_file id="fl-3">
         <path>.\</path>
         <kind>object</kind>
         <file>m24m01e.obj</file>
         <name>m24m01e.obj</name>
      </input_file>
      <input_file id="fl-4">
         <path>.\</path>
         <kind>object</kind>
         <file>main.obj</file>
         <name>main.obj</name>
      </input_file>
      <input_file id="fl-5">
         <path>.\</path>
         <kind>object</kind>
         <file>max14808.obj</file>
         <name>max14808.obj</name>
      </input_file>
      <input_file id="fl-6">
         <path>.\syscfg\</path>
         <kind>object</kind>
         <file>board.obj</file>
         <name>board.obj</name>
      </input_file>
      <input_file id="fl-7">
         <path>.\syscfg\</path>
         <kind>object</kind>
         <file>device.obj</file>
         <name>device.obj</name>
      </input_file>
      <input_file id="fl-8">
         <path>.\syscfg\</path>
         <kind>object</kind>
         <file>c2000ware_libraries.obj</file>
         <name>c2000ware_libraries.obj</name>
      </input_file>
      <input_file id="fl-9">
         <path>.\</path>
         <kind>object</kind>
         <file>f28002x_codestartbranch.obj</file>
         <name>f28002x_codestartbranch.obj</name>
      </input_file>
      <input_file id="fl-e">
         <kind>object</kind>
         <file>&lt;internal&gt;</file>
         <name>&lt;internal&gt;</name>
      </input_file>
      <input_file id="fl-f">
         <path>C:\ti\C2000Ware_26_00_00_00\driverlib\f28002x\driverlib\ccs\Debug\</path>
         <kind>archive</kind>
         <file>driverlib.lib</file>
         <name>adc.obj</name>
      </input_file>
      <input_file id="fl-10">
         <path>C:\ti\C2000Ware_26_00_00_00\driverlib\f28002x\driverlib\ccs\Debug\</path>
         <kind>archive</kind>
         <file>driverlib.lib</file>
         <name>cputimer.obj</name>
      </input_file>
      <input_file id="fl-11">
         <path>C:\ti\C2000Ware_26_00_00_00\driverlib\f28002x\driverlib\ccs\Debug\</path>
         <kind>archive</kind>
         <file>driverlib.lib</file>
         <name>dcc.obj</name>
      </input_file>
      <input_file id="fl-12">
         <path>C:\ti\C2000Ware_26_00_00_00\driverlib\f28002x\driverlib\ccs\Debug\</path>
         <kind>archive</kind>
         <file>driverlib.lib</file>
         <name>gpio.obj</name>
      </input_file>
      <input_file id="fl-13">
         <path>C:\ti\C2000Ware_26_00_00_00\driverlib\f28002x\driverlib\ccs\Debug\</path>
         <kind>archive</kind>
         <file>driverlib.lib</file>
         <name>i2c.obj</name>
      </input_file>
      <input_file id="fl-14">
         <path>C:\ti\C2000Ware_26_00_00_00\driverlib\f28002x\driverlib\ccs\Debug\</path>
         <kind>archive</kind>
         <file>driverlib.lib</file>
         <name>interrupt.obj</name>
      </input_file>
      <input_file id="fl-15">
         <path>C:\ti\C2000Ware_26_00_00_00\driverlib\f28002x\driverlib\ccs\Debug\</path>
         <kind>archive</kind>
         <file>driverlib.lib</file>
         <name>sysctl.obj</name>
      </input_file>
      <input_file id="fl-21">
         <path>C:\ti\ccs2040\ccs\tools\compiler\ti-cgt-c2000_22.6.3.LTS\lib\</path>
         <kind>archive</kind>
         <file>rts2800_fpu32_eabi.lib</file>
         <name>boot28.asm.obj</name>
      </input_file>
      <input_file id="fl-22">
         <path>C:\ti\ccs2040\ccs\tools\compiler\ti-cgt-c2000_22.6.3.LTS\lib\</path>
         <kind>archive</kind>
         <file>rts2800_fpu32_eabi.lib</file>
         <name>fd_sub28.asm.obj</name>
      </input_file>
      <input_file id="fl-23">
         <path>C:\ti\ccs2040\ccs\tools\compiler\ti-cgt-c2000_22.6.3.LTS\lib\</path>
         <kind>archive</kind>
         <file>rts2800_fpu32_eabi.lib</file>
         <name>fd_toul28.asm.obj</name>
      </input_file>
      <input_file id="fl-24">
         <path>C:\ti\ccs2040\ccs\tools\compiler\ti-cgt-c2000_22.6.3.LTS\lib\</path>
         <kind>archive</kind>
         <file>rts2800_fpu32_eabi.lib</file>
         <name>fs_div28.asm.obj</name>
      </input_file>
      <input_file id="fl-25">
         <path>C:\ti\ccs2040\ccs\tools\compiler\ti-cgt-c2000_22.6.3.LTS\lib\</path>
         <kind>archive</kind>
         <file>rts2800_fpu32_eabi.lib</file>
         <name>ul_tofd28.asm.obj</name>
      </input_file>
      <input_file id="fl-26">
         <path>C:\ti\ccs2040\ccs\tools\compiler\ti-cgt-c2000_22.6.3.LTS\lib\</path>
         <kind>archive</kind>
         <file>rts2800_fpu32_eabi.lib</file>
         <name>fd_div28.asm.obj</name>
      </input_file>
      <input_file id="fl-27">
         <path>C:\ti\ccs2040\ccs\tools\compiler\ti-cgt-c2000_22.6.3.LTS\lib\</path>
         <kind>archive</kind>
         <file>rts2800_fpu32_eabi.lib</file>
         <name>pre_init.c.obj</name>
      </input_file>
      <input_file id="fl-28">
         <path>C:\ti\ccs2040\ccs\tools\compiler\ti-cgt-c2000_22.6.3.LTS\lib\</path>
         <kind>archive</kind>
         <file>rts2800_fpu32_eabi.lib</file>
         <name>autoinit.c.obj</name>
      </input_file>
      <input_file id="fl-29">
         <path>C:\ti\ccs2040\ccs\tools\compiler\ti-cgt-c2000_22.6.3.LTS\lib\</path>
         <kind>archive</kind>
         <file>rts2800_fpu32_eabi.lib</file>
         <name>copy_zero_init.c.obj</name>
      </input_file>
      <input_file id="fl-2a">
         <path>C:\ti\ccs2040\ccs\tools\compiler\ti-cgt-c2000_22.6.3.LTS\lib\</path>
         <kind>archive</kind>
         <file>rts2800_fpu32_eabi.lib</file>
         <name>copy_decompress_none.c.obj</name>
      </input_file>
      <input_file id="fl-2b">
         <path>C:\ti\ccs2040\ccs\tools\compiler\ti-cgt-c2000_22.6.3.LTS\lib\</path>
         <kind>archive</kind>
         <file>rts2800_fpu32_eabi.lib</file>
         <name>copy_decompress_lzss.c.obj</name>
      </input_file>
      <input_file id="fl-2c">
         <path>C:\ti\ccs2040\ccs\tools\compiler\ti-cgt-c2000_22.6.3.LTS\lib\</path>
         <kind>archive</kind>
         <file>rts2800_fpu32_eabi.lib</file>
         <name>exit.c.obj</name>
      </input_file>
      <input_file id="fl-2d">
         <path>C:\ti\ccs2040\ccs\tools\compiler\ti-cgt-c2000_22.6.3.LTS\lib\</path>
         <kind>archive</kind>
         <file>rts2800_fpu32_eabi.lib</file>
         <name>_lock.c.obj</name>
      </input_file>
      <input_file id="fl-2e">
         <path>C:\ti\ccs2040\ccs\tools\compiler\ti-cgt-c2000_22.6.3.LTS\lib\</path>
         <kind>archive</kind>
         <file>rts2800_fpu32_eabi.lib</file>
         <name>args_main.c.obj</name>
      </input_file>
      <input_file id="fl-2f">
         <path>C:\ti\ccs2040\ccs\tools\compiler\ti-cgt-c2000_22.6.3.LTS\lib\</path>
         <kind>archive</kind>
         <file>rts2800_fpu32_eabi.lib</file>
         <name>memset.c.obj</name>
      </input_file>
      <input_file id="fl-30">
         <path>C:\ti\ccs2040\ccs\tools\compiler\ti-cgt-c2000_22.6.3.LTS\lib\</path>
         <kind>archive</kind>
         <file>rts2800_fpu32_eabi.lib</file>
         <name>fd_add28.asm.obj</name>
      </input_file>
      <input_file id="fl-31">
         <path>C:\ti\ccs2040\ccs\tools\compiler\ti-cgt-c2000_22.6.3.LTS\lib\</path>
         <kind>archive</kind>
         <file>rts2800_fpu32_eabi.lib</file>
         <name>cpy_tbl.c.obj</name>
      </input_file>
      <input_file id="fl-32">
         <path>C:\ti\ccs2040\ccs\tools\compiler\ti-cgt-c2000_22.6.3.LTS\lib\</path>
         <kind>archive</kind>
         <file>rts2800_fpu32_eabi.lib</file>
         <name>memcpy.c.obj</name>
      </input_file>
      <input_file id="fl-33">
         <path>C:\ti\ccs2040\ccs\tools\compiler\ti-cgt-c2000_22.6.3.LTS\lib\</path>
         <kind>archive</kind>
         <file>rts2800_fpu32_eabi.lib</file>
         <name>startup.c.obj</name>
      </input_file>
   </input_file_list>
   <object_component_list>
      <object_component id="oc-21">
         <name>codestart</name>
         <load_address>0x80000</load_address>
         <run_address>0x80000</run_address>
         <size>0x2</size>
         <input_file_ref idref="fl-9"/>
      </object_component>
      <object_component id="oc-225">
         <name>.text:SYSCTL_init</name>
         <load_address>0x80008</load_address>
         <run_address>0x80008</run_address>
         <size>0x2c0</size>
         <input_file_ref idref="fl-6"/>
      </object_component>
      <object_component id="oc-21f">
         <name>.text:PinMux_init</name>
         <load_address>0x802c8</load_address>
         <run_address>0x802c8</run_address>
         <size>0x153</size>
         <input_file_ref idref="fl-6"/>
      </object_component>
      <object_component id="oc-306">
         <name>.text:m24m01e_ascan_save</name>
         <load_address>0x8041b</load_address>
         <run_address>0x8041b</run_address>
         <size>0x137</size>
         <input_file_ref idref="fl-3"/>
      </object_component>
      <object_component id="oc-2c">
         <name>.text:INT_myI2CB_ISR</name>
         <load_address>0x80552</load_address>
         <run_address>0x80552</run_address>
         <size>0x135</size>
         <input_file_ref idref="fl-4"/>
      </object_component>
      <object_component id="oc-1ec">
         <name>.text:SysCtl_setClock</name>
         <load_address>0x80687</load_address>
         <run_address>0x80687</run_address>
         <size>0x123</size>
         <input_file_ref idref="fl-15"/>
      </object_component>
      <object_component id="oc-334">
         <name>.text:SysCtl_isPLLValid</name>
         <load_address>0x807aa</load_address>
         <run_address>0x807aa</run_address>
         <size>0xfe</size>
         <input_file_ref idref="fl-15"/>
      </object_component>
      <object_component id="oc-2c2">
         <name>.text:i2ca_ep_write_read</name>
         <load_address>0x808a8</load_address>
         <run_address>0x808a8</run_address>
         <size>0xbe</size>
         <input_file_ref idref="fl-2"/>
      </object_component>
      <object_component id="oc-39a">
         <name>.text:myADCA_init</name>
         <load_address>0x80966</load_address>
         <run_address>0x80966</run_address>
         <size>0xb8</size>
         <input_file_ref idref="fl-6"/>
      </object_component>
      <object_component id="oc-69e">
         <name>.text</name>
         <load_address>0x80a1e</load_address>
         <run_address>0x80a1e</run_address>
         <size>0x9c</size>
         <input_file_ref idref="fl-30"/>
      </object_component>
      <object_component id="oc-156">
         <name>.text:main</name>
         <load_address>0x80aba</load_address>
         <run_address>0x80aba</run_address>
         <size>0x9a</size>
         <input_file_ref idref="fl-4"/>
      </object_component>
      <object_component id="oc-48e">
         <name>.text</name>
         <load_address>0x80b54</load_address>
         <run_address>0x80b54</run_address>
         <size>0x8b</size>
         <input_file_ref idref="fl-26"/>
      </object_component>
      <object_component id="oc-571">
         <name>.text</name>
         <load_address>0x80bdf</load_address>
         <run_address>0x80bdf</run_address>
         <size>0x88</size>
         <input_file_ref idref="fl-24"/>
      </object_component>
      <object_component id="oc-2bc">
         <name>.text:i2ca_ep_write</name>
         <load_address>0x80c67</load_address>
         <run_address>0x80c67</run_address>
         <size>0x7d</size>
         <input_file_ref idref="fl-2"/>
      </object_component>
      <object_component id="oc-52e">
         <name>.text:ascan_read_hdr</name>
         <load_address>0x80ce4</load_address>
         <run_address>0x80ce4</run_address>
         <size>0x7b</size>
         <input_file_ref idref="fl-3"/>
      </object_component>
      <object_component id="oc-2af">
         <name>.text:max14808_init</name>
         <load_address>0x80d5f</load_address>
         <run_address>0x80d5f</run_address>
         <size>0x7b</size>
         <input_file_ref idref="fl-5"/>
      </object_component>
      <object_component id="oc-30c">
         <name>.text:m24m01e_ascan_load</name>
         <load_address>0x80dda</load_address>
         <run_address>0x80dda</run_address>
         <size>0x79</size>
         <input_file_ref idref="fl-3"/>
      </object_component>
      <object_component id="oc-280">
         <name>.text:EPWM_setADCTriggerSource</name>
         <load_address>0x80e53</load_address>
         <run_address>0x80e53</run_address>
         <size>0x75</size>
         <input_file_ref idref="fl-4"/>
      </object_component>
      <object_component id="oc-2f5">
         <name>.text:NDT_packHdrStream</name>
         <load_address>0x80ec8</load_address>
         <run_address>0x80ec8</run_address>
         <size>0x74</size>
         <input_file_ref idref="fl-4"/>
      </object_component>
      <object_component id="oc-5a6">
         <name>.text:DCC_setCounterSeeds</name>
         <load_address>0x80f3c</load_address>
         <run_address>0x80f3c</run_address>
         <size>0x73</size>
         <input_file_ref idref="fl-15"/>
      </object_component>
      <object_component id="oc-1b8">
         <name>.text:NDT_fireAndCapture</name>
         <load_address>0x80faf</load_address>
         <run_address>0x80faf</run_address>
         <size>0x4f</size>
         <input_file_ref idref="fl-4"/>
      </object_component>
      <object_component id="oc-107">
         <name>.text</name>
         <load_address>0x80ffe</load_address>
         <run_address>0x80ffe</run_address>
         <size>0x2</size>
         <input_file_ref idref="fl-27"/>
      </object_component>
      <object_component id="oc-3a0">
         <name>.text:myADCC_init</name>
         <load_address>0x81000</load_address>
         <run_address>0x81000</run_address>
         <size>0x69</size>
         <input_file_ref idref="fl-6"/>
      </object_component>
      <object_component id="oc-204">
         <name>.text:SysCtl_getClock</name>
         <load_address>0x81069</load_address>
         <run_address>0x81069</run_address>
         <size>0x65</size>
         <input_file_ref idref="fl-15"/>
      </object_component>
      <object_component id="oc-634">
         <name>.text:I2C_initController</name>
         <load_address>0x810ce</load_address>
         <run_address>0x810ce</run_address>
         <size>0x64</size>
         <input_file_ref idref="fl-13"/>
      </object_component>
      <object_component id="oc-559">
         <name>.text:m24m01e_read</name>
         <load_address>0x81132</load_address>
         <run_address>0x81132</run_address>
         <size>0x5b</size>
         <input_file_ref idref="fl-3"/>
      </object_component>
      <object_component id="oc-355">
         <name>.text:GPIO_setPadConfig</name>
         <load_address>0x8118d</load_address>
         <run_address>0x8118d</run_address>
         <size>0x52</size>
         <input_file_ref idref="fl-12"/>
      </object_component>
      <object_component id="oc-54c">
         <name>.text:m24m01e_write</name>
         <load_address>0x811df</load_address>
         <run_address>0x811df</run_address>
         <size>0x52</size>
         <input_file_ref idref="fl-3"/>
      </object_component>
      <object_component id="oc-193">
         <name>.text:NDT_initTimers</name>
         <load_address>0x81231</load_address>
         <run_address>0x81231</run_address>
         <size>0x4b</size>
         <input_file_ref idref="fl-4"/>
      </object_component>
      <object_component id="oc-456">
         <name>.text:myI2CA_init</name>
         <load_address>0x8127c</load_address>
         <run_address>0x8127c</run_address>
         <size>0x4a</size>
         <input_file_ref idref="fl-6"/>
      </object_component>
      <object_component id="oc-45c">
         <name>.text:myI2CB_init</name>
         <load_address>0x812c6</load_address>
         <run_address>0x812c6</run_address>
         <size>0x49</size>
         <input_file_ref idref="fl-6"/>
      </object_component>
      <object_component id="oc-2e3">
         <name>.text:NDT_burst</name>
         <load_address>0x8130f</load_address>
         <run_address>0x8130f</run_address>
         <size>0x48</size>
         <input_file_ref idref="fl-4"/>
      </object_component>
      <object_component id="oc-328">
         <name>.text:SysCtl_selectOscSource</name>
         <load_address>0x81357</load_address>
         <run_address>0x81357</run_address>
         <size>0x47</size>
         <input_file_ref idref="fl-15"/>
      </object_component>
      <object_component id="oc-5fd">
         <name>.text:ADC_setupSOC</name>
         <load_address>0x8139e</load_address>
         <run_address>0x8139e</run_address>
         <size>0x46</size>
         <input_file_ref idref="fl-6"/>
      </object_component>
      <object_component id="oc-34f">
         <name>.text:GPIO_setAnalogMode</name>
         <load_address>0x813e4</load_address>
         <run_address>0x813e4</run_address>
         <size>0x46</size>
         <input_file_ref idref="fl-12"/>
      </object_component>
      <object_component id="oc-563">
         <name>.text:SysCtl_selectXTAL</name>
         <load_address>0x8142a</load_address>
         <run_address>0x8142a</run_address>
         <size>0x46</size>
         <input_file_ref idref="fl-15"/>
      </object_component>
      <object_component id="oc-6e4">
         <name>.text:write_page_chunk</name>
         <load_address>0x81470</load_address>
         <run_address>0x81470</run_address>
         <size>0x46</size>
         <input_file_ref idref="fl-3"/>
      </object_component>
      <object_component id="oc-199">
         <name>.text:GPIO_writePin</name>
         <load_address>0x814b6</load_address>
         <run_address>0x814b6</run_address>
         <size>0x44</size>
         <input_file_ref idref="fl-4"/>
      </object_component>
      <object_component id="oc-6ed">
         <name>.text:SysCtl_pollX1Counter</name>
         <load_address>0x814fa</load_address>
         <run_address>0x814fa</run_address>
         <size>0x40</size>
         <input_file_ref idref="fl-15"/>
      </object_component>
      <object_component id="oc-1c7">
         <name>.text:NDT_runEepromOp</name>
         <load_address>0x8153a</load_address>
         <run_address>0x8153a</run_address>
         <size>0x3e</size>
         <input_file_ref idref="fl-4"/>
      </object_component>
      <object_component id="oc-187">
         <name>.text:Interrupt_initModule</name>
         <load_address>0x81578</load_address>
         <run_address>0x81578</run_address>
         <size>0x3d</size>
         <input_file_ref idref="fl-14"/>
      </object_component>
      <object_component id="oc-1b2">
         <name>.text:GPIO_readPin</name>
         <load_address>0x815b5</load_address>
         <run_address>0x815b5</run_address>
         <size>0x3c</size>
         <input_file_ref idref="fl-4"/>
      </object_component>
      <object_component id="oc-237">
         <name>.text:GPIO_init</name>
         <load_address>0x815f1</load_address>
         <run_address>0x815f1</run_address>
         <size>0x3b</size>
         <input_file_ref idref="fl-6"/>
      </object_component>
      <object_component id="oc-79">
         <name>.text:GPIO_togglePin</name>
         <load_address>0x8162c</load_address>
         <run_address>0x8162c</run_address>
         <size>0x3b</size>
         <input_file_ref idref="fl-4"/>
      </object_component>
      <object_component id="oc-2e9">
         <name>.text:max14808_enter_receive_mode</name>
         <load_address>0x81667</load_address>
         <run_address>0x81667</run_address>
         <size>0x3b</size>
         <input_file_ref idref="fl-5"/>
      </object_component>
      <object_component id="oc-181">
         <name>.text:Device_init</name>
         <load_address>0x816a2</load_address>
         <run_address>0x816a2</run_address>
         <size>0x3a</size>
         <input_file_ref idref="fl-7"/>
      </object_component>
      <object_component id="oc-286">
         <name>.text:EPWM_setADCTriggerEventPrescale</name>
         <load_address>0x816dc</load_address>
         <run_address>0x816dc</run_address>
         <size>0x3a</size>
         <input_file_ref idref="fl-4"/>
      </object_component>
      <object_component id="oc-754">
         <name>.text:m24m01e_wait_ready</name>
         <load_address>0x81716</load_address>
         <run_address>0x81716</run_address>
         <size>0x39</size>
         <input_file_ref idref="fl-3"/>
      </object_component>
      <object_component id="oc-349">
         <name>.text:GPIO_setPinConfig</name>
         <load_address>0x8174f</load_address>
         <run_address>0x8174f</run_address>
         <size>0x37</size>
         <input_file_ref idref="fl-12"/>
      </object_component>
      <object_component id="oc-35b">
         <name>.text:GPIO_setQualificationMode</name>
         <load_address>0x81786</load_address>
         <run_address>0x81786</run_address>
         <size>0x37</size>
         <input_file_ref idref="fl-12"/>
      </object_component>
      <object_component id="oc-a2">
         <name>.text:Interrupt_enable</name>
         <load_address>0x817bd</load_address>
         <run_address>0x817bd</run_address>
         <size>0x37</size>
         <input_file_ref idref="fl-14"/>
      </object_component>
      <object_component id="oc-49e">
         <name>.text:_write_channel</name>
         <load_address>0x817f4</load_address>
         <run_address>0x817f4</run_address>
         <size>0x35</size>
         <input_file_ref idref="fl-5"/>
      </object_component>
      <object_component id="oc-60b">
         <name>.text:GPIO_setDirectionMode</name>
         <load_address>0x81829</load_address>
         <run_address>0x81829</run_address>
         <size>0x31</size>
         <input_file_ref idref="fl-12"/>
      </object_component>
      <object_component id="oc-1a0">
         <name>.text:NDT_initPulser</name>
         <load_address>0x8185a</load_address>
         <run_address>0x8185a</run_address>
         <size>0x2f</size>
         <input_file_ref idref="fl-4"/>
      </object_component>
      <object_component id="oc-603">
         <name>.text:ADC_setInterruptSOCTrigger</name>
         <load_address>0x81889</load_address>
         <run_address>0x81889</run_address>
         <size>0x2e</size>
         <input_file_ref idref="fl-6"/>
      </object_component>
      <object_component id="oc-14">
         <name>.text:decompress:lzss</name>
         <load_address>0x818b7</load_address>
         <run_address>0x818b7</run_address>
         <size>0x2e</size>
         <input_file_ref idref="fl-2b"/>
      </object_component>
      <object_component id="oc-2a9">
         <name>.text:ndt_delay_us</name>
         <load_address>0x818e5</load_address>
         <run_address>0x818e5</run_address>
         <size>0x2e</size>
         <input_file_ref idref="fl-4"/>
      </object_component>
      <object_component id="oc-553">
         <name>.text:m24m01e_ascan_find</name>
         <load_address>0x81913</load_address>
         <run_address>0x81913</run_address>
         <size>0x2d</size>
         <input_file_ref idref="fl-3"/>
      </object_component>
      <object_component id="oc-1a6">
         <name>.text:NDT_initEeprom</name>
         <load_address>0x81940</load_address>
         <run_address>0x81940</run_address>
         <size>0x2c</size>
         <input_file_ref idref="fl-4"/>
      </object_component>
      <object_component id="oc-126">
         <name>.text:__TI_auto_init_nobinit_nopinit</name>
         <load_address>0x8196c</load_address>
         <run_address>0x8196c</run_address>
         <size>0x2b</size>
         <input_file_ref idref="fl-28"/>
      </object_component>
      <object_component id="oc-68f">
         <name>.text:I2C_enableInterrupt</name>
         <load_address>0x81997</load_address>
         <run_address>0x81997</run_address>
         <size>0x2a</size>
         <input_file_ref idref="fl-13"/>
      </object_component>
      <object_component id="oc-4a4">
         <name>.text:_write_cc_pins</name>
         <load_address>0x819c1</load_address>
         <run_address>0x819c1</run_address>
         <size>0x2a</size>
         <input_file_ref idref="fl-5"/>
      </object_component>
      <object_component id="oc-1c1">
         <name>.text:max14808_set_mode</name>
         <load_address>0x819eb</load_address>
         <run_address>0x819eb</run_address>
         <size>0x29</size>
         <input_file_ref idref="fl-5"/>
      </object_component>
      <object_component id="oc-114">
         <name>.text</name>
         <load_address>0x81a14</load_address>
         <run_address>0x81a14</run_address>
         <size>0x29</size>
         <input_file_ref idref="fl-2c"/>
      </object_component>
      <object_component id="oc-2fe">
         <name>.text:_write_mode_pins</name>
         <load_address>0x81a3d</load_address>
         <run_address>0x81a3d</run_address>
         <size>0x28</size>
         <input_file_ref idref="fl-5"/>
      </object_component>
      <object_component id="oc-5d3">
         <name>.text:ADC_setVREF</name>
         <load_address>0x81a65</load_address>
         <run_address>0x81a65</run_address>
         <size>0x27</size>
         <input_file_ref idref="fl-f"/>
      </object_component>
      <object_component id="oc-1f8">
         <name>.text:CAN_selectClockSource</name>
         <load_address>0x81a8c</load_address>
         <run_address>0x81a8c</run_address>
         <size>0x27</size>
         <input_file_ref idref="fl-7"/>
      </object_component>
      <object_component id="oc-476">
         <name>.text:EPWM_isBaseValid</name>
         <load_address>0x81ab3</load_address>
         <run_address>0x81ab3</run_address>
         <size>0x27</size>
         <input_file_ref idref="fl-4"/>
      </object_component>
      <object_component id="oc-66a">
         <name>.text:I2C_setFIFOInterruptLevel</name>
         <load_address>0x81ada</load_address>
         <run_address>0x81ada</run_address>
         <size>0x26</size>
         <input_file_ref idref="fl-6"/>
      </object_component>
      <object_component id="oc-569">
         <name>.text:SysCtl_selectXTALSingleEnded</name>
         <load_address>0x81b00</load_address>
         <run_address>0x81b00</run_address>
         <size>0x25</size>
         <input_file_ref idref="fl-15"/>
      </object_component>
      <object_component id="oc-2ce">
         <name>.text:m24m01e_init</name>
         <load_address>0x81b25</load_address>
         <run_address>0x81b25</run_address>
         <size>0x25</size>
         <input_file_ref idref="fl-3"/>
      </object_component>
      <object_component id="oc-5ac">
         <name>.text:DCC_enableSingleShotMode</name>
         <load_address>0x81b4a</load_address>
         <run_address>0x81b4a</run_address>
         <size>0x24</size>
         <input_file_ref idref="fl-15"/>
      </object_component>
      <object_component id="oc-689">
         <name>.text:I2C_clearInterruptStatus</name>
         <load_address>0x81b6e</load_address>
         <run_address>0x81b6e</run_address>
         <size>0x22</size>
         <input_file_ref idref="fl-13"/>
      </object_component>
      <object_component id="oc-6d9">
         <name>.text:get32</name>
         <load_address>0x81b90</load_address>
         <run_address>0x81b90</run_address>
         <size>0x22</size>
         <input_file_ref idref="fl-3"/>
      </object_component>
      <object_component id="oc-718">
         <name>.text:ADC_setOffsetTrimAll</name>
         <load_address>0x81bb2</load_address>
         <run_address>0x81bb2</run_address>
         <size>0x20</size>
         <input_file_ref idref="fl-f"/>
      </object_component>
      <object_component id="oc-67d">
         <name>.text:I2C_configureModuleFrequency</name>
         <load_address>0x81bd2</load_address>
         <run_address>0x81bd2</run_address>
         <size>0x20</size>
         <input_file_ref idref="fl-13"/>
      </object_component>
      <object_component id="oc-59a">
         <name>.text:DCC_setCounter0ClkSource</name>
         <load_address>0x81bf2</load_address>
         <run_address>0x81bf2</run_address>
         <size>0x1e</size>
         <input_file_ref idref="fl-15"/>
      </object_component>
      <object_component id="oc-5a0">
         <name>.text:DCC_setCounter1ClkSource</name>
         <load_address>0x81c10</load_address>
         <run_address>0x81c10</run_address>
         <size>0x1e</size>
         <input_file_ref idref="fl-15"/>
      </object_component>
      <object_component id="oc-3e">
         <name>.text:Interrupt_initVectorTable</name>
         <load_address>0x81c2e</load_address>
         <run_address>0x81c2e</run_address>
         <size>0x1e</size>
         <input_file_ref idref="fl-14"/>
      </object_component>
      <object_component id="oc-51c">
         <name>.text:ADC_getInterruptStatus</name>
         <load_address>0x81c4c</load_address>
         <run_address>0x81c4c</run_address>
         <size>0x1d</size>
         <input_file_ref idref="fl-4"/>
      </object_component>
      <object_component id="oc-53">
         <name>.text</name>
         <load_address>0x81c69</load_address>
         <run_address>0x81c69</run_address>
         <size>0x1d</size>
         <input_file_ref idref="fl-32"/>
      </object_component>
      <object_component id="oc-5f7">
         <name>.text:ADC_setSOCPriority</name>
         <load_address>0x81c86</load_address>
         <run_address>0x81c86</run_address>
         <size>0x1c</size>
         <input_file_ref idref="fl-6"/>
      </object_component>
      <object_component id="oc-28c">
         <name>.text:EPWM_enableADCTrigger</name>
         <load_address>0x81ca2</load_address>
         <run_address>0x81ca2</run_address>
         <size>0x1c</size>
         <input_file_ref idref="fl-4"/>
      </object_component>
      <object_component id="oc-262">
         <name>.text:EPWM_setClockPrescaler</name>
         <load_address>0x81cbe</load_address>
         <run_address>0x81cbe</run_address>
         <size>0x1c</size>
         <input_file_ref idref="fl-4"/>
      </object_component>
      <object_component id="oc-368">
         <name>.text:SysCtl_configureType</name>
         <load_address>0x81cda</load_address>
         <run_address>0x81cda</run_address>
         <size>0x1c</size>
         <input_file_ref idref="fl-15"/>
      </object_component>
      <object_component id="oc-646">
         <name>.text:I2C_setOwnAddress</name>
         <load_address>0x81cf6</load_address>
         <run_address>0x81cf6</run_address>
         <size>0x1b</size>
         <input_file_ref idref="fl-6"/>
      </object_component>
      <object_component id="oc-64c">
         <name>.text:I2C_setTargetAddress</name>
         <load_address>0x81d11</load_address>
         <run_address>0x81d11</run_address>
         <size>0x1b</size>
         <input_file_ref idref="fl-6"/>
      </object_component>
      <object_component id="oc-4b2">
         <name>.text:I2C_setTargetAddress</name>
         <load_address>0x81d2c</load_address>
         <run_address>0x81d2c</run_address>
         <size>0x1b</size>
         <input_file_ref idref="fl-2"/>
      </object_component>
      <object_component id="oc-1fe">
         <name>.text:SysCtl_setCLBClkDivider</name>
         <load_address>0x81d47</load_address>
         <run_address>0x81d47</run_address>
         <size>0x1b</size>
         <input_file_ref idref="fl-7"/>
      </object_component>
      <object_component id="oc-362">
         <name>.text:SysCtl_setStandbyQualificationPeriod</name>
         <load_address>0x81d62</load_address>
         <run_address>0x81d62</run_address>
         <size>0x1b</size>
         <input_file_ref idref="fl-6"/>
      </object_component>
      <object_component id="oc-498">
         <name>.text</name>
         <load_address>0x81d7d</load_address>
         <run_address>0x81d7d</run_address>
         <size>0x1b</size>
         <input_file_ref idref="fl-23"/>
      </object_component>
      <object_component id="oc-25c">
         <name>.text:CPUTimer_startTimer</name>
         <load_address>0x81d98</load_address>
         <run_address>0x81d98</run_address>
         <size>0x1a</size>
         <input_file_ref idref="fl-4"/>
      </object_component>
      <object_component id="oc-6b9">
         <name>.text:I2C_getStopConditionStatus</name>
         <load_address>0x81db2</load_address>
         <run_address>0x81db2</run_address>
         <size>0x1a</size>
         <input_file_ref idref="fl-2"/>
      </object_component>
      <object_component id="oc-65e">
         <name>.text:I2C_setAddressMode</name>
         <load_address>0x81dcc</load_address>
         <run_address>0x81dcc</run_address>
         <size>0x1a</size>
         <input_file_ref idref="fl-6"/>
      </object_component>
      <object_component id="oc-652">
         <name>.text:I2C_setBitCount</name>
         <load_address>0x81de6</load_address>
         <run_address>0x81de6</run_address>
         <size>0x1a</size>
         <input_file_ref idref="fl-6"/>
      </object_component>
      <object_component id="oc-63a">
         <name>.text:I2C_setConfig</name>
         <load_address>0x81e00</load_address>
         <run_address>0x81e00</run_address>
         <size>0x1a</size>
         <input_file_ref idref="fl-6"/>
      </object_component>
      <object_component id="oc-4b8">
         <name>.text:I2C_setConfig</name>
         <load_address>0x81e1a</load_address>
         <run_address>0x81e1a</run_address>
         <size>0x1a</size>
         <input_file_ref idref="fl-2"/>
      </object_component>
      <object_component id="oc-670">
         <name>.text:I2C_setEmulationMode</name>
         <load_address>0x81e34</load_address>
         <run_address>0x81e34</run_address>
         <size>0x1a</size>
         <input_file_ref idref="fl-6"/>
      </object_component>
      <object_component id="oc-20b">
         <name>.text:SysCtl_getLowSpeedClock</name>
         <load_address>0x81e4e</load_address>
         <run_address>0x81e4e</run_address>
         <size>0x1a</size>
         <input_file_ref idref="fl-15"/>
      </object_component>
      <object_component id="oc-540">
         <name>.text:ascan_checksum</name>
         <load_address>0x81e68</load_address>
         <run_address>0x81e68</run_address>
         <size>0x1a</size>
         <input_file_ref idref="fl-3"/>
      </object_component>
      <object_component id="oc-32e">
         <name>.text:SysCtl_setPLLSysClk</name>
         <load_address>0x81e82</load_address>
         <run_address>0x81e82</run_address>
         <size>0x19</size>
         <input_file_ref idref="fl-15"/>
      </object_component>
      <object_component id="oc-2d4">
         <name>.text:m24m01e_probe</name>
         <load_address>0x81e9b</load_address>
         <run_address>0x81e9b</run_address>
         <size>0x19</size>
         <input_file_ref idref="fl-3"/>
      </object_component>
      <object_component id="oc-53a">
         <name>.text:put32</name>
         <load_address>0x81eb4</load_address>
         <run_address>0x81eb4</run_address>
         <size>0x19</size>
         <input_file_ref idref="fl-3"/>
      </object_component>
      <object_component id="oc-683">
         <name>.text:I2C_disableFIFO</name>
         <load_address>0x81ecd</load_address>
         <run_address>0x81ecd</run_address>
         <size>0x18</size>
         <input_file_ref idref="fl-6"/>
      </object_component>
      <object_component id="oc-664">
         <name>.text:I2C_enableFIFO</name>
         <load_address>0x81ee5</load_address>
         <run_address>0x81ee5</run_address>
         <size>0x18</size>
         <input_file_ref idref="fl-6"/>
      </object_component>
      <object_component id="oc-386">
         <name>.text:SysCtl_disablePeripheral</name>
         <load_address>0x81efd</load_address>
         <run_address>0x81efd</run_address>
         <size>0x18</size>
         <input_file_ref idref="fl-6"/>
      </object_component>
      <object_component id="oc-2b5">
         <name>.text:max14808_set_current</name>
         <load_address>0x81f15</load_address>
         <run_address>0x81f15</run_address>
         <size>0x18</size>
         <input_file_ref idref="fl-5"/>
      </object_component>
      <object_component id="oc-393">
         <name>.text:ASysCtl_setAnalogReferenceExternal</name>
         <load_address>0x81f2d</load_address>
         <run_address>0x81f2d</run_address>
         <size>0x17</size>
         <input_file_ref idref="fl-6"/>
      </object_component>
      <object_component id="oc-46b">
         <name>.text:CPUTimer_isBaseValid</name>
         <load_address>0x81f44</load_address>
         <run_address>0x81f44</run_address>
         <size>0x17</size>
         <input_file_ref idref="fl-10"/>
      </object_component>
      <object_component id="oc-463">
         <name>.text:CPUTimer_isBaseValid</name>
         <load_address>0x81f5b</load_address>
         <run_address>0x81f5b</run_address>
         <size>0x17</size>
         <input_file_ref idref="fl-4"/>
      </object_component>
      <object_component id="oc-24a">
         <name>.text:CPUTimer_setPreScaler</name>
         <load_address>0x81f72</load_address>
         <run_address>0x81f72</run_address>
         <size>0x17</size>
         <input_file_ref idref="fl-4"/>
      </object_component>
      <object_component id="oc-380">
         <name>.text:SysCtl_enablePeripheral</name>
         <load_address>0x81f89</load_address>
         <run_address>0x81f89</run_address>
         <size>0x17</size>
         <input_file_ref idref="fl-6"/>
      </object_component>
      <object_component id="oc-576">
         <name>.text:SysCtl_enablePeripheral</name>
         <load_address>0x81fa0</load_address>
         <run_address>0x81fa0</run_address>
         <size>0x17</size>
         <input_file_ref idref="fl-15"/>
      </object_component>
      <object_component id="oc-292">
         <name>.text:SysCtl_enablePeripheral</name>
         <load_address>0x81fb7</load_address>
         <run_address>0x81fb7</run_address>
         <size>0x17</size>
         <input_file_ref idref="fl-4"/>
      </object_component>
      <object_component id="oc-c0">
         <name>.text</name>
         <load_address>0x81fce</load_address>
         <run_address>0x81fce</run_address>
         <size>0x17</size>
         <input_file_ref idref="fl-21"/>
      </object_component>
      <object_component id="oc-4d6">
         <name>.text:wait_flag_set</name>
         <load_address>0x81fe5</load_address>
         <run_address>0x81fe5</run_address>
         <size>0x17</size>
         <input_file_ref idref="fl-2"/>
      </object_component>
      <object_component id="oc-16c">
         <name>.text</name>
         <load_address>0x81ffc</load_address>
         <run_address>0x81ffc</run_address>
         <size>0x1</size>
         <input_file_ref idref="fl-33"/>
      </object_component>
      <object_component id="oc-522">
         <name>.text:ADC_readResult</name>
         <load_address>0x82000</load_address>
         <run_address>0x82000</run_address>
         <size>0x16</size>
         <input_file_ref idref="fl-4"/>
      </object_component>
      <object_component id="oc-5e5">
         <name>.text:ADC_setInterruptCycleOffset</name>
         <load_address>0x82016</load_address>
         <run_address>0x82016</run_address>
         <size>0x16</size>
         <input_file_ref idref="fl-6"/>
      </object_component>
      <object_component id="oc-5df">
         <name>.text:ADC_setInterruptPulseMode</name>
         <load_address>0x8202c</load_address>
         <run_address>0x8202c</run_address>
         <size>0x16</size>
         <input_file_ref idref="fl-6"/>
      </object_component>
      <object_component id="oc-5d9">
         <name>.text:ADC_setPrescaler</name>
         <load_address>0x82042</load_address>
         <run_address>0x82042</run_address>
         <size>0x16</size>
         <input_file_ref idref="fl-6"/>
      </object_component>
      <object_component id="oc-594">
         <name>.text:DCC_disableDoneSignal</name>
         <load_address>0x82058</load_address>
         <run_address>0x82058</run_address>
         <size>0x16</size>
         <input_file_ref idref="fl-15"/>
      </object_component>
      <object_component id="oc-38">
         <name>.text:Interrupt_defaultHandler</name>
         <load_address>0x8206e</load_address>
         <run_address>0x8206e</run_address>
         <size>0x16</size>
         <input_file_ref idref="fl-14"/>
      </object_component>
      <object_component id="oc-489">
         <name>.text</name>
         <load_address>0x82084</load_address>
         <run_address>0x82084</run_address>
         <size>0x16</size>
         <input_file_ref idref="fl-25"/>
      </object_component>
      <object_component id="oc-4ac">
         <name>.text:wait_bus_free</name>
         <load_address>0x8209a</load_address>
         <run_address>0x8209a</run_address>
         <size>0x16</size>
         <input_file_ref idref="fl-2"/>
      </object_component>
      <object_component id="oc-4ee">
         <name>.text:wait_stop_done</name>
         <load_address>0x820b0</load_address>
         <run_address>0x820b0</run_address>
         <size>0x16</size>
         <input_file_ref idref="fl-2"/>
      </object_component>
      <object_component id="oc-5f1">
         <name>.text:ADC_disableBurstMode</name>
         <load_address>0x820c6</load_address>
         <run_address>0x820c6</run_address>
         <size>0x15</size>
         <input_file_ref idref="fl-6"/>
      </object_component>
      <object_component id="oc-582">
         <name>.text:DCC_clearDoneFlag</name>
         <load_address>0x820db</load_address>
         <run_address>0x820db</run_address>
         <size>0x15</size>
         <input_file_ref idref="fl-15"/>
      </object_component>
      <object_component id="oc-57c">
         <name>.text:DCC_clearErrorFlag</name>
         <load_address>0x820f0</load_address>
         <run_address>0x820f0</run_address>
         <size>0x15</size>
         <input_file_ref idref="fl-15"/>
      </object_component>
      <object_component id="oc-58e">
         <name>.text:DCC_disableErrorSignal</name>
         <load_address>0x82105</load_address>
         <run_address>0x82105</run_address>
         <size>0x15</size>
         <input_file_ref idref="fl-15"/>
      </object_component>
      <object_component id="oc-6fd">
         <name>.text:DCC_isBaseValid</name>
         <load_address>0x8211a</load_address>
         <run_address>0x8211a</run_address>
         <size>0x15</size>
         <input_file_ref idref="fl-15"/>
      </object_component>
      <object_component id="oc-516">
         <name>.text:ADC_clearInterruptStatus</name>
         <load_address>0x8212f</load_address>
         <run_address>0x8212f</run_address>
         <size>0x14</size>
         <input_file_ref idref="fl-4"/>
      </object_component>
      <object_component id="oc-256">
         <name>.text:CPUTimer_reloadTimerCounter</name>
         <load_address>0x82143</load_address>
         <run_address>0x82143</run_address>
         <size>0x14</size>
         <input_file_ref idref="fl-4"/>
      </object_component>
      <object_component id="oc-588">
         <name>.text:DCC_disableModule</name>
         <load_address>0x82157</load_address>
         <run_address>0x82157</run_address>
         <size>0x14</size>
         <input_file_ref idref="fl-15"/>
      </object_component>
      <object_component id="oc-5b2">
         <name>.text:DCC_enableModule</name>
         <load_address>0x8216b</load_address>
         <run_address>0x8216b</run_address>
         <size>0x14</size>
         <input_file_ref idref="fl-15"/>
      </object_component>
      <object_component id="oc-274">
         <name>.text:EPWM_setTimeBaseCounterMode</name>
         <load_address>0x8217f</load_address>
         <run_address>0x8217f</run_address>
         <size>0x14</size>
         <input_file_ref idref="fl-4"/>
      </object_component>
      <object_component id="oc-268">
         <name>.text:EPWM_setTimeBasePeriod</name>
         <load_address>0x82193</load_address>
         <run_address>0x82193</run_address>
         <size>0x14</size>
         <input_file_ref idref="fl-4"/>
      </object_component>
      <object_component id="oc-5c1">
         <name>.text:GPIO_isPinValid</name>
         <load_address>0x821a7</load_address>
         <run_address>0x821a7</run_address>
         <size>0x14</size>
         <input_file_ref idref="fl-12"/>
      </object_component>
      <object_component id="oc-d5">
         <name>.text:GPIO_isPinValid</name>
         <load_address>0x821bb</load_address>
         <run_address>0x821bb</run_address>
         <size>0x14</size>
         <input_file_ref idref="fl-4"/>
      </object_component>
      <object_component id="oc-4e8">
         <name>.text:I2C_putData</name>
         <load_address>0x821cf</load_address>
         <run_address>0x821cf</run_address>
         <size>0x14</size>
         <input_file_ref idref="fl-2"/>
      </object_component>
      <object_component id="oc-8b">
         <name>.text:I2C_putData</name>
         <load_address>0x821e3</load_address>
         <run_address>0x821e3</run_address>
         <size>0x14</size>
         <input_file_ref idref="fl-4"/>
      </object_component>
      <object_component id="oc-211">
         <name>.text:SysCtl_deviceCal</name>
         <load_address>0x821f7</load_address>
         <run_address>0x821f7</run_address>
         <size>0x14</size>
         <input_file_ref idref="fl-7"/>
      </object_component>
      <object_component id="oc-36e">
         <name>.text:SysCtl_selectErrPinPolarity</name>
         <load_address>0x8220b</load_address>
         <run_address>0x8220b</run_address>
         <size>0x14</size>
         <input_file_ref idref="fl-6"/>
      </object_component>
      <object_component id="oc-37a">
         <name>.text:SysCtl_setPeripheralAccessControl</name>
         <load_address>0x8221f</load_address>
         <run_address>0x8221f</run_address>
         <size>0x14</size>
         <input_file_ref idref="fl-6"/>
      </object_component>
      <object_component id="oc-5eb">
         <name>.text:ADC_enableConverter</name>
         <load_address>0x82233</load_address>
         <run_address>0x82233</run_address>
         <size>0x13</size>
         <input_file_ref idref="fl-6"/>
      </object_component>
      <object_component id="oc-720">
         <name>.text:ADC_isBaseValid</name>
         <load_address>0x82246</load_address>
         <run_address>0x82246</run_address>
         <size>0x13</size>
         <input_file_ref idref="fl-6"/>
      </object_component>
      <object_component id="oc-711">
         <name>.text:ADC_isBaseValid</name>
         <load_address>0x82259</load_address>
         <run_address>0x82259</run_address>
         <size>0x13</size>
         <input_file_ref idref="fl-f"/>
      </object_component>
      <object_component id="oc-6ca">
         <name>.text:ADC_isBaseValid</name>
         <load_address>0x8226c</load_address>
         <run_address>0x8226c</run_address>
         <size>0x13</size>
         <input_file_ref idref="fl-4"/>
      </object_component>
      <object_component id="oc-250">
         <name>.text:CPUTimer_setEmulationMode</name>
         <load_address>0x8227f</load_address>
         <run_address>0x8227f</run_address>
         <size>0x13</size>
         <input_file_ref idref="fl-10"/>
      </object_component>
      <object_component id="oc-640">
         <name>.text:I2C_disableLoopback</name>
         <load_address>0x82292</load_address>
         <run_address>0x82292</run_address>
         <size>0x13</size>
         <input_file_ref idref="fl-6"/>
      </object_component>
      <object_component id="oc-62e">
         <name>.text:I2C_disableModule</name>
         <load_address>0x822a5</load_address>
         <run_address>0x822a5</run_address>
         <size>0x13</size>
         <input_file_ref idref="fl-6"/>
      </object_component>
      <object_component id="oc-676">
         <name>.text:I2C_enableModule</name>
         <load_address>0x822b8</load_address>
         <run_address>0x822b8</run_address>
         <size>0x13</size>
         <input_file_ref idref="fl-6"/>
      </object_component>
      <object_component id="oc-6d">
         <name>.text:I2C_getInterruptSource</name>
         <load_address>0x822cb</load_address>
         <run_address>0x822cb</run_address>
         <size>0x13</size>
         <input_file_ref idref="fl-4"/>
      </object_component>
      <object_component id="oc-72f">
         <name>.text:I2C_isBaseValid</name>
         <load_address>0x822de</load_address>
         <run_address>0x822de</run_address>
         <size>0x13</size>
         <input_file_ref idref="fl-6"/>
      </object_component>
      <object_component id="oc-736">
         <name>.text:I2C_isBaseValid</name>
         <load_address>0x822f1</load_address>
         <run_address>0x822f1</run_address>
         <size>0x13</size>
         <input_file_ref idref="fl-13"/>
      </object_component>
      <object_component id="oc-6a8">
         <name>.text:I2C_isBaseValid</name>
         <load_address>0x82304</load_address>
         <run_address>0x82304</run_address>
         <size>0x13</size>
         <input_file_ref idref="fl-2"/>
      </object_component>
      <object_component id="oc-c6">
         <name>.text:I2C_isBaseValid</name>
         <load_address>0x82317</load_address>
         <run_address>0x82317</run_address>
         <size>0x13</size>
         <input_file_ref idref="fl-4"/>
      </object_component>
      <object_component id="oc-4ca">
         <name>.text:I2C_sendStartCondition</name>
         <load_address>0x8232a</load_address>
         <run_address>0x8232a</run_address>
         <size>0x13</size>
         <input_file_ref idref="fl-2"/>
      </object_component>
      <object_component id="oc-4d0">
         <name>.text:I2C_sendStopCondition</name>
         <load_address>0x8233d</load_address>
         <run_address>0x8233d</run_address>
         <size>0x13</size>
         <input_file_ref idref="fl-2"/>
      </object_component>
      <object_component id="oc-4dc">
         <name>.text:i2ca_abort</name>
         <load_address>0x82350</load_address>
         <run_address>0x82350</run_address>
         <size>0x13</size>
         <input_file_ref idref="fl-2"/>
      </object_component>
      <object_component id="oc-2c8">
         <name>.text:i2ca_ep_delay_ms</name>
         <load_address>0x82363</load_address>
         <run_address>0x82363</run_address>
         <size>0x13</size>
         <input_file_ref idref="fl-2"/>
      </object_component>
      <object_component id="oc-26e">
         <name>.text:EPWM_setTimeBaseCounter</name>
         <load_address>0x82376</load_address>
         <run_address>0x82376</run_address>
         <size>0x12</size>
         <input_file_ref idref="fl-4"/>
      </object_component>
      <object_component id="oc-4c4">
         <name>.text:I2C_clearStatus</name>
         <load_address>0x82388</load_address>
         <run_address>0x82388</run_address>
         <size>0x12</size>
         <input_file_ref idref="fl-2"/>
      </object_component>
      <object_component id="oc-658">
         <name>.text:I2C_setDataCount</name>
         <load_address>0x8239a</load_address>
         <run_address>0x8239a</run_address>
         <size>0x12</size>
         <input_file_ref idref="fl-6"/>
      </object_component>
      <object_component id="oc-4be">
         <name>.text:I2C_setDataCount</name>
         <load_address>0x823ac</load_address>
         <run_address>0x823ac</run_address>
         <size>0x12</size>
         <input_file_ref idref="fl-2"/>
      </object_component>
      <object_component id="oc-50e">
         <name>.text:burst_wait</name>
         <load_address>0x823be</load_address>
         <run_address>0x823be</run_address>
         <size>0x12</size>
         <input_file_ref idref="fl-4"/>
      </object_component>
      <object_component id="oc-18d">
         <name>.text:Board_init</name>
         <load_address>0x823d0</load_address>
         <run_address>0x823d0</run_address>
         <size>0x11</size>
         <input_file_ref idref="fl-6"/>
      </object_component>
      <object_component id="oc-244">
         <name>.text:CPUTimer_setPeriod</name>
         <load_address>0x823e1</load_address>
         <run_address>0x823e1</run_address>
         <size>0x11</size>
         <input_file_ref idref="fl-4"/>
      </object_component>
      <object_component id="oc-27a">
         <name>.text:EPWM_disablePhaseShiftLoad</name>
         <load_address>0x823f2</load_address>
         <run_address>0x823f2</run_address>
         <size>0x11</size>
         <input_file_ref idref="fl-4"/>
      </object_component>
      <object_component id="oc-425">
         <name>.text:AFE_GAIN_A1_init</name>
         <load_address>0x82403</load_address>
         <run_address>0x82403</run_address>
         <size>0x10</size>
         <input_file_ref idref="fl-6"/>
      </object_component>
      <object_component id="oc-42b">
         <name>.text:AFE_GAIN_A2_init</name>
         <load_address>0x82413</load_address>
         <run_address>0x82413</run_address>
         <size>0x10</size>
         <input_file_ref idref="fl-6"/>
      </object_component>
      <object_component id="oc-431">
         <name>.text:AFE_GAIN_B1_init</name>
         <load_address>0x82423</load_address>
         <run_address>0x82423</run_address>
         <size>0x10</size>
         <input_file_ref idref="fl-6"/>
      </object_component>
      <object_component id="oc-437">
         <name>.text:AFE_GAIN_B2_init</name>
         <load_address>0x82433</load_address>
         <run_address>0x82433</run_address>
         <size>0x10</size>
         <input_file_ref idref="fl-6"/>
      </object_component>
      <object_component id="oc-40d">
         <name>.text:Analog_EN_init</name>
         <load_address>0x82443</load_address>
         <run_address>0x82443</run_address>
         <size>0x10</size>
         <input_file_ref idref="fl-6"/>
      </object_component>
      <object_component id="oc-443">
         <name>.text:BOOT0_init</name>
         <load_address>0x82453</load_address>
         <run_address>0x82453</run_address>
         <size>0x10</size>
         <input_file_ref idref="fl-6"/>
      </object_component>
      <object_component id="oc-449">
         <name>.text:BOOT1_init</name>
         <load_address>0x82463</load_address>
         <run_address>0x82463</run_address>
         <size>0x10</size>
         <input_file_ref idref="fl-6"/>
      </object_component>
      <object_component id="oc-33d">
         <name>.text:CAN_isBaseValid</name>
         <load_address>0x82473</load_address>
         <run_address>0x82473</run_address>
         <size>0x10</size>
         <input_file_ref idref="fl-7"/>
      </object_component>
      <object_component id="oc-3bf">
         <name>.text:CH1_A_MCU_init</name>
         <load_address>0x82483</load_address>
         <run_address>0x82483</run_address>
         <size>0x10</size>
         <input_file_ref idref="fl-6"/>
      </object_component>
      <object_component id="oc-3c5">
         <name>.text:CH1_B_MCU_init</name>
         <load_address>0x82493</load_address>
         <run_address>0x82493</run_address>
         <size>0x10</size>
         <input_file_ref idref="fl-6"/>
      </object_component>
      <object_component id="oc-3cb">
         <name>.text:CH2_A_MCU_init</name>
         <load_address>0x824a3</load_address>
         <run_address>0x824a3</run_address>
         <size>0x10</size>
         <input_file_ref idref="fl-6"/>
      </object_component>
      <object_component id="oc-3d1">
         <name>.text:CH2_B_MCU_init</name>
         <load_address>0x824b3</load_address>
         <run_address>0x824b3</run_address>
         <size>0x10</size>
         <input_file_ref idref="fl-6"/>
      </object_component>
      <object_component id="oc-3fb">
         <name>.text:CH3_A_MCU_init</name>
         <load_address>0x824c3</load_address>
         <run_address>0x824c3</run_address>
         <size>0x10</size>
         <input_file_ref idref="fl-6"/>
      </object_component>
      <object_component id="oc-3f5">
         <name>.text:CH3_B_MCU_init</name>
         <load_address>0x824d3</load_address>
         <run_address>0x824d3</run_address>
         <size>0x10</size>
         <input_file_ref idref="fl-6"/>
      </object_component>
      <object_component id="oc-3b3">
         <name>.text:CH4_A_MCU_init</name>
         <load_address>0x824e3</load_address>
         <run_address>0x824e3</run_address>
         <size>0x10</size>
         <input_file_ref idref="fl-6"/>
      </object_component>
      <object_component id="oc-3b9">
         <name>.text:CH4_B_MCU_init</name>
         <load_address>0x824f3</load_address>
         <run_address>0x824f3</run_address>
         <size>0x10</size>
         <input_file_ref idref="fl-6"/>
      </object_component>
      <object_component id="oc-3ad">
         <name>.text:CH5_A_MCU_init</name>
         <load_address>0x82503</load_address>
         <run_address>0x82503</run_address>
         <size>0x10</size>
         <input_file_ref idref="fl-6"/>
      </object_component>
      <object_component id="oc-3dd">
         <name>.text:CH6_A_MCU_init</name>
         <load_address>0x82513</load_address>
         <run_address>0x82513</run_address>
         <size>0x10</size>
         <input_file_ref idref="fl-6"/>
      </object_component>
      <object_component id="oc-3d7">
         <name>.text:CH6_B_MCU_init</name>
         <load_address>0x82523</load_address>
         <run_address>0x82523</run_address>
         <size>0x10</size>
         <input_file_ref idref="fl-6"/>
      </object_component>
      <object_component id="oc-3e3">
         <name>.text:CH7_A_MCU_init</name>
         <load_address>0x82533</load_address>
         <run_address>0x82533</run_address>
         <size>0x10</size>
         <input_file_ref idref="fl-6"/>
      </object_component>
      <object_component id="oc-3e9">
         <name>.text:CH7_B_MCU_init</name>
         <load_address>0x82543</load_address>
         <run_address>0x82543</run_address>
         <size>0x10</size>
         <input_file_ref idref="fl-6"/>
      </object_component>
      <object_component id="oc-3ef">
         <name>.text:CH8_A_MCU_init</name>
         <load_address>0x82553</load_address>
         <run_address>0x82553</run_address>
         <size>0x10</size>
         <input_file_ref idref="fl-6"/>
      </object_component>
      <object_component id="oc-401">
         <name>.text:CH8_B_MCU_init</name>
         <load_address>0x82563</load_address>
         <run_address>0x82563</run_address>
         <size>0x10</size>
         <input_file_ref idref="fl-6"/>
      </object_component>
      <object_component id="oc-2dd">
         <name>.text:CPUTimer_getTimerCount</name>
         <load_address>0x82573</load_address>
         <run_address>0x82573</run_address>
         <size>0x10</size>
         <input_file_ref idref="fl-4"/>
      </object_component>
      <object_component id="oc-44f">
         <name>.text:EEPROM_WC_init</name>
         <load_address>0x82583</load_address>
         <run_address>0x82583</run_address>
         <size>0x10</size>
         <input_file_ref idref="fl-6"/>
      </object_component>
      <object_component id="oc-4f6">
         <name>.text:I2C_getData</name>
         <load_address>0x82593</load_address>
         <run_address>0x82593</run_address>
         <size>0x10</size>
         <input_file_ref idref="fl-2"/>
      </object_component>
      <object_component id="oc-73">
         <name>.text:I2C_getData</name>
         <load_address>0x825a3</load_address>
         <run_address>0x825a3</run_address>
         <size>0x10</size>
         <input_file_ref idref="fl-4"/>
      </object_component>
      <object_component id="oc-4e2">
         <name>.text:I2C_getStatus</name>
         <load_address>0x825b3</load_address>
         <run_address>0x825b3</run_address>
         <size>0x10</size>
         <input_file_ref idref="fl-2"/>
      </object_component>
      <object_component id="oc-41f">
         <name>.text:MCU_LED_init</name>
         <load_address>0x825c3</load_address>
         <run_address>0x825c3</run_address>
         <size>0x10</size>
         <input_file_ref idref="fl-6"/>
      </object_component>
      <object_component id="oc-413">
         <name>.text:MODE0_init</name>
         <load_address>0x825d3</load_address>
         <run_address>0x825d3</run_address>
         <size>0x10</size>
         <input_file_ref idref="fl-6"/>
      </object_component>
      <object_component id="oc-419">
         <name>.text:MODE1_init</name>
         <load_address>0x825e3</load_address>
         <run_address>0x825e3</run_address>
         <size>0x10</size>
         <input_file_ref idref="fl-6"/>
      </object_component>
      <object_component id="oc-407">
         <name>.text:Pulser_EN_init</name>
         <load_address>0x825f3</load_address>
         <run_address>0x825f3</run_address>
         <size>0x10</size>
         <input_file_ref idref="fl-6"/>
      </object_component>
      <object_component id="oc-43d">
         <name>.text:THP_init</name>
         <load_address>0x82603</load_address>
         <run_address>0x82603</run_address>
         <size>0x10</size>
         <input_file_ref idref="fl-6"/>
      </object_component>
      <object_component id="oc-500">
         <name>.text:mem_dsel7</name>
         <load_address>0x82613</load_address>
         <run_address>0x82613</run_address>
         <size>0x10</size>
         <input_file_ref idref="fl-3"/>
      </object_component>
      <object_component id="oc-3a7">
         <name>.text:CH5_B_MCU_init</name>
         <load_address>0x82623</load_address>
         <run_address>0x82623</run_address>
         <size>0xf</size>
         <input_file_ref idref="fl-6"/>
      </object_component>
      <object_component id="oc-9c">
         <name>.text:Interrupt_register</name>
         <load_address>0x82632</load_address>
         <run_address>0x82632</run_address>
         <size>0xf</size>
         <input_file_ref idref="fl-6"/>
      </object_component>
      <object_component id="oc-493">
         <name>.text</name>
         <load_address>0x82641</load_address>
         <run_address>0x82641</run_address>
         <size>0xe</size>
         <input_file_ref idref="fl-22"/>
      </object_component>
      <object_component id="oc-32">
         <name>.text:INTERRUPT_init</name>
         <load_address>0x8264f</load_address>
         <run_address>0x8264f</run_address>
         <size>0xd</size>
         <input_file_ref idref="fl-6"/>
      </object_component>
      <object_component id="oc-ec">
         <name>.text:Interrupt_disableGlobal</name>
         <load_address>0x8265c</load_address>
         <run_address>0x8265c</run_address>
         <size>0xd</size>
         <input_file_ref idref="fl-14"/>
      </object_component>
      <object_component id="oc-f2">
         <name>.text:Interrupt_enableGlobal</name>
         <load_address>0x82669</load_address>
         <run_address>0x82669</run_address>
         <size>0xd</size>
         <input_file_ref idref="fl-14"/>
      </object_component>
      <object_component id="oc-1ac">
         <name>.text:Interrupt_enableGlobal</name>
         <load_address>0x82676</load_address>
         <run_address>0x82676</run_address>
         <size>0xd</size>
         <input_file_ref idref="fl-4"/>
      </object_component>
      <object_component id="oc-1f2">
         <name>.text:SysCtl_setLowSpeedClock</name>
         <load_address>0x82683</load_address>
         <run_address>0x82683</run_address>
         <size>0xd</size>
         <input_file_ref idref="fl-7"/>
      </object_component>
      <object_component id="oc-506">
         <name>.text:map_io</name>
         <load_address>0x82690</load_address>
         <run_address>0x82690</run_address>
         <size>0xd</size>
         <input_file_ref idref="fl-3"/>
      </object_component>
      <object_component id="oc-534">
         <name>.text:put16</name>
         <load_address>0x8269d</load_address>
         <run_address>0x8269d</run_address>
         <size>0xc</size>
         <input_file_ref idref="fl-3"/>
      </object_component>
      <object_component id="oc-10e">
         <name>.text</name>
         <load_address>0x826a9</load_address>
         <run_address>0x826a9</run_address>
         <size>0xc</size>
         <input_file_ref idref="fl-2e"/>
      </object_component>
      <object_component id="oc-1e6">
         <name>.text:SysCtl_disableWatchdog</name>
         <load_address>0x826b5</load_address>
         <run_address>0x826b5</run_address>
         <size>0xb</size>
         <input_file_ref idref="fl-7"/>
      </object_component>
      <object_component id="oc-322">
         <name>.text:SysCtl_isMCDClockFailureDetected</name>
         <load_address>0x826c0</load_address>
         <run_address>0x826c0</run_address>
         <size>0xb</size>
         <input_file_ref idref="fl-15"/>
      </object_component>
      <object_component id="oc-44">
         <name>.text:Interrupt_illegalOperationHandler</name>
         <load_address>0x826cb</load_address>
         <run_address>0x826cb</run_address>
         <size>0xa</size>
         <input_file_ref idref="fl-14"/>
      </object_component>
      <object_component id="oc-4a">
         <name>.text:Interrupt_nmiHandler</name>
         <load_address>0x826d5</load_address>
         <run_address>0x826d5</run_address>
         <size>0xa</size>
         <input_file_ref idref="fl-14"/>
      </object_component>
      <object_component id="oc-2a3">
         <name>.text:ndt_gpio_write</name>
         <load_address>0x826df</load_address>
         <run_address>0x826df</run_address>
         <size>0x9</size>
         <input_file_ref idref="fl-4"/>
      </object_component>
      <object_component id="oc-1d3">
         <name>.text</name>
         <load_address>0x826e8</load_address>
         <run_address>0x826e8</run_address>
         <size>0x9</size>
         <input_file_ref idref="fl-2d"/>
      </object_component>
      <object_component id="oc-1a">
         <name>.text:decompress:none</name>
         <load_address>0x826f1</load_address>
         <run_address>0x826f1</run_address>
         <size>0x8</size>
         <input_file_ref idref="fl-2a"/>
      </object_component>
      <object_component id="oc-67">
         <name>.text</name>
         <load_address>0x826f9</load_address>
         <run_address>0x826f9</run_address>
         <size>0x8</size>
         <input_file_ref idref="fl-9"/>
      </object_component>
      <object_component id="oc-6d3">
         <name>.text:get16</name>
         <load_address>0x82701</load_address>
         <run_address>0x82701</run_address>
         <size>0x8</size>
         <input_file_ref idref="fl-3"/>
      </object_component>
      <object_component id="oc-38d">
         <name>.text:ASysCtl_disableTemperatureSensor</name>
         <load_address>0x82709</load_address>
         <run_address>0x82709</run_address>
         <size>0x7</size>
         <input_file_ref idref="fl-6"/>
      </object_component>
      <object_component id="oc-217">
         <name>.text:ASysCtl_lockVREG</name>
         <load_address>0x82710</load_address>
         <run_address>0x82710</run_address>
         <size>0x7</size>
         <input_file_ref idref="fl-7"/>
      </object_component>
      <object_component id="oc-374">
         <name>.text:SysCtl_disableMCD</name>
         <load_address>0x82717</load_address>
         <run_address>0x82717</run_address>
         <size>0x7</size>
         <input_file_ref idref="fl-6"/>
      </object_component>
      <object_component id="oc-6f3">
         <name>.text:SysCtl_resetMCD</name>
         <load_address>0x8271e</load_address>
         <run_address>0x8271e</run_address>
         <size>0x7</size>
         <input_file_ref idref="fl-15"/>
      </object_component>
      <object_component id="oc-cd">
         <name>.text:__error__</name>
         <load_address>0x82725</load_address>
         <run_address>0x82725</run_address>
         <size>0x7</size>
         <input_file_ref idref="fl-7"/>
      </object_component>
      <object_component id="oc-b9">
         <name>.text</name>
         <load_address>0x8272c</load_address>
         <run_address>0x8272c</run_address>
         <size>0x7</size>
         <input_file_ref idref="fl-2f"/>
      </object_component>
      <object_component id="oc-546">
         <name>.text:slot_addr</name>
         <load_address>0x82733</load_address>
         <run_address>0x82733</run_address>
         <size>0x7</size>
         <input_file_ref idref="fl-3"/>
      </object_component>
      <object_component id="oc-22b">
         <name>.text:ASYSCTL_init</name>
         <load_address>0x8273a</load_address>
         <run_address>0x8273a</run_address>
         <size>0x6</size>
         <input_file_ref idref="fl-6"/>
      </object_component>
      <object_component id="oc-91">
         <name>.text:Interrupt_clearACKGroup</name>
         <load_address>0x82740</load_address>
         <run_address>0x82740</run_address>
         <size>0x6</size>
         <input_file_ref idref="fl-4"/>
      </object_component>
      <object_component id="oc-61">
         <name>.text:decompress:ZI</name>
         <load_address>0x82746</load_address>
         <run_address>0x82746</run_address>
         <size>0x6</size>
         <input_file_ref idref="fl-29"/>
      </object_component>
      <object_component id="oc-29d">
         <name>.text:ndt_gpio_read</name>
         <load_address>0x8274c</load_address>
         <run_address>0x8274c</run_address>
         <size>0x6</size>
         <input_file_ref idref="fl-4"/>
      </object_component>
      <object_component id="oc-231">
         <name>.text:ADC_init</name>
         <load_address>0x82752</load_address>
         <run_address>0x82752</run_address>
         <size>0x5</size>
         <input_file_ref idref="fl-6"/>
      </object_component>
      <object_component id="oc-23d">
         <name>.text:I2C_init</name>
         <load_address>0x82757</load_address>
         <run_address>0x82757</run_address>
         <size>0x5</size>
         <input_file_ref idref="fl-6"/>
      </object_component>
      <object_component id="oc-794">
         <name>.cinit..data.load</name>
         <load_address>0x88000</load_address>
         <run_address>0x88000</run_address>
         <size>0xd</size>
      </object_component>
      <object_component id="oc-791">
         <name>__TI_handler_table</name>
         <load_address>0x8800e</load_address>
         <run_address>0x8800e</run_address>
         <size>0x6</size>
      </object_component>
      <object_component id="oc-793">
         <name>.cinit..bss.load</name>
         <load_address>0x88014</load_address>
         <run_address>0x88014</run_address>
         <size>0x4</size>
      </object_component>
      <object_component id="oc-792">
         <name>__TI_cinit_table</name>
         <load_address>0x88018</load_address>
         <run_address>0x88018</run_address>
         <size>0x8</size>
      </object_component>
      <object_component id="oc-2ef">
         <name>.TI.ramfunc:NDT_captureRecord</name>
         <load_address>0x89000</load_address>
         <run_address>0x128</run_address>
         <size>0x84</size>
         <input_file_ref idref="fl-4"/>
      </object_component>
      <object_component id="oc-19f">
         <name>.TI.ramfunc</name>
         <load_address>0x89084</load_address>
         <run_address>0x1ac</run_address>
         <size>0x4</size>
         <input_file_ref idref="fl-15"/>
      </object_component>
      <object_component id="oc-50">
         <name>.stack</name>
         <uninitialized>true</uninitialized>
         <run_address>0x400</run_address>
         <size>0x0</size>
         <input_file_ref idref="fl-21"/>
      </object_component>
      <object_component id="oc-795">
         <name>.stack</name>
         <uninitialized>true</uninitialized>
         <run_address>0x400</run_address>
         <size>0x0</size>
      </object_component>
      <object_component id="oc-1be">
         <name>.bss</name>
         <uninitialized>true</uninitialized>
         <run_address>0xb000</run_address>
         <size>0x58</size>
         <input_file_ref idref="fl-4"/>
      </object_component>
      <object_component id="oc-85">
         <name>.bss:g_waveBuf</name>
         <uninitialized>true</uninitialized>
         <run_address>0xa000</run_address>
         <size>0x1000</size>
         <input_file_ref idref="fl-4"/>
      </object_component>
      <object_component id="oc-cc">
         <name>.const:.string</name>
         <load_address>0x8a000</load_address>
         <run_address>0x8a000</run_address>
         <size>0x140</size>
         <input_file_ref idref="fl-4"/>
      </object_component>
      <object_component id="oc-5c9">
         <name>.const:.string</name>
         <load_address>0x8a140</load_address>
         <run_address>0x8a140</run_address>
         <size>0x100</size>
         <input_file_ref idref="fl-6"/>
      </object_component>
      <object_component id="oc-321">
         <name>.const:.string</name>
         <load_address>0x8a240</load_address>
         <run_address>0x8a240</run_address>
         <size>0x9a</size>
         <input_file_ref idref="fl-15"/>
      </object_component>
      <object_component id="oc-5bf">
         <name>.const:.string</name>
         <load_address>0x8a2da</load_address>
         <run_address>0x8a2da</run_address>
         <size>0x98</size>
         <input_file_ref idref="fl-12"/>
      </object_component>
      <object_component id="oc-20a">
         <name>.const:.string</name>
         <load_address>0x8a372</load_address>
         <run_address>0x8a372</run_address>
         <size>0x90</size>
         <input_file_ref idref="fl-7"/>
      </object_component>
      <object_component id="oc-471">
         <name>.const:.string</name>
         <load_address>0x8a402</load_address>
         <run_address>0x8a402</run_address>
         <size>0x50</size>
         <input_file_ref idref="fl-10"/>
      </object_component>
      <object_component id="oc-717">
         <name>.const:.string</name>
         <load_address>0x8a452</load_address>
         <run_address>0x8a452</run_address>
         <size>0x4b</size>
         <input_file_ref idref="fl-f"/>
      </object_component>
      <object_component id="oc-73c">
         <name>.const:.string</name>
         <load_address>0x8a49e</load_address>
         <run_address>0x8a49e</run_address>
         <size>0x4b</size>
         <input_file_ref idref="fl-13"/>
      </object_component>
      <object_component id="oc-29a">
         <name>.const</name>
         <load_address>0x8a500</load_address>
         <run_address>0x8a500</run_address>
         <size>0x46</size>
         <input_file_ref idref="fl-4"/>
      </object_component>
      <object_component id="oc-6ae">
         <name>.const:.string</name>
         <load_address>0x8a546</load_address>
         <run_address>0x8a546</run_address>
         <size>0x3e</size>
         <input_file_ref idref="fl-2"/>
      </object_component>
      <object_component id="oc-97">
         <name>.data</name>
         <load_address>0xb068</load_address>
         <run_address>0xb068</run_address>
         <size>0xe</size>
         <input_file_ref idref="fl-4"/>
      </object_component>
      <object_component id="oc-7f">
         <name>.data:s_rxPar</name>
         <load_address>0xb086</load_address>
         <run_address>0xb086</run_address>
         <size>0x2</size>
         <input_file_ref idref="fl-4"/>
      </object_component>
      <object_component id="oc-82">
         <name>.data:g_voltBuf</name>
         <load_address>0xb07c</load_address>
         <run_address>0xb07c</run_address>
         <size>0x5</size>
         <input_file_ref idref="fl-4"/>
      </object_component>
      <object_component id="oc-88">
         <name>.data:g_hdrStream</name>
         <load_address>0xb058</load_address>
         <run_address>0xb058</run_address>
         <size>0x10</size>
         <input_file_ref idref="fl-4"/>
      </object_component>
      <object_component id="oc-15e">
         <name>.data</name>
         <load_address>0xb076</load_address>
         <run_address>0xb076</run_address>
         <size>0x6</size>
         <input_file_ref idref="fl-2c"/>
      </object_component>
      <object_component id="oc-161">
         <name>.data:_lock</name>
         <load_address>0xb082</load_address>
         <run_address>0xb082</run_address>
         <size>0x2</size>
         <input_file_ref idref="fl-2d"/>
      </object_component>
      <object_component id="oc-313">
         <name>.data:_unlock</name>
         <load_address>0xb084</load_address>
         <run_address>0xb084</run_address>
         <size>0x2</size>
         <input_file_ref idref="fl-2d"/>
      </object_component>
      <object_component id="oc-4f5">
         <name>.debug_types</name>
         <load_address>0x0</load_address>
         <run_address>0x0</run_address>
         <size>0x523</size>
         <input_file_ref idref="fl-2"/>
      </object_component>
      <object_component id="oc-4ff">
         <name>.debug_types</name>
         <load_address>0x523</load_address>
         <run_address>0x523</run_address>
         <size>0x937</size>
         <input_file_ref idref="fl-3"/>
      </object_component>
      <object_component id="oc-9b">
         <name>.debug_types</name>
         <load_address>0xe5a</load_address>
         <run_address>0xe5a</run_address>
         <size>0x1ce1</size>
         <input_file_ref idref="fl-4"/>
      </object_component>
      <object_component id="oc-305">
         <name>.debug_types</name>
         <load_address>0x2b3b</load_address>
         <run_address>0x2b3b</run_address>
         <size>0x29c</size>
         <input_file_ref idref="fl-5"/>
      </object_component>
      <object_component id="oc-a9">
         <name>.debug_types</name>
         <load_address>0x2dd7</load_address>
         <run_address>0x2dd7</run_address>
         <size>0x18d9</size>
         <input_file_ref idref="fl-6"/>
      </object_component>
      <object_component id="oc-11d">
         <name>.debug_types</name>
         <load_address>0x46b0</load_address>
         <run_address>0x46b0</run_address>
         <size>0x776</size>
         <input_file_ref idref="fl-7"/>
      </object_component>
      <object_component id="oc-71f">
         <name>.debug_types</name>
         <load_address>0x4e26</load_address>
         <run_address>0x4e26</run_address>
         <size>0xba</size>
         <input_file_ref idref="fl-f"/>
      </object_component>
      <object_component id="oc-473">
         <name>.debug_types</name>
         <load_address>0x0</load_address>
         <run_address>0x0</run_address>
         <size>0x0</size>
         <input_file_ref idref="fl-10"/>
      </object_component>
      <object_component id="oc-5be">
         <name>.debug_types</name>
         <load_address>0x4ee0</load_address>
         <run_address>0x4ee0</run_address>
         <size>0x24d</size>
         <input_file_ref idref="fl-12"/>
      </object_component>
      <object_component id="oc-73e">
         <name>.debug_types</name>
[...]
         <name>m24m01e_ascan_load</name>
         <value>0x80dda</value>
         <object_component_ref idref="oc-30c"/>
      </symbol>
      <symbol id="sm-1d8">
         <name>m24m01e_ascan_find</name>
         <value>0x81913</value>
         <object_component_ref idref="oc-553"/>
      </symbol>
      <symbol id="sm-1d9">
         <name>m24m01e_write</name>
         <value>0x811df</value>
         <object_component_ref idref="oc-54c"/>
      </symbol>
      <symbol id="sm-1da">
         <name>m24m01e_probe</name>
         <value>0x81e9b</value>
         <object_component_ref idref="oc-2d4"/>
      </symbol>
      <symbol id="sm-1db">
         <name>m24m01e_init</name>
         <value>0x81b25</value>
         <object_component_ref idref="oc-2ce"/>
      </symbol>
      <symbol id="sm-1dc">
         <name>m24m01e_read</name>
         <value>0x81132</value>
         <object_component_ref idref="oc-559"/>
      </symbol>
      <symbol id="sm-1dd">
         <name>m24m01e_wait_ready</name>
         <value>0x81716</value>
         <object_component_ref idref="oc-754"/>
      </symbol>
      <symbol id="sm-1de">
         <name>m24m01e_ascan_save</name>
         <value>0x8041b</value>
         <object_component_ref idref="oc-306"/>
      </symbol>
      <symbol id="sm-3ea">
         <name>g_eeId</name>
         <value>0xb06c</value>
         <object_component_ref idref="oc-97"/>
      </symbol>
      <symbol id="sm-3eb">
         <name>g_hdrStream</name>
         <value>0xb058</value>
         <object_component_ref idref="oc-88"/>
      </symbol>
      <symbol id="sm-3ec">
         <name>g_eeOp</name>
         <value>0xb06b</value>
         <object_component_ref idref="oc-97"/>
      </symbol>
      <symbol id="sm-3ed">
         <name>g_i2cTxPtr</name>
         <value>0xb06d</value>
         <object_component_ref idref="oc-97"/>
      </symbol>
      <symbol id="sm-3ee">
         <name>g_burstCycles</name>
         <value>0xb069</value>
         <object_component_ref idref="oc-97"/>
      </symbol>
      <symbol id="sm-3ef">
         <name>main</name>
         <value>0x80aba</value>
         <object_component_ref idref="oc-156"/>
      </symbol>
      <symbol id="sm-3f0">
         <name>g_statusFlags</name>
         <value>0xb068</value>
         <object_component_ref idref="oc-97"/>
      </symbol>
      <symbol id="sm-3f1">
         <name>g_ndtState</name>
         <value>0xb06a</value>
         <object_component_ref idref="oc-97"/>
      </symbol>
      <symbol id="sm-3f2">
         <name>g_waveCh</name>
         <value>0xb06f</value>
         <object_component_ref idref="oc-97"/>
      </symbol>
      <symbol id="sm-3f3">
         <name>g_voltBuf</name>
         <value>0xb07c</value>
         <object_component_ref idref="oc-82"/>
      </symbol>
      <symbol id="sm-3f4">
         <name>INT_myI2CB_ISR</name>
         <value>0x80552</value>
         <object_component_ref idref="oc-2c"/>
      </symbol>
      <symbol id="sm-3f5">
         <name>g_i2cReadSel</name>
         <value>0xb06e</value>
         <object_component_ref idref="oc-97"/>
      </symbol>
      <symbol id="sm-3f6">
         <name>g_waveBuf</name>
         <value>0xa000</value>
         <object_component_ref idref="oc-85"/>
      </symbol>
      <symbol id="sm-456">
         <name>max14808_set_mode</name>
         <value>0x819eb</value>
         <object_component_ref idref="oc-1c1"/>
      </symbol>
      <symbol id="sm-457">
         <name>max14808_set_current</name>
         <value>0x81f15</value>
         <object_component_ref idref="oc-2b5"/>
      </symbol>
      <symbol id="sm-458">
         <name>max14808_init</name>
         <value>0x80d5f</value>
         <object_component_ref idref="oc-2af"/>
      </symbol>
      <symbol id="sm-459">
         <name>max14808_enter_receive_mode</name>
         <value>0x81667</value>
         <object_component_ref idref="oc-2e9"/>
      </symbol>
      <symbol id="sm-6a5">
         <name>I2C_init</name>
         <value>0x82757</value>
         <object_component_ref idref="oc-23d"/>
      </symbol>
      <symbol id="sm-6a6">
         <name>CH6_B_MCU_init</name>
         <value>0x82523</value>
         <object_component_ref idref="oc-3d7"/>
      </symbol>
      <symbol id="sm-6a7">
         <name>THP_init</name>
         <value>0x82603</value>
         <object_component_ref idref="oc-43d"/>
      </symbol>
      <symbol id="sm-6a8">
         <name>INTERRUPT_init</name>
         <value>0x8264f</value>
         <object_component_ref idref="oc-32"/>
      </symbol>
      <symbol id="sm-6a9">
         <name>CH3_B_MCU_init</name>
         <value>0x824d3</value>
         <object_component_ref idref="oc-3f5"/>
      </symbol>
      <symbol id="sm-6aa">
         <name>CH5_A_MCU_init</name>
         <value>0x82503</value>
         <object_component_ref idref="oc-3ad"/>
      </symbol>
      <symbol id="sm-6ab">
         <name>AFE_GAIN_A2_init</name>
         <value>0x82413</value>
         <object_component_ref idref="oc-42b"/>
      </symbol>
      <symbol id="sm-6ac">
         <name>AFE_GAIN_A1_init</name>
         <value>0x82403</value>
         <object_component_ref idref="oc-425"/>
      </symbol>
      <symbol id="sm-6ad">
         <name>PinMux_init</name>
         <value>0x802c8</value>
         <object_component_ref idref="oc-21f"/>
      </symbol>
      <symbol id="sm-6ae">
         <name>EEPROM_WC_init</name>
         <value>0x82583</value>
         <object_component_ref idref="oc-44f"/>
      </symbol>
      <symbol id="sm-6af">
         <name>Board_init</name>
         <value>0x823d0</value>
         <object_component_ref idref="oc-18d"/>
      </symbol>
      <symbol id="sm-6b0">
         <name>CH6_A_MCU_init</name>
         <value>0x82513</value>
         <object_component_ref idref="oc-3dd"/>
      </symbol>
      <symbol id="sm-6b1">
         <name>CH3_A_MCU_init</name>
         <value>0x824c3</value>
         <object_component_ref idref="oc-3fb"/>
      </symbol>
      <symbol id="sm-6b2">
         <name>CH4_B_MCU_init</name>
         <value>0x824f3</value>
         <object_component_ref idref="oc-3b9"/>
      </symbol>
      <symbol id="sm-6b3">
         <name>myI2CB_init</name>
         <value>0x812c6</value>
         <object_component_ref idref="oc-45c"/>
      </symbol>
      <symbol id="sm-6b4">
         <name>myI2CA_init</name>
         <value>0x8127c</value>
         <object_component_ref idref="oc-456"/>
      </symbol>
      <symbol id="sm-6b5">
         <name>GPIO_init</name>
         <value>0x815f1</value>
         <object_component_ref idref="oc-237"/>
      </symbol>
      <symbol id="sm-6b6">
         <name>CH1_B_MCU_init</name>
         <value>0x82493</value>
         <object_component_ref idref="oc-3c5"/>
      </symbol>
      <symbol id="sm-6b7">
         <name>SYSCTL_init</name>
         <value>0x80008</value>
         <object_component_ref idref="oc-225"/>
      </symbol>
      <symbol id="sm-6b8">
         <name>ADC_init</name>
         <value>0x82752</value>
         <object_component_ref idref="oc-231"/>
      </symbol>
      <symbol id="sm-6b9">
         <name>CH2_B_MCU_init</name>
         <value>0x824b3</value>
         <object_component_ref idref="oc-3d1"/>
      </symbol>
      <symbol id="sm-6ba">
         <name>CH4_A_MCU_init</name>
         <value>0x824e3</value>
         <object_component_ref idref="oc-3b3"/>
      </symbol>
      <symbol id="sm-6bb">
         <name>Analog_EN_init</name>
         <value>0x82443</value>
         <object_component_ref idref="oc-40d"/>
      </symbol>
      <symbol id="sm-6bc">
         <name>myADCC_init</name>
         <value>0x81000</value>
         <object_component_ref idref="oc-3a0"/>
      </symbol>
      <symbol id="sm-6bd">
         <name>myADCA_init</name>
         <value>0x80966</value>
         <object_component_ref idref="oc-39a"/>
      </symbol>
      <symbol id="sm-6be">
         <name>AFE_GAIN_B2_init</name>
         <value>0x82433</value>
         <object_component_ref idref="oc-437"/>
      </symbol>
      <symbol id="sm-6bf">
         <name>AFE_GAIN_B1_init</name>
         <value>0x82423</value>
         <object_component_ref idref="oc-431"/>
      </symbol>
      <symbol id="sm-6c0">
         <name>BOOT1_init</name>
         <value>0x82463</value>
         <object_component_ref idref="oc-449"/>
      </symbol>
      <symbol id="sm-6c1">
         <name>BOOT0_init</name>
         <value>0x82453</value>
         <object_component_ref idref="oc-443"/>
      </symbol>
      <symbol id="sm-6c2">
         <name>CH1_A_MCU_init</name>
         <value>0x82483</value>
         <object_component_ref idref="oc-3bf"/>
      </symbol>
      <symbol id="sm-6c3">
         <name>CH8_B_MCU_init</name>
         <value>0x82563</value>
         <object_component_ref idref="oc-401"/>
      </symbol>
      <symbol id="sm-6c4">
         <name>CH2_A_MCU_init</name>
         <value>0x824a3</value>
         <object_component_ref idref="oc-3cb"/>
      </symbol>
      <symbol id="sm-6c5">
         <name>CH7_B_MCU_init</name>
         <value>0x82543</value>
         <object_component_ref idref="oc-3e9"/>
      </symbol>
      <symbol id="sm-6c6">
         <name>MCU_LED_init</name>
         <value>0x825c3</value>
         <object_component_ref idref="oc-41f"/>
      </symbol>
      <symbol id="sm-6c7">
         <name>MODE1_init</name>
         <value>0x825e3</value>
         <object_component_ref idref="oc-419"/>
      </symbol>
      <symbol id="sm-6c8">
         <name>MODE0_init</name>
         <value>0x825d3</value>
         <object_component_ref idref="oc-413"/>
      </symbol>
      <symbol id="sm-6c9">
         <name>CH8_A_MCU_init</name>
         <value>0x82553</value>
         <object_component_ref idref="oc-3ef"/>
      </symbol>
      <symbol id="sm-6ca">
         <name>ASYSCTL_init</name>
         <value>0x8273a</value>
         <object_component_ref idref="oc-22b"/>
      </symbol>
      <symbol id="sm-6cb">
         <name>CH7_A_MCU_init</name>
         <value>0x82533</value>
         <object_component_ref idref="oc-3e3"/>
      </symbol>
      <symbol id="sm-6cc">
         <name>CH5_B_MCU_init</name>
         <value>0x82623</value>
         <object_component_ref idref="oc-3a7"/>
      </symbol>
      <symbol id="sm-6cd">
         <name>Pulser_EN_init</name>
         <value>0x825f3</value>
         <object_component_ref idref="oc-407"/>
      </symbol>
      <symbol id="sm-725">
         <name>Device_init</name>
         <value>0x816a2</value>
         <object_component_ref idref="oc-181"/>
      </symbol>
      <symbol id="sm-726">
         <name>__error__</name>
         <value>0x82725</value>
         <object_component_ref idref="oc-cd"/>
      </symbol>
      <symbol id="sm-736">
         <name>code_start</name>
         <value>0x80000</value>
         <object_component_ref idref="oc-21"/>
      </symbol>
      <symbol id="sm-75d">
         <name>ADC_setOffsetTrimAll</name>
         <value>0x81bb2</value>
         <object_component_ref idref="oc-718"/>
      </symbol>
      <symbol id="sm-75e">
         <name>ADC_setVREF</name>
         <value>0x81a65</value>
         <object_component_ref idref="oc-5d3"/>
      </symbol>
      <symbol id="sm-778">
         <name>CPUTimer_setEmulationMode</name>
         <value>0x8227f</value>
         <object_component_ref idref="oc-250"/>
      </symbol>
      <symbol id="sm-7bf">
         <name>GPIO_setQualificationMode</name>
         <value>0x81786</value>
         <object_component_ref idref="oc-35b"/>
      </symbol>
      <symbol id="sm-7c0">
         <name>GPIO_setPadConfig</name>
         <value>0x8118d</value>
         <object_component_ref idref="oc-355"/>
      </symbol>
      <symbol id="sm-7c1">
         <name>GPIO_setAnalogMode</name>
         <value>0x813e4</value>
         <object_component_ref idref="oc-34f"/>
      </symbol>
      <symbol id="sm-7c2">
         <name>GPIO_setDirectionMode</name>
         <value>0x81829</value>
         <object_component_ref idref="oc-60b"/>
      </symbol>
      <symbol id="sm-7c3">
         <name>GPIO_setPinConfig</name>
         <value>0x8174f</value>
         <object_component_ref idref="oc-349"/>
      </symbol>
      <symbol id="sm-802">
         <name>I2C_clearInterruptStatus</name>
         <value>0x81b6e</value>
         <object_component_ref idref="oc-689"/>
      </symbol>
      <symbol id="sm-803">
         <name>I2C_initController</name>
         <value>0x810ce</value>
         <object_component_ref idref="oc-634"/>
      </symbol>
      <symbol id="sm-804">
         <name>I2C_configureModuleFrequency</name>
         <value>0x81bd2</value>
         <object_component_ref idref="oc-67d"/>
      </symbol>
      <symbol id="sm-805">
         <name>I2C_enableInterrupt</name>
         <value>0x81997</value>
         <object_component_ref idref="oc-68f"/>
      </symbol>
      <symbol id="sm-854">
         <name>Interrupt_defaultHandler</name>
         <value>0x8206e</value>
         <object_component_ref idref="oc-38"/>
      </symbol>
      <symbol id="sm-855">
         <name>Interrupt_initModule</name>
         <value>0x81578</value>
         <object_component_ref idref="oc-187"/>
      </symbol>
      <symbol id="sm-856">
         <name>Interrupt_nmiHandler</name>
         <value>0x826d5</value>
         <object_component_ref idref="oc-4a"/>
      </symbol>
      <symbol id="sm-857">
         <name>Interrupt_enable</name>
         <value>0x817bd</value>
         <object_component_ref idref="oc-a2"/>
      </symbol>
      <symbol id="sm-858">
         <name>Interrupt_initVectorTable</name>
         <value>0x81c2e</value>
         <object_component_ref idref="oc-3e"/>
      </symbol>
      <symbol id="sm-859">
         <name>Interrupt_illegalOperationHandler</name>
         <value>0x826cb</value>
         <object_component_ref idref="oc-44"/>
      </symbol>
      <symbol id="sm-975">
         <name>SysCtl_isPLLValid</name>
         <value>0x807aa</value>
         <object_component_ref idref="oc-334"/>
      </symbol>
      <symbol id="sm-976">
         <name>SysCtl_delay</name>
         <value>0x1ac</value>
         <object_component_ref idref="oc-19f"/>
      </symbol>
      <symbol id="sm-977">
         <name>SysCtl_selectXTALSingleEnded</name>
         <value>0x81b00</value>
         <object_component_ref idref="oc-569"/>
      </symbol>
      <symbol id="sm-978">
         <name>SysCtl_selectXTAL</name>
         <value>0x8142a</value>
         <object_component_ref idref="oc-563"/>
      </symbol>
      <symbol id="sm-979">
         <name>SysCtl_selectOscSource</name>
         <value>0x81357</value>
         <object_component_ref idref="oc-328"/>
      </symbol>
      <symbol id="sm-97a">
         <name>SysCtl_getLowSpeedClock</name>
         <value>0x81e4e</value>
         <object_component_ref idref="oc-20b"/>
      </symbol>
      <symbol id="sm-97b">
         <name>SysCtl_setClock</name>
         <value>0x80687</value>
         <object_component_ref idref="oc-1ec"/>
      </symbol>
      <symbol id="sm-97c">
         <name>SysCtl_getClock</name>
         <value>0x81069</value>
         <object_component_ref idref="oc-204"/>
      </symbol>
      <symbol id="sm-97d">
         <name>SysCtl_configureType</name>
         <value>0x81cda</value>
         <object_component_ref idref="oc-368"/>
      </symbol>
      <symbol id="sm-987">
         <name>_c_int00</name>
         <value>0x81fce</value>
         <object_component_ref idref="oc-c0"/>
      </symbol>
      <symbol id="sm-988">
         <name>__stack</name>
         <value>0x400</value>
         <object_component_ref idref="oc-50"/>
      </symbol>
      <symbol id="sm-990">
         <name>__c28xabi_subd</name>
         <value>0x82641</value>
         <object_component_ref idref="oc-493"/>
      </symbol>
      <symbol id="sm-99b">
         <name>__c28xabi_dtoul</name>
         <value>0x81d7d</value>
         <object_component_ref idref="oc-498"/>
      </symbol>
      <symbol id="sm-9a8">
         <name>__c28xabi_divf</name>
         <value>0x80bdf</value>
         <object_component_ref idref="oc-571"/>
      </symbol>
      <symbol id="sm-9b5">
         <name>__c28xabi_ultod</name>
         <value>0x82084</value>
         <object_component_ref idref="oc-489"/>
      </symbol>
      <symbol id="sm-9c8">
         <name>__c28xabi_divd</name>
         <value>0x80b54</value>
         <object_component_ref idref="oc-48e"/>
      </symbol>
      <symbol id="sm-9d5">
         <name>_system_pre_init</name>
         <value>0x80ffe</value>
         <object_component_ref idref="oc-107"/>
      </symbol>
      <symbol id="sm-9e4">
         <name>__TI_auto_init_nobinit_nopinit</name>
         <value>0x8196c</value>
         <object_component_ref idref="oc-126"/>
      </symbol>
      <symbol id="sm-9f1">
         <name>__TI_zero_init</name>
         <value>0x82746</value>
         <object_component_ref idref="oc-61"/>
      </symbol>
      <symbol id="sm-9fe">
         <name>__TI_decompress_none</name>
         <value>0x826f1</value>
         <object_component_ref idref="oc-1a"/>
      </symbol>
      <symbol id="sm-a12">
         <name>__TI_decompress_lzss</name>
         <value>0x818b7</value>
         <object_component_ref idref="oc-14"/>
      </symbol>
      <symbol id="sm-a28">
         <name>C$$EXIT</name>
         <value>0x81a14</value>
         <object_component_ref idref="oc-114"/>
      </symbol>
      <symbol id="sm-a29">
         <name>abort</name>
         <value>0x81a14</value>
         <object_component_ref idref="oc-114"/>
      </symbol>
      <symbol id="sm-a2a">
         <name>exit</name>
         <value>0x81a16</value>
         <object_component_ref idref="oc-114"/>
      </symbol>
      <symbol id="sm-a2b">
         <name>__TI_dtors_ptr</name>
         <value>0xb07a</value>
         <object_component_ref idref="oc-15e"/>
      </symbol>
      <symbol id="sm-a2c">
         <name>__TI_cleanup_ptr</name>
         <value>0xb078</value>
         <object_component_ref idref="oc-15e"/>
      </symbol>
      <symbol id="sm-a2d">
         <name>__TI_enable_exit_profile_output</name>
         <value>0xb076</value>
         <object_component_ref idref="oc-15e"/>
      </symbol>
      <symbol id="sm-a44">
         <name>_nop</name>
         <value>0x826f0</value>
         <object_component_ref idref="oc-1d3"/>
      </symbol>
      <symbol id="sm-a45">
         <name>_lock</name>
         <value>0xb082</value>
         <object_component_ref idref="oc-161"/>
      </symbol>
      <symbol id="sm-a46">
         <name>_unlock</name>
         <value>0xb084</value>
         <object_component_ref idref="oc-313"/>
      </symbol>
      <symbol id="sm-a47">
         <name>_register_lock</name>
         <value>0x826ec</value>
         <object_component_ref idref="oc-1d3"/>
      </symbol>
      <symbol id="sm-a48">
         <name>_register_unlock</name>
         <value>0x826e8</value>
         <object_component_ref idref="oc-1d3"/>
      </symbol>
      <symbol id="sm-a57">
         <name>_args_main</name>
         <value>0x826a9</value>
         <object_component_ref idref="oc-10e"/>
      </symbol>
      <symbol id="sm-a66">
         <name>memset</name>
         <value>0x8272c</value>
         <object_component_ref idref="oc-b9"/>
      </symbol>
      <symbol id="sm-a7d">
         <name>__c28xabi_addd</name>
         <value>0x80a1e</value>
         <object_component_ref idref="oc-69e"/>
      </symbol>
      <symbol id="sm-a90">
         <name>memcpy</name>
         <value>0x81c69</value>
         <object_component_ref idref="oc-53"/>
      </symbol>
      <symbol id="sm-a9d">
         <name>_system_post_cinit</name>
         <value>0x81ffc</value>
         <object_component_ref idref="oc-16c"/>
      </symbol>
      <symbol id="sm-a9f">
         <name>__c_args__</name>
         <value>0x0</value>
      </symbol>
   </symbol_table>
   <title>Link successful</title>
</link_info>
