<?xml version="1.0" encoding="ISO-8859-1" ?>
<link_info>
   <banner>TMS320C2000 Linker PC v22.6.3.LTS</banner>
   <copyright>Copyright (c) 1996-2018 Texas Instruments Incorporated</copyright>
   <link_time>0x6a0339d4</link_time>
   <link_errors>0x0</link_errors>
   <output_file>NDT_AUX.out</output_file>
   <entry_point>
      <name>code_start</name>
      <address>0x0</address>
   </entry_point>
   <input_file_list>
      <input_file id="fl-2">
         <path>.\syscfg\</path>
         <kind>object</kind>
         <file>board.obj</file>
         <name>board.obj</name>
      </input_file>
      <input_file id="fl-3">
         <path>.\syscfg\</path>
         <kind>object</kind>
         <file>c2000ware_libraries.obj</file>
         <name>c2000ware_libraries.obj</name>
      </input_file>
      <input_file id="fl-4">
         <path>.\</path>
         <kind>object</kind>
         <file>empty_sysconfig_main.obj</file>
         <name>empty_sysconfig_main.obj</name>
      </input_file>
      <input_file id="fl-5">
         <path>.\device\</path>
         <kind>object</kind>
         <file>device.obj</file>
         <name>device.obj</name>
      </input_file>
      <input_file id="fl-6">
         <path>.\device\</path>
         <kind>object</kind>
         <file>f28002x_codestartbranch.obj</file>
         <name>f28002x_codestartbranch.obj</name>
      </input_file>
      <input_file id="fl-b">
         <kind>object</kind>
         <file>&lt;internal&gt;</file>
         <name>&lt;internal&gt;</name>
      </input_file>
      <input_file id="fl-c">
         <path>C:\ti\C2000Ware_26_00_00_00\driverlib\f28002x\driverlib\ccs\Debug\</path>
         <kind>archive</kind>
         <file>driverlib.lib</file>
         <name>adc.obj</name>
      </input_file>
      <input_file id="fl-d">
         <path>C:\ti\C2000Ware_26_00_00_00\driverlib\f28002x\driverlib\ccs\Debug\</path>
         <kind>archive</kind>
         <file>driverlib.lib</file>
         <name>dcc.obj</name>
      </input_file>
      <input_file id="fl-e">
         <path>C:\ti\C2000Ware_26_00_00_00\driverlib\f28002x\driverlib\ccs\Debug\</path>
         <kind>archive</kind>
         <file>driverlib.lib</file>
         <name>gpio.obj</name>
      </input_file>
      <input_file id="fl-f">
         <path>C:\ti\C2000Ware_26_00_00_00\driverlib\f28002x\driverlib\ccs\Debug\</path>
         <kind>archive</kind>
         <file>driverlib.lib</file>
         <name>i2c.obj</name>
      </input_file>
      <input_file id="fl-10">
         <path>C:\ti\C2000Ware_26_00_00_00\driverlib\f28002x\driverlib\ccs\Debug\</path>
         <kind>archive</kind>
         <file>driverlib.lib</file>
         <name>interrupt.obj</name>
      </input_file>
      <input_file id="fl-11">
         <path>C:\ti\C2000Ware_26_00_00_00\driverlib\f28002x\driverlib\ccs\Debug\</path>
         <kind>archive</kind>
         <file>driverlib.lib</file>
         <name>sysctl.obj</name>
      </input_file>
      <input_file id="fl-1d">
         <path>C:\ti\ccs2040\ccs\tools\compiler\ti-cgt-c2000_22.6.3.LTS\lib\</path>
         <kind>archive</kind>
         <file>rts2800_fpu32_eabi.lib</file>
         <name>boot28.asm.obj</name>
      </input_file>
      <input_file id="fl-1e">
         <path>C:\ti\ccs2040\ccs\tools\compiler\ti-cgt-c2000_22.6.3.LTS\lib\</path>
         <kind>archive</kind>
         <file>rts2800_fpu32_eabi.lib</file>
         <name>fs_div28.asm.obj</name>
      </input_file>
      <input_file id="fl-1f">
         <path>C:\ti\ccs2040\ccs\tools\compiler\ti-cgt-c2000_22.6.3.LTS\lib\</path>
         <kind>archive</kind>
         <file>rts2800_fpu32_eabi.lib</file>
         <name>pre_init.c.obj</name>
      </input_file>
      <input_file id="fl-20">
         <path>C:\ti\ccs2040\ccs\tools\compiler\ti-cgt-c2000_22.6.3.LTS\lib\</path>
         <kind>archive</kind>
         <file>rts2800_fpu32_eabi.lib</file>
         <name>autoinit.c.obj</name>
      </input_file>
      <input_file id="fl-21">
         <path>C:\ti\ccs2040\ccs\tools\compiler\ti-cgt-c2000_22.6.3.LTS\lib\</path>
         <kind>archive</kind>
         <file>rts2800_fpu32_eabi.lib</file>
         <name>copy_zero_init.c.obj</name>
      </input_file>
      <input_file id="fl-22">
         <path>C:\ti\ccs2040\ccs\tools\compiler\ti-cgt-c2000_22.6.3.LTS\lib\</path>
         <kind>archive</kind>
         <file>rts2800_fpu32_eabi.lib</file>
         <name>copy_decompress_none.c.obj</name>
      </input_file>
      <input_file id="fl-23">
         <path>C:\ti\ccs2040\ccs\tools\compiler\ti-cgt-c2000_22.6.3.LTS\lib\</path>
         <kind>archive</kind>
         <file>rts2800_fpu32_eabi.lib</file>
         <name>copy_decompress_lzss.c.obj</name>
      </input_file>
      <input_file id="fl-24">
         <path>C:\ti\ccs2040\ccs\tools\compiler\ti-cgt-c2000_22.6.3.LTS\lib\</path>
         <kind>archive</kind>
         <file>rts2800_fpu32_eabi.lib</file>
         <name>exit.c.obj</name>
      </input_file>
      <input_file id="fl-25">
         <path>C:\ti\ccs2040\ccs\tools\compiler\ti-cgt-c2000_22.6.3.LTS\lib\</path>
         <kind>archive</kind>
         <file>rts2800_fpu32_eabi.lib</file>
         <name>_lock.c.obj</name>
      </input_file>
      <input_file id="fl-26">
         <path>C:\ti\ccs2040\ccs\tools\compiler\ti-cgt-c2000_22.6.3.LTS\lib\</path>
         <kind>archive</kind>
         <file>rts2800_fpu32_eabi.lib</file>
         <name>args_main.c.obj</name>
      </input_file>
      <input_file id="fl-27">
         <path>C:\ti\ccs2040\ccs\tools\compiler\ti-cgt-c2000_22.6.3.LTS\lib\</path>
         <kind>archive</kind>
         <file>rts2800_fpu32_eabi.lib</file>
         <name>memset.c.obj</name>
      </input_file>
      <input_file id="fl-28">
         <path>C:\ti\ccs2040\ccs\tools\compiler\ti-cgt-c2000_22.6.3.LTS\lib\</path>
         <kind>archive</kind>
         <file>rts2800_fpu32_eabi.lib</file>
         <name>cpy_tbl.c.obj</name>
      </input_file>
      <input_file id="fl-29">
         <path>C:\ti\ccs2040\ccs\tools\compiler\ti-cgt-c2000_22.6.3.LTS\lib\</path>
         <kind>archive</kind>
         <file>rts2800_fpu32_eabi.lib</file>
         <name>memcpy.c.obj</name>
      </input_file>
      <input_file id="fl-2a">
         <path>C:\ti\ccs2040\ccs\tools\compiler\ti-cgt-c2000_22.6.3.LTS\lib\</path>
         <kind>archive</kind>
         <file>rts2800_fpu32_eabi.lib</file>
         <name>startup.c.obj</name>
      </input_file>
   </input_file_list>
   <object_component_list>
      <object_component id="oc-131">
         <name>.text:SysCtl_setClock</name>
         <load_address>0xa000</load_address>
         <run_address>0xa000</run_address>
         <size>0x123</size>
         <input_file_ref idref="fl-11"/>
      </object_component>
      <object_component id="oc-172">
         <name>.text:PinMux_init</name>
         <load_address>0xa123</load_address>
         <run_address>0xa123</run_address>
         <size>0x116</size>
         <input_file_ref idref="fl-2"/>
      </object_component>
      <object_component id="oc-1b9">
         <name>.text:SysCtl_isPLLValid</name>
         <load_address>0xa239</load_address>
         <run_address>0xa239</run_address>
         <size>0xfe</size>
         <input_file_ref idref="fl-11"/>
      </object_component>
      <object_component id="oc-156">
         <name>.text:Device_enableAllPeripherals</name>
         <load_address>0xa337</load_address>
         <run_address>0xa337</run_address>
         <size>0x9a</size>
         <input_file_ref idref="fl-5"/>
      </object_component>
      <object_component id="oc-28b">
         <name>.text</name>
         <load_address>0xa3d1</load_address>
         <run_address>0xa3d1</run_address>
         <size>0x88</size>
         <input_file_ref idref="fl-1e"/>
      </object_component>
      <object_component id="oc-1f9">
         <name>.text:myADCA_init</name>
         <load_address>0xa459</load_address>
         <run_address>0xa459</run_address>
         <size>0x79</size>
         <input_file_ref idref="fl-2"/>
      </object_component>
      <object_component id="oc-1ff">
         <name>.text:myADCC_init</name>
         <load_address>0xa4d2</load_address>
         <run_address>0xa4d2</run_address>
         <size>0x79</size>
         <input_file_ref idref="fl-2"/>
      </object_component>
      <object_component id="oc-2c0">
         <name>.text:DCC_setCounterSeeds</name>
         <load_address>0xa54b</load_address>
         <run_address>0xa54b</run_address>
         <size>0x73</size>
         <input_file_ref idref="fl-11"/>
      </object_component>
      <object_component id="oc-13d">
         <name>.text:SysCtl_getClock</name>
         <load_address>0xa5be</load_address>
         <run_address>0xa5be</run_address>
         <size>0x65</size>
         <input_file_ref idref="fl-11"/>
      </object_component>
      <object_component id="oc-1df">
         <name>.text:GPIO_setPadConfig</name>
         <load_address>0xa623</load_address>
         <run_address>0xa623</run_address>
         <size>0x52</size>
         <input_file_ref idref="fl-e"/>
      </object_component>
      <object_component id="oc-1ad">
         <name>.text:SysCtl_selectOscSource</name>
         <load_address>0xa675</load_address>
         <run_address>0xa675</run_address>
         <size>0x47</size>
         <input_file_ref idref="fl-11"/>
      </object_component>
      <object_component id="oc-310">
         <name>.text:ADC_setupSOC</name>
         <load_address>0xa6bc</load_address>
         <run_address>0xa6bc</run_address>
         <size>0x46</size>
         <input_file_ref idref="fl-2"/>
      </object_component>
      <object_component id="oc-1d9">
         <name>.text:GPIO_setAnalogMode</name>
         <load_address>0xa702</load_address>
         <run_address>0xa702</run_address>
         <size>0x46</size>
         <input_file_ref idref="fl-e"/>
      </object_component>
      <object_component id="oc-27d">
         <name>.text:SysCtl_selectXTAL</name>
         <load_address>0xa748</load_address>
         <run_address>0xa748</run_address>
         <size>0x46</size>
         <input_file_ref idref="fl-11"/>
      </object_component>
      <object_component id="oc-267">
         <name>.text:myI2CA_init</name>
         <load_address>0xa78e</load_address>
         <run_address>0xa78e</run_address>
         <size>0x42</size>
         <input_file_ref idref="fl-2"/>
      </object_component>
      <object_component id="oc-26d">
         <name>.text:myI2CB_init</name>
         <load_address>0xa7d0</load_address>
         <run_address>0xa7d0</run_address>
         <size>0x42</size>
         <input_file_ref idref="fl-2"/>
      </object_component>
      <object_component id="oc-390">
         <name>.text:SysCtl_pollX1Counter</name>
         <load_address>0xa812</load_address>
         <run_address>0xa812</run_address>
         <size>0x40</size>
         <input_file_ref idref="fl-11"/>
      </object_component>
      <object_component id="oc-ff">
         <name>.text:Interrupt_initModule</name>
         <load_address>0xa852</load_address>
         <run_address>0xa852</run_address>
         <size>0x3d</size>
         <input_file_ref idref="fl-10"/>
      </object_component>
      <object_component id="oc-1d3">
         <name>.text:GPIO_setPinConfig</name>
         <load_address>0xa88f</load_address>
         <run_address>0xa88f</run_address>
         <size>0x37</size>
         <input_file_ref idref="fl-e"/>
      </object_component>
      <object_component id="oc-1e5">
         <name>.text:GPIO_setQualificationMode</name>
         <load_address>0xa8c6</load_address>
         <run_address>0xa8c6</run_address>
         <size>0x37</size>
         <input_file_ref idref="fl-e"/>
      </object_component>
      <object_component id="oc-f3">
         <name>.text:Device_init</name>
         <load_address>0xa8fd</load_address>
         <run_address>0xa8fd</run_address>
         <size>0x36</size>
         <input_file_ref idref="fl-5"/>
      </object_component>
      <object_component id="oc-330">
         <name>.text:GPIO_setDirectionMode</name>
         <load_address>0xa933</load_address>
         <run_address>0xa933</run_address>
         <size>0x31</size>
         <input_file_ref idref="fl-e"/>
      </object_component>
      <object_component id="oc-31c">
         <name>.text:ADC_setInterruptSource</name>
         <load_address>0xa964</load_address>
         <run_address>0xa964</run_address>
         <size>0x2f</size>
         <input_file_ref idref="fl-2"/>
      </object_component>
      <object_component id="oc-316">
         <name>.text:ADC_setInterruptSOCTrigger</name>
         <load_address>0xa993</load_address>
         <run_address>0xa993</run_address>
         <size>0x2e</size>
         <input_file_ref idref="fl-2"/>
      </object_component>
      <object_component id="oc-14">
         <name>.text:decompress:lzss</name>
         <load_address>0xa9c1</load_address>
         <run_address>0xa9c1</run_address>
         <size>0x2e</size>
         <input_file_ref idref="fl-23"/>
      </object_component>
      <object_component id="oc-9b">
         <name>.text:__TI_auto_init_nobinit_nopinit</name>
         <load_address>0xa9ef</load_address>
         <run_address>0xa9ef</run_address>
         <size>0x2b</size>
         <input_file_ref idref="fl-20"/>
      </object_component>
      <object_component id="oc-8f">
         <name>.text</name>
         <load_address>0xaa1a</load_address>
         <run_address>0xaa1a</run_address>
         <size>0x29</size>
         <input_file_ref idref="fl-24"/>
      </object_component>
      <object_component id="oc-2e6">
         <name>.text:ADC_setVREF</name>
         <load_address>0xaa43</load_address>
         <run_address>0xaa43</run_address>
         <size>0x27</size>
         <input_file_ref idref="fl-c"/>
      </object_component>
      <object_component id="oc-37c">
         <name>.text:I2C_setFIFOInterruptLevel</name>
         <load_address>0xaa6a</load_address>
         <run_address>0xaa6a</run_address>
         <size>0x26</size>
         <input_file_ref idref="fl-2"/>
      </object_component>
      <object_component id="oc-283">
         <name>.text:SysCtl_selectXTALSingleEnded</name>
         <load_address>0xaa90</load_address>
         <run_address>0xaa90</run_address>
         <size>0x25</size>
         <input_file_ref idref="fl-11"/>
      </object_component>
      <object_component id="oc-2c6">
         <name>.text:DCC_enableSingleShotMode</name>
         <load_address>0xaab5</load_address>
         <run_address>0xaab5</run_address>
         <size>0x24</size>
         <input_file_ref idref="fl-11"/>
      </object_component>
      <object_component id="oc-322">
         <name>.text:ADC_disableContinuousMode</name>
         <load_address>0xaad9</load_address>
         <run_address>0xaad9</run_address>
         <size>0x21</size>
         <input_file_ref idref="fl-2"/>
      </object_component>
      <object_component id="oc-328">
         <name>.text:ADC_disableInterrupt</name>
         <load_address>0xaafa</load_address>
         <run_address>0xaafa</run_address>
         <size>0x21</size>
         <input_file_ref idref="fl-2"/>
      </object_component>
      <object_component id="oc-184">
         <name>.text:GPIO_init</name>
         <load_address>0xab1b</load_address>
         <run_address>0xab1b</run_address>
         <size>0x21</size>
         <input_file_ref idref="fl-2"/>
      </object_component>
      <object_component id="oc-3bb">
         <name>.text:ADC_setOffsetTrimAll</name>
         <load_address>0xab3c</load_address>
         <run_address>0xab3c</run_address>
         <size>0x20</size>
         <input_file_ref idref="fl-c"/>
      </object_component>
      <object_component id="oc-34c">
         <name>.text:I2C_configureModuleFrequency</name>
         <load_address>0xab5c</load_address>
         <run_address>0xab5c</run_address>
         <size>0x20</size>
         <input_file_ref idref="fl-f"/>
      </object_component>
      <object_component id="oc-2b4">
         <name>.text:DCC_setCounter0ClkSource</name>
         <load_address>0xab7c</load_address>
         <run_address>0xab7c</run_address>
         <size>0x1e</size>
         <input_file_ref idref="fl-11"/>
      </object_component>
      <object_component id="oc-2ba">
         <name>.text:DCC_setCounter1ClkSource</name>
         <load_address>0xab9a</load_address>
         <run_address>0xab9a</run_address>
         <size>0x1e</size>
         <input_file_ref idref="fl-11"/>
      </object_component>
      <object_component id="oc-27">
         <name>.text:Interrupt_initVectorTable</name>
         <load_address>0xabb8</load_address>
         <run_address>0xabb8</run_address>
         <size>0x1e</size>
         <input_file_ref idref="fl-10"/>
      </object_component>
      <object_component id="oc-41">
         <name>.text</name>
         <load_address>0xabd6</load_address>
         <run_address>0xabd6</run_address>
         <size>0x1d</size>
         <input_file_ref idref="fl-29"/>
      </object_component>
      <object_component id="oc-30a">
         <name>.text:ADC_setSOCPriority</name>
         <load_address>0xabf3</load_address>
         <run_address>0xabf3</run_address>
         <size>0x1c</size>
         <input_file_ref idref="fl-2"/>
      </object_component>
      <object_component id="oc-358">
         <name>.text:I2C_setOwnAddress</name>
         <load_address>0xac0f</load_address>
         <run_address>0xac0f</run_address>
         <size>0x1b</size>
         <input_file_ref idref="fl-2"/>
      </object_component>
      <object_component id="oc-35e">
         <name>.text:I2C_setTargetAddress</name>
         <load_address>0xac2a</load_address>
         <run_address>0xac2a</run_address>
         <size>0x1b</size>
         <input_file_ref idref="fl-2"/>
      </object_component>
      <object_component id="oc-370">
         <name>.text:I2C_setAddressMode</name>
         <load_address>0xac45</load_address>
         <run_address>0xac45</run_address>
         <size>0x1a</size>
         <input_file_ref idref="fl-2"/>
      </object_component>
      <object_component id="oc-364">
         <name>.text:I2C_setBitCount</name>
         <load_address>0xac5f</load_address>
         <run_address>0xac5f</run_address>
         <size>0x1a</size>
         <input_file_ref idref="fl-2"/>
      </object_component>
      <object_component id="oc-352">
         <name>.text:I2C_setConfig</name>
         <load_address>0xac79</load_address>
         <run_address>0xac79</run_address>
         <size>0x1a</size>
         <input_file_ref idref="fl-2"/>
      </object_component>
      <object_component id="oc-382">
         <name>.text:I2C_setEmulationMode</name>
         <load_address>0xac93</load_address>
         <run_address>0xac93</run_address>
         <size>0x1a</size>
         <input_file_ref idref="fl-2"/>
      </object_component>
      <object_component id="oc-14a">
         <name>.text:SysCtl_getLowSpeedClock</name>
         <load_address>0xacad</load_address>
         <run_address>0xacad</run_address>
         <size>0x1a</size>
         <input_file_ref idref="fl-11"/>
      </object_component>
      <object_component id="oc-1b3">
         <name>.text:SysCtl_setPLLSysClk</name>
         <load_address>0xacc7</load_address>
         <run_address>0xacc7</run_address>
         <size>0x19</size>
         <input_file_ref idref="fl-11"/>
      </object_component>
      <object_component id="oc-376">
         <name>.text:I2C_enableFIFO</name>
         <load_address>0xace0</load_address>
         <run_address>0xace0</run_address>
         <size>0x18</size>
         <input_file_ref idref="fl-2"/>
      </object_component>
      <object_component id="oc-1f2">
         <name>.text:ASysCtl_setAnalogReferenceExternal</name>
         <load_address>0xacf8</load_address>
         <run_address>0xacf8</run_address>
         <size>0x17</size>
         <input_file_ref idref="fl-2"/>
      </object_component>
      <object_component id="oc-1c6">
         <name>.text:SysCtl_enablePeripheral</name>
         <load_address>0xad0f</load_address>
         <run_address>0xad0f</run_address>
         <size>0x17</size>
         <input_file_ref idref="fl-5"/>
      </object_component>
      <object_component id="oc-290">
         <name>.text:SysCtl_enablePeripheral</name>
         <load_address>0xad26</load_address>
         <run_address>0xad26</run_address>
         <size>0x17</size>
         <input_file_ref idref="fl-11"/>
      </object_component>
      <object_component id="oc-71">
         <name>.text</name>
         <load_address>0xad3d</load_address>
         <run_address>0xad3d</run_address>
         <size>0x17</size>
         <input_file_ref idref="fl-1d"/>
      </object_component>
      <object_component id="oc-2f8">
         <name>.text:ADC_setInterruptCycleOffset</name>
         <load_address>0xad54</load_address>
         <run_address>0xad54</run_address>
         <size>0x16</size>
         <input_file_ref idref="fl-2"/>
      </object_component>
      <object_component id="oc-2f2">
         <name>.text:ADC_setInterruptPulseMode</name>
         <load_address>0xad6a</load_address>
         <run_address>0xad6a</run_address>
         <size>0x16</size>
         <input_file_ref idref="fl-2"/>
      </object_component>
      <object_component id="oc-2ec">
         <name>.text:ADC_setPrescaler</name>
         <load_address>0xad80</load_address>
         <run_address>0xad80</run_address>
         <size>0x16</size>
         <input_file_ref idref="fl-2"/>
      </object_component>
      <object_component id="oc-2ae">
         <name>.text:DCC_disableDoneSignal</name>
         <load_address>0xad96</load_address>
         <run_address>0xad96</run_address>
         <size>0x16</size>
         <input_file_ref idref="fl-11"/>
      </object_component>
      <object_component id="oc-26">
         <name>.text:Interrupt_defaultHandler</name>
         <load_address>0xadac</load_address>
         <run_address>0xadac</run_address>
         <size>0x16</size>
         <input_file_ref idref="fl-10"/>
      </object_component>
      <object_component id="oc-304">
         <name>.text:ADC_disableBurstMode</name>
         <load_address>0xadc2</load_address>
         <run_address>0xadc2</run_address>
         <size>0x15</size>
         <input_file_ref idref="fl-2"/>
      </object_component>
      <object_component id="oc-29c">
         <name>.text:DCC_clearDoneFlag</name>
         <load_address>0xadd7</load_address>
         <run_address>0xadd7</run_address>
         <size>0x15</size>
         <input_file_ref idref="fl-11"/>
      </object_component>
      <object_component id="oc-296">
         <name>.text:DCC_clearErrorFlag</name>
         <load_address>0xadec</load_address>
         <run_address>0xadec</run_address>
         <size>0x15</size>
         <input_file_ref idref="fl-11"/>
      </object_component>
      <object_component id="oc-2a8">
         <name>.text:DCC_disableErrorSignal</name>
         <load_address>0xae01</load_address>
         <run_address>0xae01</run_address>
         <size>0x15</size>
         <input_file_ref idref="fl-11"/>
      </object_component>
      <object_component id="oc-3a0">
         <name>.text:DCC_isBaseValid</name>
         <load_address>0xae16</load_address>
         <run_address>0xae16</run_address>
         <size>0x15</size>
         <input_file_ref idref="fl-11"/>
      </object_component>
      <object_component id="oc-164">
         <name>.text:GPIO_unlockPortConfig</name>
         <load_address>0xae2b</load_address>
         <run_address>0xae2b</run_address>
         <size>0x15</size>
         <input_file_ref idref="fl-5"/>
      </object_component>
      <object_component id="oc-2a2">
         <name>.text:DCC_disableModule</name>
         <load_address>0xae40</load_address>
         <run_address>0xae40</run_address>
         <size>0x14</size>
         <input_file_ref idref="fl-11"/>
      </object_component>
      <object_component id="oc-2cc">
         <name>.text:DCC_enableModule</name>
         <load_address>0xae54</load_address>
         <run_address>0xae54</run_address>
         <size>0x14</size>
         <input_file_ref idref="fl-11"/>
      </object_component>
      <object_component id="oc-2db">
         <name>.text:GPIO_isPinValid</name>
         <load_address>0xae68</load_address>
         <run_address>0xae68</run_address>
         <size>0x14</size>
         <input_file_ref idref="fl-e"/>
      </object_component>
      <object_component id="oc-150">
         <name>.text:SysCtl_deviceCal</name>
         <load_address>0xae7c</load_address>
         <run_address>0xae7c</run_address>
         <size>0x14</size>
         <input_file_ref idref="fl-5"/>
      </object_component>
      <object_component id="oc-2fe">
         <name>.text:ADC_enableConverter</name>
         <load_address>0xae90</load_address>
         <run_address>0xae90</run_address>
         <size>0x13</size>
         <input_file_ref idref="fl-2"/>
      </object_component>
      <object_component id="oc-3c3">
         <name>.text:ADC_isBaseValid</name>
         <load_address>0xaea3</load_address>
         <run_address>0xaea3</run_address>
         <size>0x13</size>
         <input_file_ref idref="fl-2"/>
      </object_component>
      <object_component id="oc-3b4">
         <name>.text:ADC_isBaseValid</name>
         <load_address>0xaeb6</load_address>
         <run_address>0xaeb6</run_address>
         <size>0x13</size>
         <input_file_ref idref="fl-c"/>
      </object_component>
      <object_component id="oc-346">
         <name>.text:I2C_disableModule</name>
         <load_address>0xaec9</load_address>
         <run_address>0xaec9</run_address>
         <size>0x13</size>
         <input_file_ref idref="fl-2"/>
      </object_component>
      <object_component id="oc-388">
         <name>.text:I2C_enableModule</name>
         <load_address>0xaedc</load_address>
         <run_address>0xaedc</run_address>
         <size>0x13</size>
         <input_file_ref idref="fl-2"/>
      </object_component>
      <object_component id="oc-3d5">
         <name>.text:I2C_isBaseValid</name>
         <load_address>0xaeef</load_address>
         <run_address>0xaeef</run_address>
         <size>0x13</size>
         <input_file_ref idref="fl-2"/>
      </object_component>
      <object_component id="oc-3dc">
         <name>.text:I2C_isBaseValid</name>
         <load_address>0xaf02</load_address>
         <run_address>0xaf02</run_address>
         <size>0x13</size>
         <input_file_ref idref="fl-f"/>
      </object_component>
      <object_component id="oc-36a">
         <name>.text:I2C_setDataCount</name>
         <load_address>0xaf15</load_address>
         <run_address>0xaf15</run_address>
         <size>0x12</size>
         <input_file_ref idref="fl-2"/>
      </object_component>
      <object_component id="oc-21e">
         <name>.text:CH1_A_MCU_init</name>
         <load_address>0xaf27</load_address>
         <run_address>0xaf27</run_address>
         <size>0x10</size>
         <input_file_ref idref="fl-2"/>
      </object_component>
      <object_component id="oc-224">
         <name>.text:CH1_B_MCU_init</name>
         <load_address>0xaf37</load_address>
         <run_address>0xaf37</run_address>
         <size>0x10</size>
         <input_file_ref idref="fl-2"/>
      </object_component>
      <object_component id="oc-22a">
         <name>.text:CH2_A_MCU_init</name>
         <load_address>0xaf47</load_address>
         <run_address>0xaf47</run_address>
         <size>0x10</size>
         <input_file_ref idref="fl-2"/>
      </object_component>
      <object_component id="oc-230">
         <name>.text:CH2_B_MCU_init</name>
         <load_address>0xaf57</load_address>
         <run_address>0xaf57</run_address>
         <size>0x10</size>
         <input_file_ref idref="fl-2"/>
      </object_component>
      <object_component id="oc-25a">
         <name>.text:CH3_A_MCU_init</name>
         <load_address>0xaf67</load_address>
         <run_address>0xaf67</run_address>
         <size>0x10</size>
         <input_file_ref idref="fl-2"/>
      </object_component>
      <object_component id="oc-254">
         <name>.text:CH3_B_MCU_init</name>
         <load_address>0xaf77</load_address>
         <run_address>0xaf77</run_address>
         <size>0x10</size>
         <input_file_ref idref="fl-2"/>
      </object_component>
      <object_component id="oc-212">
         <name>.text:CH4_A_MCU_init</name>
         <load_address>0xaf87</load_address>
         <run_address>0xaf87</run_address>
         <size>0x10</size>
         <input_file_ref idref="fl-2"/>
      </object_component>
      <object_component id="oc-218">
         <name>.text:CH4_B_MCU_init</name>
         <load_address>0xaf97</load_address>
         <run_address>0xaf97</run_address>
         <size>0x10</size>
         <input_file_ref idref="fl-2"/>
      </object_component>
      <object_component id="oc-20c">
         <name>.text:CH5_A_MCU_init</name>
         <load_address>0xafa7</load_address>
         <run_address>0xafa7</run_address>
         <size>0x10</size>
         <input_file_ref idref="fl-2"/>
      </object_component>
      <object_component id="oc-23c">
         <name>.text:CH6_A_MCU_init</name>
         <load_address>0xafb7</load_address>
         <run_address>0xafb7</run_address>
         <size>0x10</size>
         <input_file_ref idref="fl-2"/>
      </object_component>
      <object_component id="oc-236">
         <name>.text:CH6_B_MCU_init</name>
         <load_address>0xafc7</load_address>
         <run_address>0xafc7</run_address>
         <size>0x10</size>
         <input_file_ref idref="fl-2"/>
      </object_component>
      <object_component id="oc-242">
         <name>.text:CH7_A_MCU_init</name>
         <load_address>0xafd7</load_address>
         <run_address>0xafd7</run_address>
         <size>0x10</size>
         <input_file_ref idref="fl-2"/>
      </object_component>
      <object_component id="oc-248">
         <name>.text:CH7_B_MCU_init</name>
         <load_address>0xafe7</load_address>
         <run_address>0xafe7</run_address>
         <size>0x10</size>
         <input_file_ref idref="fl-2"/>
      </object_component>
      <object_component id="oc-24e">
         <name>.text:CH8_A_MCU_init</name>
         <load_address>0xaff7</load_address>
         <run_address>0xaff7</run_address>
         <size>0x10</size>
         <input_file_ref idref="fl-2"/>
      </object_component>
      <object_component id="oc-260">
         <name>.text:CH8_B_MCU_init</name>
         <load_address>0xb007</load_address>
         <run_address>0xb007</run_address>
         <size>0x10</size>
         <input_file_ref idref="fl-2"/>
      </object_component>
      <object_component id="oc-f9">
         <name>.text:Device_initGPIO</name>
         <load_address>0xb017</load_address>
         <run_address>0xb017</run_address>
         <size>0x10</size>
         <input_file_ref idref="fl-5"/>
      </object_component>
      <object_component id="oc-206">
         <name>.text:CH5_B_MCU_init</name>
         <load_address>0xb027</load_address>
         <run_address>0xb027</run_address>
         <size>0xf</size>
         <input_file_ref idref="fl-2"/>
      </object_component>
      <object_component id="oc-cb">
         <name>.text:main</name>
         <load_address>0xb036</load_address>
         <run_address>0xb036</run_address>
         <size>0xf</size>
         <input_file_ref idref="fl-4"/>
      </object_component>
      <object_component id="oc-105">
         <name>.text:Board_init</name>
         <load_address>0xb045</load_address>
         <run_address>0xb045</run_address>
         <size>0xd</size>
         <input_file_ref idref="fl-2"/>
      </object_component>
      <object_component id="oc-16b">
         <name>.text:Interrupt_disableGlobal</name>
         <load_address>0xb052</load_address>
         <run_address>0xb052</run_address>
         <size>0xd</size>
         <input_file_ref idref="fl-10"/>
      </object_component>
      <object_component id="oc-137">
         <name>.text:SysCtl_setLowSpeedClock</name>
         <load_address>0xb05f</load_address>
         <run_address>0xb05f</run_address>
         <size>0xd</size>
         <input_file_ref idref="fl-5"/>
      </object_component>
      <object_component id="oc-89">
         <name>.text</name>
         <load_address>0xb06c</load_address>
         <run_address>0xb06c</run_address>
         <size>0xc</size>
         <input_file_ref idref="fl-26"/>
      </object_component>
      <object_component id="oc-12b">
         <name>.text:SysCtl_disableWatchdog</name>
         <load_address>0xb078</load_address>
         <run_address>0xb078</run_address>
         <size>0xb</size>
         <input_file_ref idref="fl-5"/>
      </object_component>
      <object_component id="oc-1a6">
         <name>.text:SysCtl_isMCDClockFailureDetected</name>
         <load_address>0xb083</load_address>
         <run_address>0xb083</run_address>
         <size>0xb</size>
         <input_file_ref idref="fl-11"/>
      </object_component>
      <object_component id="oc-32">
         <name>.text:Interrupt_illegalOperationHandler</name>
         <load_address>0xb08e</load_address>
         <run_address>0xb08e</run_address>
         <size>0xa</size>
         <input_file_ref idref="fl-10"/>
      </object_component>
      <object_component id="oc-38">
         <name>.text:Interrupt_nmiHandler</name>
         <load_address>0xb098</load_address>
         <run_address>0xb098</run_address>
         <size>0xa</size>
         <input_file_ref idref="fl-10"/>
      </object_component>
      <object_component id="oc-118">
         <name>.text</name>
         <load_address>0xb0a2</load_address>
         <run_address>0xb0a2</run_address>
         <size>0x9</size>
         <input_file_ref idref="fl-25"/>
      </object_component>
      <object_component id="oc-1a">
         <name>.text:decompress:none</name>
         <load_address>0xb0ab</load_address>
         <run_address>0xb0ab</run_address>
         <size>0x8</size>
         <input_file_ref idref="fl-22"/>
      </object_component>
      <object_component id="oc-55">
         <name>.text</name>
         <load_address>0xb0b3</load_address>
         <run_address>0xb0b3</run_address>
         <size>0x8</size>
         <input_file_ref idref="fl-6"/>
      </object_component>
      <object_component id="oc-1ec">
         <name>.text:ASysCtl_disableTemperatureSensor</name>
         <load_address>0xb0bb</load_address>
         <run_address>0xb0bb</run_address>
         <size>0x7</size>
         <input_file_ref idref="fl-2"/>
      </object_component>
      <object_component id="oc-15c">
         <name>.text:ASysCtl_lockVREG</name>
         <load_address>0xb0c2</load_address>
         <run_address>0xb0c2</run_address>
         <size>0x7</size>
         <input_file_ref idref="fl-5"/>
      </object_component>
      <object_component id="oc-396">
         <name>.text:SysCtl_resetMCD</name>
         <load_address>0xb0c9</load_address>
         <run_address>0xb0c9</run_address>
         <size>0x7</size>
         <input_file_ref idref="fl-11"/>
      </object_component>
      <object_component id="oc-144">
         <name>.text:__error__</name>
         <load_address>0xb0d0</load_address>
         <run_address>0xb0d0</run_address>
         <size>0x7</size>
         <input_file_ref idref="fl-5"/>
      </object_component>
      <object_component id="oc-178">
         <name>.text:ASYSCTL_init</name>
         <load_address>0xb0d7</load_address>
         <run_address>0xb0d7</run_address>
         <size>0x6</size>
         <input_file_ref idref="fl-2"/>
      </object_component>
      <object_component id="oc-17e">
         <name>.text:ADC_init</name>
         <load_address>0xb0dd</load_address>
         <run_address>0xb0dd</run_address>
         <size>0x5</size>
         <input_file_ref idref="fl-2"/>
      </object_component>
      <object_component id="oc-18a">
         <name>.text:I2C_init</name>
         <load_address>0xb0e2</load_address>
         <run_address>0xb0e2</run_address>
         <size>0x5</size>
         <input_file_ref idref="fl-2"/>
      </object_component>
      <object_component id="oc-82">
         <name>.text</name>
         <load_address>0xb0e7</load_address>
         <run_address>0xb0e7</run_address>
         <size>0x2</size>
         <input_file_ref idref="fl-1f"/>
      </object_component>
      <object_component id="oc-10b">
         <name>.text:C2000Ware_libraries_init</name>
         <load_address>0xb0e9</load_address>
         <run_address>0xb0e9</run_address>
         <size>0x1</size>
         <input_file_ref idref="fl-3"/>
      </object_component>
      <object_component id="oc-de">
         <name>.text</name>
         <load_address>0xb0ea</load_address>
         <run_address>0xb0ea</run_address>
         <size>0x1</size>
         <input_file_ref idref="fl-2a"/>
      </object_component>
      <object_component id="oc-1ac">
         <name>.TI.ramfunc</name>
         <load_address>0x128</load_address>
         <run_address>0x128</run_address>
         <size>0x4</size>
         <input_file_ref idref="fl-11"/>
      </object_component>
      <object_component id="oc-426">
         <name>.cinit..data.load</name>
         <load_address>0x12c</load_address>
         <run_address>0x12c</run_address>
         <size>0x8</size>
      </object_component>
      <object_component id="oc-424">
         <name>__TI_handler_table</name>
         <load_address>0x134</load_address>
         <run_address>0x134</run_address>
         <size>0x4</size>
      </object_component>
      <object_component id="oc-425">
         <name>__TI_cinit_table</name>
         <load_address>0x138</load_address>
         <run_address>0x138</run_address>
         <size>0x4</size>
      </object_component>
      <object_component id="oc-21">
         <name>codestart</name>
         <load_address>0x0</load_address>
         <run_address>0x0</run_address>
         <size>0x2</size>
         <input_file_ref idref="fl-6"/>
      </object_component>
      <object_component id="oc-3e">
         <name>.stack</name>
         <uninitialized>true</uninitialized>
         <run_address>0x400</run_address>
         <size>0x0</size>
         <input_file_ref idref="fl-1d"/>
      </object_component>
      <object_component id="oc-427">
         <name>.stack</name>
         <uninitialized>true</uninitialized>
         <run_address>0x400</run_address>
         <size>0x0</size>
      </object_component>
      <object_component id="oc-2e4">
         <name>.const:.string</name>
         <load_address>0xb0ec</load_address>
         <run_address>0xb0ec</run_address>
         <size>0xbe</size>
         <input_file_ref idref="fl-2"/>
      </object_component>
      <object_component id="oc-1a5">
         <name>.const:.string</name>
         <load_address>0xb1aa</load_address>
         <run_address>0xb1aa</run_address>
         <size>0x9a</size>
         <input_file_ref idref="fl-11"/>
      </object_component>
      <object_component id="oc-2d9">
         <name>.const:.string</name>
         <load_address>0xb244</load_address>
         <run_address>0xb244</run_address>
         <size>0x98</size>
         <input_file_ref idref="fl-e"/>
      </object_component>
      <object_component id="oc-143">
         <name>.const:.string</name>
         <load_address>0xb2dc</load_address>
         <run_address>0xb2dc</run_address>
         <size>0x55</size>
         <input_file_ref idref="fl-5"/>
      </object_component>
      <object_component id="oc-3ba">
         <name>.const:.string</name>
         <load_address>0xb332</load_address>
         <run_address>0xb332</run_address>
         <size>0x4b</size>
         <input_file_ref idref="fl-c"/>
      </object_component>
      <object_component id="oc-3e2">
         <name>.const:.string</name>
         <load_address>0xb37e</load_address>
         <run_address>0xb37e</run_address>
         <size>0x4b</size>
         <input_file_ref idref="fl-f"/>
      </object_component>
      <object_component id="oc-d3">
         <name>.data</name>
         <load_address>0xb3ca</load_address>
         <run_address>0xb3ca</run_address>
         <size>0x6</size>
         <input_file_ref idref="fl-24"/>
      </object_component>
      <object_component id="oc-d6">
         <name>.data:_lock</name>
         <load_address>0xb3d0</load_address>
         <run_address>0xb3d0</run_address>
         <size>0x2</size>
         <input_file_ref idref="fl-25"/>
      </object_component>
      <object_component id="oc-197">
         <name>.data:_unlock</name>
         <load_address>0xb3d2</load_address>
         <run_address>0xb3d2</run_address>
         <size>0x2</size>
         <input_file_ref idref="fl-25"/>
      </object_component>
      <object_component id="oc-191">
         <name>.debug_types</name>
         <load_address>0x0</load_address>
         <run_address>0x0</run_address>
         <size>0x18bc</size>
         <input_file_ref idref="fl-2"/>
      </object_component>
      <object_component id="oc-193">
         <name>.debug_types</name>
         <load_address>0x0</load_address>
         <run_address>0x0</run_address>
         <size>0x0</size>
         <input_file_ref idref="fl-3"/>
      </object_component>
      <object_component id="oc-112">
         <name>.debug_types</name>
         <load_address>0x0</load_address>
         <run_address>0x0</run_address>
         <size>0x0</size>
         <input_file_ref idref="fl-4"/>
      </object_component>
      <object_component id="oc-163">
         <name>.debug_types</name>
         <load_address>0x18bc</load_address>
         <run_address>0x18bc</run_address>
         <size>0xaaa</size>
         <input_file_ref idref="fl-5"/>
      </object_component>
      <object_component id="oc-3c2">
         <name>.debug_types</name>
         <load_address>0x2366</load_address>
         <run_address>0x2366</run_address>
         <size>0x17c</size>
         <input_file_ref idref="fl-c"/>
      </object_component>
      <object_component id="oc-2d8">
         <name>.debug_types</name>
         <load_address>0x24e2</load_address>
         <run_address>0x24e2</run_address>
         <size>0x24d</size>
         <input_file_ref idref="fl-e"/>
      </object_component>
      <object_component id="oc-3e4">
         <name>.debug_types</name>
         <load_address>0x272f</load_address>
         <run_address>0x272f</run_address>
         <size>0x96</size>
         <input_file_ref idref="fl-f"/>
      </object_component>
      <object_component id="oc-5c">
         <name>.debug_types</name>
         <load_address>0x0</load_address>
         <run_address>0x0</run_address>
         <size>0x0</size>
         <input_file_ref idref="fl-10"/>
      </object_component>
      <object_component id="oc-1c0">
         <name>.debug_types</name>
         <load_address>0x27c5</load_address>
         <run_address>0x27c5</run_address>
         <size>0x716</size>
         <input_file_ref idref="fl-11"/>
      </object_component>
      <object_component id="oc-9a">
         <name>.debug_types</name>
         <load_address>0x0</load_address>
         <run_address>0x0</run_address>
         <size>0x0</size>
         <input_file_ref idref="fl-1f"/>
      </object_component>
      <object_component id="oc-e5">
         <name>.debug_types</name>
         <load_address>0x2edb</load_address>
         <run_address>0x2edb</run_address>
         <size>0x4e8</size>
         <input_file_ref idref="fl-20"/>
      </object_component>
      <object_component id="oc-48">
         <name>.debug_types</name>
         <load_address>0x33c3</load_address>
         <run_address>0x33c3</run_address>
         <size>0x1c8</size>
         <input_file_ref idref="fl-22"/>
      </object_component>
      <object_component id="oc-40">
         <name>.debug_types</name>
         <load_address>0x358b</load_address>
         <run_address>0x358b</run_address>
         <size>0x191</size>
         <input_file_ref idref="fl-23"/>
      </object_component>
      <object_component id="oc-da">
         <name>.debug_types</name>
         <load_address>0x371c</load_address>
         <run_address>0x371c</run_address>
         <size>0xbf</size>
         <input_file_ref idref="fl-24"/>
      </object_component>
      <object_component id="oc-120">
         <name>.debug_types</name>
         <load_address>0x37db</load_address>
         <run_address>0x37db</run_address>
         <size>0x2f</size>
         <input_file_ref idref="fl-25"/>
      </object_component>
      <object_component id="oc-d2">
         <name>.debug_types</name>
         <load_address>0x380a</load_address>
         <run_address>0x380a</run_address>
         <size>0xe1</size>
         <input_file_ref idref="fl-26"/>
      </object_component>
      <object_component id="oc-64">
         <name>.debug_types</name>
         <load_address>0x38eb</load_address>
         <run_address>0x38eb</run_address>
         <size>0xe3</size>
         <input_file_ref idref="fl-29"/>
      </object_component>
      <object_component id="oc-125">
         <name>.debug_types</name>
         <load_address>0x0</load_address>
         <run_address>0x0</run_address>
         <size>0x0</size>
         <input_file_ref idref="fl-2a"/>
      </object_component>
      <object_component id="oc-3c4">
         <name>.debug_info</name>
         <load_address>0x0</load_address>
         <run_address>0x0</run_address>
         <size>0x165</size>
         <input_file_ref idref="fl-2"/>
      </object_component>
      <object_component id="oc-2ed">
         <name>.debug_info</name>
         <load_address>0x165</load_address>
         <run_address>0x165</run_address>
         <size>0x1b2</size>
         <input_file_ref idref="fl-2"/>
      </object_component>
      <object_component id="oc-311">
         <name>.debug_info</name>
         <load_address>0x317</load_address>
         <run_address>0x317</run_address>
         <size>0x231</size>
         <input_file_ref idref="fl-2"/>
      </object_component>
      <object_component id="oc-317">
         <name>.debug_info</name>
         <load_address>0x548</load_address>
         <run_address>0x548</run_address>
         <size>0x1fe</size>
         <input_file_ref idref="fl-2"/>
      </object_component>
      <object_component id="oc-2f3">
         <name>.debug_info</name>
         <load_address>0x746</load_address>
         <run_address>0x746</run_address>
         <size>0x1c0</size>
         <input_file_ref idref="fl-2"/>
      </object_component>
      <object_component id="oc-2f9">
         <name>.debug_info</name>
         <load_address>0x906</load_address>
         <run_address>0x906</run_address>
         <size>0x1c8</size>
         <input_file_ref idref="fl-2"/>
      </object_component>
      <object_component id="oc-2ff">
         <name>.debug_info</name>
         <load_address>0xace</load_address>
         <run_address>0xace</run_address>
         <size>0x189</size>
         <input_file_ref idref="fl-2"/>
      </object_component>
      <object_component id="oc-305">
         <name>.debug_info</name>
         <load_address>0xc57</load_address>
         <run_address>0xc57</run_address>
         <size>0x18b</size>
         <input_file_ref idref="fl-2"/>
      </object_component>
      <object_component id="oc-30b">
         <name>.debug_info</name>
         <load_address>0xde2</load_address>
         <run_address>0xde2</run_address>
         <size>0x1ae</size>
         <input_file_ref idref="fl-2"/>
      </object_component>
      <object_component id="oc-329">
         <name>.debug_info</name>
         <load_address>0xf90</load_address>
         <run_address>0xf90</run_address>
         <size>0x1e2</size>
         <input_file_ref idref="fl-2"/>
      </object_component>
      <object_component id="oc-31d">
         <name>.debug_info</name>
         <load_address>0x1172</load_address>
         <run_address>0x1172</run_address>
         <size>0x222</size>
         <input_file_ref idref="fl-2"/>
      </object_component>
      <object_component id="oc-323">
         <name>.debug_info</name>
         <load_address>0x1394</load_address>
         <run_address>0x1394</run_address>
         <size>0x1ec</size>
         <input_file_ref idref="fl-2"/>
      </object_component>
      <object_component id="oc-1ed">
         <name>.debug_info</name>
         <load_address>0x1580</load_address>
         <run_address>0x1580</run_address>
         <size>0x160</size>
         <input_file_ref idref="fl-2"/>
      </object_component>
      <object_component id="oc-1f3">
         <name>.debug_info</name>
         <load_address>0x16e0</load_address>
         <run_address>0x16e0</run_address>
         <size>0x19e</size>
         <input_file_ref idref="fl-2"/>
      </object_component>
      <object_component id="oc-3d6">
         <name>.debug_info</name>
         <load_address>0x187e</load_address>
         <run_address>0x187e</run_address>
         <size>0x165</size>
         <input_file_ref idref="fl-2"/>
      </object_component>
      <object_component id="oc-389">
         <name>.debug_info</name>
         <load_address>0x19e3</load_address>
         <run_address>0x19e3</run_address>
         <size>0x183</size>
         <input_file_ref idref="fl-2"/>
      </object_component>
      <object_component id="oc-347">
         <name>.debug_info</name>
         <load_address>0x1b66</load_address>
         <run_address>0x1b66</run_address>
         <size>0x185</size>
         <input_file_ref idref="fl-2"/>
      </object_component>
      <object_component id="oc-377">
         <name>.debug_info</name>
         <load_address>0x1ceb</load_address>
         <run_address>0x1ceb</run_address>
         <size>0x17f</size>
         <input_file_ref idref="fl-2"/>
      </object_component>
      <object_component id="oc-37d">
         <name>.debug_info</name>
         <load_address>0x1e6a</load_address>
         <run_address>0x1e6a</run_address>
         <size>0x1e3</size>
         <input_file_ref idref="fl-2"/>
      </object_component>
      <object_component id="oc-35f">
         <name>.debug_info</name>
         <load_address>0x204d</load_address>
         <run_address>0x204d</run_address>
         <size>0x1c7</size>
         <input_file_ref idref="fl-2"/>
      </object_component>
      <object_component id="oc-359">
         <name>.debug_info</name>
         <load_address>0x2214</load_address>
         <run_address>0x2214</run_address>
         <size>0x1b5</size>
         <input_file_ref idref="fl-2"/>
      </object_component>
      <object_component id="oc-353">
         <name>.debug_info</name>
         <load_address>0x23c9</load_address>
         <run_address>0x23c9</run_address>
         <size>0x1a2</size>
         <input_file_ref idref="fl-2"/>
      </object_component>
      <object_component id="oc-365">
         <name>.debug_info</name>
         <load_address>0x256b</load_address>
         <run_address>0x256b</run_address>
         <size>0x1a2</size>
         <input_file_ref idref="fl-2"/>
      </object_component>
      <object_component id="oc-36b">
         <name>.debug_info</name>
         <load_address>0x270d</load_address>
         <run_address>0x270d</run_address>
         <size>0x1a6</size>
         <input_file_ref idref="fl-2"/>
      </object_component>
      <object_component id="oc-371">
         <name>.debug_info</name>
         <load_address>0x28b3</load_address>
         <run_address>0x28b3</run_address>
         <size>0x1a8</size>
         <input_file_ref idref="fl-2"/>
      </object_component>
      <object_component id="oc-383">
         <name>.debug_info</name>
         <load_address>0x2a5b</load_address>
         <run_address>0x2a5b</run_address>
         <size>0x1ac</size>
         <input_file_ref idref="fl-2"/>
      </object_component>
      <object_component id="oc-106">
         <name>.debug_info</name>
         <load_address>0x2c07</load_address>
         <run_address>0x2c07</run_address>
         <size>0x14f</size>
         <input_file_ref idref="fl-2"/>
      </object_component>
      <object_component id="oc-173">
         <name>.debug_info</name>
         <load_address>0x2d56</load_address>
         <run_address>0x2d56</run_address>
         <size>0x697</size>
         <input_file_ref idref="fl-2"/>
      </object_component>
      <object_component id="oc-17f">
         <name>.debug_info</name>
         <load_address>0x33ed</load_address>
         <run_address>0x33ed</run_address>
         <size>0x11f</size>
         <input_file_ref idref="fl-2"/>
      </object_component>
      <object_component id="oc-1fa">
         <name>.debug_info</name>
         <load_address>0x350c</load_address>
         <run_address>0x350c</run_address>
         <size>0x2e5</size>
         <input_file_ref idref="fl-2"/>
      </object_component>
      <object_component id="oc-200">
         <name>.debug_info</name>
         <load_address>0x37f1</load_address>
         <run_address>0x37f1</run_address>
         <size>0x2e6</size>
         <input_file_ref idref="fl-2"/>
      </object_component>
      <object_component id="oc-179">
         <name>.debug_info</name>
         <load_address>0x3ad7</load_address>
         <run_address>0x3ad7</run_address>
         <size>0x155</size>
         <input_file_ref idref="fl-2"/>
      </object_component>
      <object_component id="oc-185">
         <name>.debug_info</name>
         <load_address>0x3c2c</load_address>
         <run_address>0x3c2c</run_address>
         <size>0x241</size>
         <input_file_ref idref="fl-2"/>
      </object_component>
      <object_component id="oc-207">
         <name>.debug_info</name>
         <load_address>0x3e6d</load_address>
         <run_address>0x3e6d</run_address>
         <size>0x15c</size>
         <input_file_ref idref="fl-2"/>
      </object_component>
      <object_component id="oc-20d">
         <name>.debug_info</name>
         <load_address>0x3fc9</load_address>
         <run_address>0x3fc9</run_address>
         <size>0x15c</size>
         <input_file_ref idref="fl-2"/>
      </object_component>
      <object_component id="oc-213">
         <name>.debug_info</name>
         <load_address>0x4125</load_address>
         <run_address>0x4125</run_address>
         <size>0x15c</size>
         <input_file_ref idref="fl-2"/>
      </object_component>
      <object_component id="oc-219">
         <name>.debug_info</name>
         <load_address>0x4281</load_address>
         <run_address>0x4281</run_address>
         <size>0x15c</size>
         <input_file_ref idref="fl-2"/>
      </object_component>
      <object_component id="oc-21f">
         <name>.debug_info</name>
         <load_address>0x43dd</load_address>
         <run_address>0x43dd</run_address>
         <size>0x15c</size>
         <input_file_ref idref="fl-2"/>
      </object_component>
      <object_component id="oc-225">
         <name>.debug_info</name>
         <load_address>0x4539</load_address>
         <run_address>0x4539</run_address>
         <size>0x15c</size>
         <input_file_ref idref="fl-2"/>
      </object_component>
      <object_component id="oc-22b">
         <name>.debug_info</name>
         <load_address>0x4695</load_address>
         <run_address>0x4695</run_address>
         <size>0x15c</size>
         <input_file_ref idref="fl-2"/>
      </object_component>
      <object_component id="oc-231">
         <name>.debug_info</name>
         <load_address>0x47f1</load_address>
         <run_address>0x47f1</run_address>
         <size>0x15c</size>
         <input_file_ref idref="fl-2"/>
      </object_component>
      <object_component id="oc-237">
         <name>.debug_info</name>
         <load_address>0x494d</load_address>
         <run_address>0x494d</run_address>
         <size>0x15c</size>
         <input_file_ref idref="fl-2"/>
      </object_component>
      <object_component id="oc-23d">
         <name>.debug_info</name>
         <load_address>0x4aa9</load_address>
         <run_address>0x4aa9</run_address>
         <size>0x15c</size>
         <input_file_ref idref="fl-2"/>
      </object_component>
      <object_component id="oc-243">
         <name>.debug_info</name>
         <load_address>0x4c05</load_address>
         <run_address>0x4c05</run_address>
         <size>0x15c</size>
         <input_file_ref idref="fl-2"/>
      </object_component>
      <object_component id="oc-249">
         <name>.debug_info</name>
         <load_address>0x4d61</load_address>
         <run_address>0x4d61</run_address>
         <size>0x15c</size>
         <input_file_ref idref="fl-2"/>
      </object_component>
      <object_component id="oc-24f">
         <name>.debug_info</name>
         <load_address>0x4ebd</load_address>
         <run_address>0x4ebd</run_address>
         <size>0x15c</size>
         <input_file_ref idref="fl-2"/>
      </object_component>
      <object_component id="oc-255">
         <name>.debug_info</name>
         <load_address>0x5019</load_address>
         <run_address>0x5019</run_address>
         <size>0x15c</size>
         <input_file_ref idref="fl-2"/>
      </object_component>
      <object_component id="oc-25b">
         <name>.debug_info</name>
         <load_address>0x5175</load_address>
         <run_address>0x5175</run_address>
         <size>0x15c</size>
         <input_file_ref idref="fl-2"/>
      </object_component>
      <object_component id="oc-261">
         <name>.debug_info</name>
         <load_address>0x52d1</load_address>
         <run_address>0x52d1</run_address>
         <size>0x15c</size>
         <input_file_ref idref="fl-2"/>
      </object_component>
      <object_component id="oc-18c">
         <name>.debug_info</name>
         <load_address>0x542d</load_address>
         <run_address>0x542d</run_address>
         <size>0x121</size>
         <input_file_ref idref="fl-2"/>
      </object_component>
      <object_component id="oc-269">
         <name>.debug_info</name>
         <load_address>0x554e</load_address>
         <run_address>0x554e</run_address>
         <size>0x228</size>
         <input_file_ref idref="fl-2"/>
      </object_component>
      <object_component id="oc-26f">
         <name>.debug_info</name>
         <load_address>0x5776</load_address>
         <run_address>0x5776</run_address>
         <size>0x228</size>
         <input_file_ref idref="fl-2"/>
      </object_component>
      <object_component id="oc-10c">
         <name>.debug_info</name>
         <load_address>0x599e</load_address>
         <run_address>0x599e</run_address>
         <size>0x139</size>
         <input_file_ref idref="fl-3"/>
      </object_component>
      <object_component id="oc-cd">
         <name>.debug_info</name>
         <load_address>0x5ad7</load_address>
         <run_address>0x5ad7</run_address>
         <size>0x193</size>
         <input_file_ref idref="fl-4"/>
      </object_component>
      <object_component id="oc-15e">
         <name>.debug_info</name>
         <load_address>0x5c6a</load_address>
         <run_address>0x5c6a</run_address>
         <size>0x146</size>
         <input_file_ref idref="fl-5"/>
      </object_component>
      <object_component id="oc-151">
         <name>.debug_info</name>
         <load_address>0x5db0</load_address>
         <run_address>0x5db0</run_address>
         <size>0x14a</size>
         <input_file_ref idref="fl-5"/>
      </object_component>
      <object_component id="oc-1c7">
         <name>.debug_info</name>
         <load_address>0x5efa</load_address>
         <run_address>0x5efa</run_address>
         <size>0x1aa</size>
         <input_file_ref idref="fl-5"/>
      </object_component>
      <object_component id="oc-139">
         <name>.debug_info</name>
         <load_address>0x60a4</load_address>
         <run_address>0x60a4</run_address>
         <size>0x17e</size>
         <input_file_ref idref="fl-5"/>
      </object_component>
      <object_component id="oc-12c">
         <name>.debug_info</name>
         <load_address>0x6222</load_address>
         <run_address>0x6222</run_address>
         <size>0x151</size>
         <input_file_ref idref="fl-5"/>
      </object_component>
      <object_component id="oc-165">
         <name>.debug_info</name>
         <load_address>0x6373</load_address>
         <run_address>0x6373</run_address>
         <size>0x1ad</size>
         <input_file_ref idref="fl-5"/>
      </object_component>
      <object_component id="oc-f4">
         <name>.debug_info</name>
         <load_address>0x6520</load_address>
         <run_address>0x6520</run_address>
         <size>0x1f6</size>
         <input_file_ref idref="fl-5"/>
      </object_component>
      <object_component id="oc-157">
         <name>.debug_info</name>
         <load_address>0x6716</load_address>
         <run_address>0x6716</run_address>
         <size>0x5ed</size>
         <input_file_ref idref="fl-5"/>
      </object_component>
      <object_component id="oc-fa">
         <name>.debug_info</name>
         <load_address>0x6d03</load_address>
         <run_address>0x6d03</run_address>
         <size>0x164</size>
         <input_file_ref idref="fl-5"/>
      </object_component>
      <object_component id="oc-145">
         <name>.debug_info</name>
         <load_address>0x6e67</load_address>
         <run_address>0x6e67</run_address>
         <size>0x153</size>
         <input_file_ref idref="fl-5"/>
      </object_component>
      <object_component id="oc-24">
         <name>.debug_info</name>
         <load_address>0x6fba</load_address>
         <run_address>0x6fba</run_address>
         <size>0x106</size>
         <input_file_ref idref="fl-6"/>
      </object_component>
      <object_component id="oc-58">
         <name>.debug_info</name>
         <load_address>0x70c0</load_address>
         <run_address>0x70c0</run_address>
         <size>0x107</size>
         <input_file_ref idref="fl-6"/>
      </object_component>
      <object_component id="oc-3b5">
         <name>.debug_info</name>
         <load_address>0x71c7</load_address>
         <run_address>0x71c7</run_address>
         <size>0x1cc</size>
         <input_file_ref idref="fl-c"/>
      </object_component>
      <object_component id="oc-2e9">
         <name>.debug_info</name>
         <load_address>0x7393</load_address>
         <run_address>0x7393</run_address>
         <size>0x24c</size>
         <input_file_ref idref="fl-c"/>
      </object_component>
      <object_component id="oc-3bd">
         <name>.debug_info</name>
         <load_address>0x75df</load_address>
         <run_address>0x75df</run_address>
         <size>0x22f</size>
         <input_file_ref idref="fl-c"/>
      </object_component>
      <object_component id="oc-2de">
         <name>.debug_info</name>
         <load_address>0x780e</load_address>
         <run_address>0x780e</run_address>
         <size>0x1ca</size>
         <input_file_ref idref="fl-e"/>
      </object_component>
      <object_component id="oc-333">
         <name>.debug_info</name>
         <load_address>0x79d8</load_address>
         <run_address>0x79d8</run_address>
         <size>0x242</size>
         <input_file_ref idref="fl-e"/>
      </object_component>
      <object_component id="oc-1e2">
         <name>.debug_info</name>
         <load_address>0x7c1a</load_address>
         <run_address>0x7c1a</run_address>
         <size>0x22b</size>
         <input_file_ref idref="fl-e"/>
      </object_component>
      <object_component id="oc-1e8">
         <name>.debug_info</name>
         <load_address>0x7e45</load_address>
         <run_address>0x7e45</run_address>
         <size>0x273</size>
         <input_file_ref idref="fl-e"/>
      </object_component>
      <object_component id="oc-1dc">
         <name>.debug_info</name>
         <load_address>0x80b8</load_address>
         <run_address>0x80b8</run_address>
         <size>0x227</size>
         <input_file_ref idref="fl-e"/>
      </object_component>
      <object_component id="oc-1d6">
         <name>.debug_info</name>
         <load_address>0x82df</load_address>
         <run_address>0x82df</run_address>
         <size>0x214</size>
         <input_file_ref idref="fl-e"/>
      </object_component>
      <object_component id="oc-3dd">
         <name>.debug_info</name>
         <load_address>0x84f3</load_address>
         <run_address>0x84f3</run_address>
         <size>0x1cc</size>
         <input_file_ref idref="fl-f"/>
      </object_component>
      <object_component id="oc-34e">
         <name>.debug_info</name>
         <load_address>0x86bf</load_address>
         <run_address>0x86bf</run_address>
         <size>0x22f</size>
         <input_file_ref idref="fl-f"/>
      </object_component>
      <object_component id="oc-16f">
         <name>.debug_info</name>
         <load_address>0x88ee</load_address>
         <run_address>0x88ee</run_address>
         <size>0x1c5</size>
         <input_file_ref idref="fl-10"/>
      </object_component>
      <object_component id="oc-102">
         <name>.debug_info</name>
         <load_address>0x8ab3</load_address>
         <run_address>0x8ab3</run_address>
         <size>0x1d4</size>
         <input_file_ref idref="fl-10"/>
      </object_component>
      <object_component id="oc-2f">
         <name>.debug_info</name>
         <load_address>0x8c87</load_address>
         <run_address>0x8c87</run_address>
         <size>0x1e1</size>
         <input_file_ref idref="fl-10"/>
      </object_component>
      <object_component id="oc-36">
         <name>.debug_info</name>
         <load_address>0x8e68</load_address>
         <run_address>0x8e68</run_address>
         <size>0x1c7</size>
         <input_file_ref idref="fl-10"/>
      </object_component>
      <object_component id="oc-3b">
         <name>.debug_info</name>
         <load_address>0x902f</load_address>
         <run_address>0x902f</run_address>
         <size>0x1ad</size>
         <input_file_ref idref="fl-10"/>
      </object_component>
      <object_component id="oc-29">
         <name>.debug_info</name>
         <load_address>0x91dc</load_address>
         <run_address>0x91dc</run_address>
         <size>0x1d1</size>
         <input_file_ref idref="fl-10"/>
      </object_component>
      <object_component id="oc-291">
         <name>.debug_info</name>
         <load_address>0x93ad</load_address>
         <run_address>0x93ad</run_address>
         <size>0x210</size>
         <input_file_ref idref="fl-11"/>
      </object_component>
      <object_component id="oc-1a7">
         <name>.debug_info</name>
         <load_address>0x95bd</load_address>
         <run_address>0x95bd</run_address>
         <size>0x1d3</size>
         <input_file_ref idref="fl-11"/>
      </object_component>
      <object_component id="oc-397">
         <name>.debug_info</name>
         <load_address>0x9790</load_address>
         <run_address>0x9790</run_address>
         <size>0x1a9</size>
         <input_file_ref idref="fl-11"/>
      </object_component>
      <object_component id="oc-1b4">
         <name>.debug_info</name>
         <load_address>0x9939</load_address>
         <run_address>0x9939</run_address>
         <size>0x1d8</size>
         <input_file_ref idref="fl-11"/>
      </object_component>
      <object_component id="oc-3a1">
         <name>.debug_info</name>
         <load_address>0x9b11</load_address>
         <run_address>0x9b11</run_address>
         <size>0x1cd</size>
         <input_file_ref idref="fl-11"/>
      </object_component>
      <object_component id="oc-2cd">
         <name>.debug_info</name>
         <load_address>0x9cde</load_address>
         <run_address>0x9cde</run_address>
         <size>0x1eb</size>
         <input_file_ref idref="fl-11"/>
      </object_component>
      <object_component id="oc-2a3">
         <name>.debug_info</name>
         <load_address>0x9ec9</load_address>
         <run_address>0x9ec9</run_address>
         <size>0x1ed</size>
         <input_file_ref idref="fl-11"/>
      </object_component>
      <object_component id="oc-2a9">
         <name>.debug_info</name>
         <load_address>0xa0b6</load_address>
         <run_address>0xa0b6</run_address>
         <size>0x1f9</size>
         <input_file_ref idref="fl-11"/>
      </object_component>
      <object_component id="oc-2af">
         <name>.debug_info</name>
         <load_address>0xa2af</load_address>
         <run_address>0xa2af</run_address>
         <size>0x1f7</size>
         <input_file_ref idref="fl-11"/>
      </object_component>
      <object_component id="oc-2c7">
         <name>.debug_info</name>
         <load_address>0xa4a6</load_address>
         <run_address>0xa4a6</run_address>
         <size>0x21e</size>
         <input_file_ref idref="fl-11"/>
      </object_component>
      <object_component id="oc-297">
         <name>.debug_info</name>
         <load_address>0xa6c4</load_address>
         <run_address>0xa6c4</run_address>
         <size>0x1f1</size>
         <input_file_ref idref="fl-11"/>
      </object_component>
      <object_component id="oc-29d">
         <name>.debug_info</name>
         <load_address>0xa8b5</load_address>
         <run_address>0xa8b5</run_address>
         <size>0x1ef</size>
         <input_file_ref idref="fl-11"/>
      </object_component>
      <object_component id="oc-2bb">
         <name>.debug_info</name>
         <load_address>0xaaa4</load_address>
         <run_address>0xaaa4</run_address>
         <size>0x222</size>
         <input_file_ref idref="fl-11"/>
      </object_component>
      <object_component id="oc-2b5">
         <name>.debug_info</name>
         <load_address>0xacc6</load_address>
         <run_address>0xacc6</run_address>
         <size>0x222</size>
         <input_file_ref idref="fl-11"/>
      </object_component>
      <object_component id="oc-2c1">
         <name>.debug_info</name>
         <load_address>0xaee8</load_address>
         <run_address>0xaee8</run_address>
         <size>0x291</size>
         <input_file_ref idref="fl-11"/>
      </object_component>
      <object_component id="oc-391">
         <name>.debug_info</name>
         <load_address>0xb179</load_address>
         <run_address>0xb179</run_address>
         <size>0x20d</size>
         <input_file_ref idref="fl-11"/>
      </object_component>
      <object_component id="oc-13e">
         <name>.debug_info</name>
         <load_address>0xb386</load_address>
         <run_address>0xb386</run_address>
         <size>0x26c</size>
         <input_file_ref idref="fl-11"/>
      </object_component>
      <object_component id="oc-132">
         <name>.debug_info</name>
         <load_address>0xb5f2</load_address>
         <run_address>0xb5f2</run_address>
         <size>0x3eb</size>
         <input_file_ref idref="fl-11"/>
      </object_component>
      <object_component id="oc-27e">
         <name>.debug_info</name>
         <load_address>0xb9dd</load_address>
         <run_address>0xb9dd</run_address>
         <size>0x245</size>
         <input_file_ref idref="fl-11"/>
      </object_component>
      <object_component id="oc-284">
         <name>.debug_info</name>
         <load_address>0xbc22</load_address>
         <run_address>0xbc22</run_address>
         <size>0x216</size>
         <input_file_ref idref="fl-11"/>
      </object_component>
      <object_component id="oc-1ae">
         <name>.debug_info</name>
         <load_address>0xbe38</load_address>
         <run_address>0xbe38</run_address>
         <size>0x22a</size>
         <input_file_ref idref="fl-11"/>
      </object_component>
      <object_component id="oc-14b">
         <name>.debug_info</name>
         <load_address>0xc062</load_address>
         <run_address>0xc062</run_address>
         <size>0x216</size>
         <input_file_ref idref="fl-11"/>
      </object_component>
      <object_component id="oc-1ba">
         <name>.debug_info</name>
         <load_address>0xc278</load_address>
         <run_address>0xc278</run_address>
         <size>0x4a1</size>
         <input_file_ref idref="fl-11"/>
      </object_component>
      <object_component id="oc-74">
         <name>.debug_info</name>
         <load_address>0xc719</load_address>
         <run_address>0xc719</run_address>
         <size>0x140</size>
         <input_file_ref idref="fl-1d"/>
      </object_component>
      <object_component id="oc-28c">
         <name>.debug_info</name>
         <load_address>0xc859</load_address>
         <run_address>0xc859</run_address>
         <size>0x10f</size>
         <input_file_ref idref="fl-1e"/>
      </object_component>
      <object_component id="oc-85">
         <name>.debug_info</name>
         <load_address>0xc968</load_address>
         <run_address>0xc968</run_address>
         <size>0x135</size>
         <input_file_ref idref="fl-1f"/>
      </object_component>
      <object_component id="oc-9c">
         <name>.debug_info</name>
         <load_address>0xca9d</load_address>
         <run_address>0xca9d</run_address>
         <size>0x1a7</size>
         <input_file_ref idref="fl-20"/>
      </object_component>
      <object_component id="oc-1b">
         <name>.debug_info</name>
         <load_address>0xcc44</load_address>
         <run_address>0xcc44</run_address>
         <size>0x19f</size>
         <input_file_ref idref="fl-22"/>
      </object_component>
      <object_component id="oc-18">
         <name>.debug_info</name>
         <load_address>0xcde3</load_address>
         <run_address>0xcde3</run_address>
         <size>0x1f4</size>
         <input_file_ref idref="fl-23"/>
      </object_component>
      <object_component id="oc-d4">
         <name>.debug_info</name>
         <load_address>0xcfd7</load_address>
         <run_address>0xcfd7</run_address>
         <size>0x186</size>
         <input_file_ref idref="fl-24"/>
      </object_component>
      <object_component id="oc-90">
         <name>.debug_info</name>
         <load_address>0xd15d</load_address>
         <run_address>0xd15d</run_address>
         <size>0x191</size>
         <input_file_ref idref="fl-24"/>
      </object_component>
      <object_component id="oc-d7">
         <name>.debug_info</name>
         <load_address>0xd2ee</load_address>
         <run_address>0xd2ee</run_address>
         <size>0xef</size>
         <input_file_ref idref="fl-25"/>
      </object_component>
      <object_component id="oc-198">
         <name>.debug_info</name>
         <load_address>0xd3dd</load_address>
         <run_address>0xd3dd</run_address>
         <size>0xf3</size>
         <input_file_ref idref="fl-25"/>
      </object_component>
      <object_component id="oc-11a">
         <name>.debug_info</name>
         <load_address>0xd4d0</load_address>
         <run_address>0xd4d0</run_address>
         <size>0x1eb</size>
         <input_file_ref idref="fl-25"/>
      </object_component>
      <object_component id="oc-8c">
         <name>.debug_info</name>
         <load_address>0xd6bb</load_address>
         <run_address>0xd6bb</run_address>
         <size>0x145</size>
         <input_file_ref idref="fl-26"/>
      </object_component>
      <object_component id="oc-42">
         <name>.debug_info</name>
         <load_address>0xd800</load_address>
         <run_address>0xd800</run_address>
         <size>0x183</size>
         <input_file_ref idref="fl-29"/>
      </object_component>
      <object_component id="oc-e2">
         <name>.debug_info</name>
         <load_address>0xd983</load_address>
         <run_address>0xd983</run_address>
         <size>0x12f</size>
         <input_file_ref idref="fl-2a"/>
      </object_component>
      <object_component id="oc-428">
         <name>.debug_info</name>
         <load_address>0xdab2</load_address>
         <run_address>0xdab2</run_address>
         <size>0xa6</size>
      </object_component>
      <object_component id="oc-3c8">
         <name>.debug_line</name>
         <load_address>0x0</load_address>
         <run_address>0x0</run_address>
         <size>0x78</size>
         <input_file_ref idref="fl-2"/>
      </object_component>
      <object_component id="oc-2f0">
         <name>.debug_line</name>
         <load_address>0x78</load_address>
         <run_address>0x78</run_address>
         <size>0x7b</size>
         <input_file_ref idref="fl-2"/>
      </object_component>
      <object_component id="oc-314">
         <name>.debug_line</name>
         <load_address>0xf3</load_address>
         <run_address>0xf3</run_address>
         <size>0x7e</size>
         <input_file_ref idref="fl-2"/>
      </object_component>
      <object_component id="oc-31a">
         <name>.debug_line</name>
         <load_address>0x171</load_address>
         <run_address>0x171</run_address>
         <size>0x7c</size>
         <input_file_ref idref="fl-2"/>
      </object_component>
      <object_component id="oc-2f6">
         <name>.debug_line</name>
         <load_address>0x1ed</load_address>
         <run_address>0x1ed</run_address>
         <size>0x7b</size>
         <input_file_ref idref="fl-2"/>
      </object_component>
      <object_component id="oc-2fc">
         <name>.debug_line</name>
         <load_address>0x268</load_address>
         <run_address>0x268</run_address>
         <size>0x7b</size>
         <input_file_ref idref="fl-2"/>
      </object_component>
      <object_component id="oc-302">
         <name>.debug_line</name>
         <load_address>0x2e3</load_address>
         <run_address>0x2e3</run_address>
         <size>0x7b</size>
         <input_file_ref idref="fl-2"/>
      </object_component>
      <object_component id="oc-308">
         <name>.debug_line</name>
         <load_address>0x35e</load_address>
         <run_address>0x35e</run_address>
         <size>0x7b</size>
         <input_file_ref idref="fl-2"/>
      </object_component>
      <object_component id="oc-30e">
         <name>.debug_line</name>
         <load_address>0x3d9</load_address>
         <run_address>0x3d9</run_address>
         <size>0x7b</size>
         <input_file_ref idref="fl-2"/>
      </object_component>
      <object_component id="oc-32c">
         <name>.debug_line</name>
         <load_address>0x454</load_address>
         <run_address>0x454</run_address>
         <size>0x7d</size>
         <input_file_ref idref="fl-2"/>
      </object_component>
      <object_component id="oc-320">
         <name>.debug_line</name>
         <load_address>0x4d1</load_address>
         <run_address>0x4d1</run_address>
         <size>0x7e</size>
         <input_file_ref idref="fl-2"/>
      </object_component>
      <object_component id="oc-326">
         <name>.debug_line</name>
         <load_address>0x54f</load_address>
         <run_address>0x54f</run_address>
         <size>0x7d</size>
         <input_file_ref idref="fl-2"/>
      </object_component>
      <object_component id="oc-1f0">
         <name>.debug_line</name>
         <load_address>0x5cc</load_address>
         <run_address>0x5cc</run_address>
         <size>0x7e</size>
         <input_file_ref idref="fl-2"/>
      </object_component>
      <object_component id="oc-1f6">
         <name>.debug_line</name>
         <load_address>0x64a</load_address>
         <run_address>0x64a</run_address>
         <size>0x7f</size>
         <input_file_ref idref="fl-2"/>
      </object_component>
      <object_component id="oc-3d9">
         <name>.debug_line</name>
         <load_address>0x6c9</load_address>
         <run_address>0x6c9</run_address>
         <size>0x78</size>
         <input_file_ref idref="fl-2"/>
      </object_component>
      <object_component id="oc-38c">
         <name>.debug_line</name>
         <load_address>0x741</load_address>
         <run_address>0x741</run_address>
         <size>0x79</size>
         <input_file_ref idref="fl-2"/>
      </object_component>
[...]
         <page_id>0x0</page_id>
         <origin>0x83000</origin>
         <length>0x1000</length>
         <used_space>0x0</used_space>
         <unused_space>0x1000</unused_space>
         <attributes>RWIX</attributes>
         <usage_details>
         </usage_details>
      </memory_area>
      <memory_area display="yes" color="green">
         <name>FLASH_BANK0_SEC4</name>
         <page_id>0x0</page_id>
         <origin>0x84000</origin>
         <length>0x1000</length>
         <used_space>0x0</used_space>
         <unused_space>0x1000</unused_space>
         <attributes>RWIX</attributes>
         <usage_details>
         </usage_details>
      </memory_area>
      <memory_area display="yes" color="green">
         <name>FLASH_BANK0_SEC5</name>
         <page_id>0x0</page_id>
         <origin>0x85000</origin>
         <length>0x1000</length>
         <used_space>0x0</used_space>
         <unused_space>0x1000</unused_space>
         <attributes>RWIX</attributes>
         <usage_details>
         </usage_details>
      </memory_area>
      <memory_area display="yes" color="green">
         <name>FLASH_BANK0_SEC6</name>
         <page_id>0x0</page_id>
         <origin>0x86000</origin>
         <length>0x1000</length>
         <used_space>0x0</used_space>
         <unused_space>0x1000</unused_space>
         <attributes>RWIX</attributes>
         <usage_details>
         </usage_details>
      </memory_area>
      <memory_area display="yes" color="green">
         <name>FLASH_BANK0_SEC7</name>
         <page_id>0x0</page_id>
         <origin>0x87000</origin>
         <length>0x1000</length>
         <used_space>0x0</used_space>
         <unused_space>0x1000</unused_space>
         <attributes>RWIX</attributes>
         <usage_details>
         </usage_details>
      </memory_area>
      <memory_area display="yes" color="green">
         <name>FLASH_BANK0_SEC8</name>
         <page_id>0x0</page_id>
         <origin>0x88000</origin>
         <length>0x1000</length>
         <used_space>0x0</used_space>
         <unused_space>0x1000</unused_space>
         <attributes>RWIX</attributes>
         <usage_details>
         </usage_details>
      </memory_area>
      <memory_area display="yes" color="green">
         <name>FLASH_BANK0_SEC9</name>
         <page_id>0x0</page_id>
         <origin>0x89000</origin>
         <length>0x1000</length>
         <used_space>0x0</used_space>
         <unused_space>0x1000</unused_space>
         <attributes>RWIX</attributes>
         <usage_details>
         </usage_details>
      </memory_area>
      <memory_area display="yes" color="green">
         <name>FLASH_BANK0_SEC10</name>
         <page_id>0x0</page_id>
         <origin>0x8a000</origin>
         <length>0x1000</length>
         <used_space>0x0</used_space>
         <unused_space>0x1000</unused_space>
         <attributes>RWIX</attributes>
         <usage_details>
         </usage_details>
      </memory_area>
      <memory_area display="yes" color="green">
         <name>FLASH_BANK0_SEC11</name>
         <page_id>0x0</page_id>
         <origin>0x8b000</origin>
         <length>0x1000</length>
         <used_space>0x0</used_space>
         <unused_space>0x1000</unused_space>
         <attributes>RWIX</attributes>
         <usage_details>
         </usage_details>
      </memory_area>
      <memory_area display="yes" color="green">
         <name>FLASH_BANK0_SEC12</name>
         <page_id>0x0</page_id>
         <origin>0x8c000</origin>
         <length>0x1000</length>
         <used_space>0x0</used_space>
         <unused_space>0x1000</unused_space>
         <attributes>RWIX</attributes>
         <usage_details>
         </usage_details>
      </memory_area>
      <memory_area display="yes" color="green">
         <name>FLASH_BANK0_SEC13</name>
         <page_id>0x0</page_id>
         <origin>0x8d000</origin>
         <length>0x1000</length>
         <used_space>0x0</used_space>
         <unused_space>0x1000</unused_space>
         <attributes>RWIX</attributes>
         <usage_details>
         </usage_details>
      </memory_area>
      <memory_area display="yes" color="green">
         <name>FLASH_BANK0_SEC14</name>
         <page_id>0x0</page_id>
         <origin>0x8e000</origin>
         <length>0x1000</length>
         <used_space>0x0</used_space>
         <unused_space>0x1000</unused_space>
         <attributes>RWIX</attributes>
         <usage_details>
         </usage_details>
      </memory_area>
      <memory_area display="yes" color="green">
         <name>FLASH_BANK0_SEC15</name>
         <page_id>0x0</page_id>
         <origin>0x8f000</origin>
         <length>0xff8</length>
         <used_space>0x0</used_space>
         <unused_space>0xff8</unused_space>
         <attributes>RWIX</attributes>
         <usage_details>
         </usage_details>
      </memory_area>
      <memory_area display="yes" color="green">
         <name>BOOTROM</name>
         <page_id>0x0</page_id>
         <origin>0x3f0000</origin>
         <length>0x8000</length>
         <used_space>0x0</used_space>
         <unused_space>0x8000</unused_space>
         <attributes>RWIX</attributes>
         <usage_details>
         </usage_details>
      </memory_area>
      <memory_area display="yes" color="green">
         <name>BOOTROM_EXT</name>
         <page_id>0x0</page_id>
         <origin>0x3f8000</origin>
         <length>0x7fc0</length>
         <used_space>0x0</used_space>
         <unused_space>0x7fc0</unused_space>
         <attributes>RWIX</attributes>
         <usage_details>
         </usage_details>
      </memory_area>
      <memory_area display="no" color="green">
         <name>RESET</name>
         <page_id>0x0</page_id>
         <origin>0x3fffc0</origin>
         <length>0x2</length>
         <used_space>0x0</used_space>
         <unused_space>0x2</unused_space>
         <attributes>RWIX</attributes>
         <usage_details>
         </usage_details>
      </memory_area>
   </placement_map>
   <cptbl_list>
      <cptbl>
         <name>__TI_cinit_table</name>
         <cprec>
            <name>.data</name>
            <load_address>0x12c</load_address>
            <load_size>0x8</load_size>
            <run_address>0xb3ca</run_address>
            <run_size>0xa</run_size>
            <compression>lzss</compression>
         </cprec>
      </cptbl>
   </cptbl_list>
   <handler_table>
      <handler_table_name>__TI_handler_table</handler_table_name>
      <handler>
         <index>0x0</index>
         <name>__TI_decompress_lzss</name>
      </handler>
      <handler>
         <index>0x1</index>
         <name>__TI_decompress_none</name>
      </handler>
   </handler_table>
   <symbol_table>
      <symbol id="sm-1">
         <name>__TI_CINIT_Base</name>
         <value>0x138</value>
      </symbol>
      <symbol id="sm-2">
         <name>__TI_CINIT_Limit</name>
         <value>0x13c</value>
      </symbol>
      <symbol id="sm-3">
         <name>__TI_CINIT_Warm</name>
         <value>0x13c</value>
      </symbol>
      <symbol id="sm-4">
         <name>__TI_Handler_Table_Base</name>
         <value>0x134</value>
      </symbol>
      <symbol id="sm-5">
         <name>__TI_Handler_Table_Limit</name>
         <value>0x138</value>
      </symbol>
      <symbol id="sm-6">
         <name>__TI_STACK_SIZE</name>
         <value>0x200</value>
      </symbol>
      <symbol id="sm-7">
         <name>__TI_STACK_END</name>
         <value>0x600</value>
      </symbol>
      <symbol id="sm-8">
         <name>__TI_pprof_out_hndl</name>
         <value>0xffffffff</value>
      </symbol>
      <symbol id="sm-9">
         <name>__TI_prof_data_start</name>
         <value>0xffffffff</value>
      </symbol>
      <symbol id="sm-a">
         <name>__TI_prof_data_size</name>
         <value>0xffffffff</value>
      </symbol>
      <symbol id="sm-1d4">
         <name>I2C_init</name>
         <value>0xb0e2</value>
         <object_component_ref idref="oc-18a"/>
      </symbol>
      <symbol id="sm-1d5">
         <name>CH6_B_MCU_init</name>
         <value>0xafc7</value>
         <object_component_ref idref="oc-236"/>
      </symbol>
      <symbol id="sm-1d6">
         <name>CH3_B_MCU_init</name>
         <value>0xaf77</value>
         <object_component_ref idref="oc-254"/>
      </symbol>
      <symbol id="sm-1d7">
         <name>CH5_A_MCU_init</name>
         <value>0xafa7</value>
         <object_component_ref idref="oc-20c"/>
      </symbol>
      <symbol id="sm-1d8">
         <name>PinMux_init</name>
         <value>0xa123</value>
         <object_component_ref idref="oc-172"/>
      </symbol>
      <symbol id="sm-1d9">
         <name>Board_init</name>
         <value>0xb045</value>
         <object_component_ref idref="oc-105"/>
      </symbol>
      <symbol id="sm-1da">
         <name>CH6_A_MCU_init</name>
         <value>0xafb7</value>
         <object_component_ref idref="oc-23c"/>
      </symbol>
      <symbol id="sm-1db">
         <name>CH3_A_MCU_init</name>
         <value>0xaf67</value>
         <object_component_ref idref="oc-25a"/>
      </symbol>
      <symbol id="sm-1dc">
         <name>CH4_B_MCU_init</name>
         <value>0xaf97</value>
         <object_component_ref idref="oc-218"/>
      </symbol>
      <symbol id="sm-1dd">
         <name>myI2CB_init</name>
         <value>0xa7d0</value>
         <object_component_ref idref="oc-26d"/>
      </symbol>
      <symbol id="sm-1de">
         <name>myI2CA_init</name>
         <value>0xa78e</value>
         <object_component_ref idref="oc-267"/>
      </symbol>
      <symbol id="sm-1df">
         <name>GPIO_init</name>
         <value>0xab1b</value>
         <object_component_ref idref="oc-184"/>
      </symbol>
      <symbol id="sm-1e0">
         <name>CH1_B_MCU_init</name>
         <value>0xaf37</value>
         <object_component_ref idref="oc-224"/>
      </symbol>
      <symbol id="sm-1e1">
         <name>ADC_init</name>
         <value>0xb0dd</value>
         <object_component_ref idref="oc-17e"/>
      </symbol>
      <symbol id="sm-1e2">
         <name>CH2_B_MCU_init</name>
         <value>0xaf57</value>
         <object_component_ref idref="oc-230"/>
      </symbol>
      <symbol id="sm-1e3">
         <name>CH4_A_MCU_init</name>
         <value>0xaf87</value>
         <object_component_ref idref="oc-212"/>
      </symbol>
      <symbol id="sm-1e4">
         <name>myADCC_init</name>
         <value>0xa4d2</value>
         <object_component_ref idref="oc-1ff"/>
      </symbol>
      <symbol id="sm-1e5">
         <name>myADCA_init</name>
         <value>0xa459</value>
         <object_component_ref idref="oc-1f9"/>
      </symbol>
      <symbol id="sm-1e6">
         <name>CH1_A_MCU_init</name>
         <value>0xaf27</value>
         <object_component_ref idref="oc-21e"/>
      </symbol>
      <symbol id="sm-1e7">
         <name>CH8_B_MCU_init</name>
         <value>0xb007</value>
         <object_component_ref idref="oc-260"/>
      </symbol>
      <symbol id="sm-1e8">
         <name>CH2_A_MCU_init</name>
         <value>0xaf47</value>
         <object_component_ref idref="oc-22a"/>
      </symbol>
      <symbol id="sm-1e9">
         <name>CH7_B_MCU_init</name>
         <value>0xafe7</value>
         <object_component_ref idref="oc-248"/>
      </symbol>
      <symbol id="sm-1ea">
         <name>CH8_A_MCU_init</name>
         <value>0xaff7</value>
         <object_component_ref idref="oc-24e"/>
      </symbol>
      <symbol id="sm-1eb">
         <name>ASYSCTL_init</name>
         <value>0xb0d7</value>
         <object_component_ref idref="oc-178"/>
      </symbol>
      <symbol id="sm-1ec">
         <name>CH7_A_MCU_init</name>
         <value>0xafd7</value>
         <object_component_ref idref="oc-242"/>
      </symbol>
      <symbol id="sm-1ed">
         <name>CH5_B_MCU_init</name>
         <value>0xb027</value>
         <object_component_ref idref="oc-206"/>
      </symbol>
      <symbol id="sm-1fa">
         <name>C2000Ware_libraries_init</name>
         <value>0xb0e9</value>
         <object_component_ref idref="oc-10b"/>
      </symbol>
      <symbol id="sm-208">
         <name>main</name>
         <value>0xb036</value>
         <object_component_ref idref="oc-cb"/>
      </symbol>
      <symbol id="sm-25f">
         <name>Device_enableAllPeripherals</name>
         <value>0xa337</value>
         <object_component_ref idref="oc-156"/>
      </symbol>
      <symbol id="sm-260">
         <name>Device_initGPIO</name>
         <value>0xb017</value>
         <object_component_ref idref="oc-f9"/>
      </symbol>
      <symbol id="sm-261">
         <name>Device_init</name>
         <value>0xa8fd</value>
         <object_component_ref idref="oc-f3"/>
      </symbol>
      <symbol id="sm-262">
         <name>__error__</name>
         <value>0xb0d0</value>
         <object_component_ref idref="oc-144"/>
      </symbol>
      <symbol id="sm-271">
         <name>code_start</name>
         <value>0x0</value>
         <object_component_ref idref="oc-21"/>
      </symbol>
      <symbol id="sm-298">
         <name>ADC_setOffsetTrimAll</name>
         <value>0xab3c</value>
         <object_component_ref idref="oc-3bb"/>
      </symbol>
      <symbol id="sm-299">
         <name>ADC_setVREF</name>
         <value>0xaa43</value>
         <object_component_ref idref="oc-2e6"/>
      </symbol>
      <symbol id="sm-2e0">
         <name>GPIO_setQualificationMode</name>
         <value>0xa8c6</value>
         <object_component_ref idref="oc-1e5"/>
      </symbol>
      <symbol id="sm-2e1">
         <name>GPIO_setPadConfig</name>
         <value>0xa623</value>
         <object_component_ref idref="oc-1df"/>
      </symbol>
      <symbol id="sm-2e2">
         <name>GPIO_setAnalogMode</name>
         <value>0xa702</value>
         <object_component_ref idref="oc-1d9"/>
      </symbol>
      <symbol id="sm-2e3">
         <name>GPIO_setDirectionMode</name>
         <value>0xa933</value>
         <object_component_ref idref="oc-330"/>
      </symbol>
      <symbol id="sm-2e4">
         <name>GPIO_setPinConfig</name>
         <value>0xa88f</value>
         <object_component_ref idref="oc-1d3"/>
      </symbol>
      <symbol id="sm-2fe">
         <name>I2C_configureModuleFrequency</name>
         <value>0xab5c</value>
         <object_component_ref idref="oc-34c"/>
      </symbol>
      <symbol id="sm-338">
         <name>Interrupt_defaultHandler</name>
         <value>0xadac</value>
         <object_component_ref idref="oc-26"/>
      </symbol>
      <symbol id="sm-339">
         <name>Interrupt_initModule</name>
         <value>0xa852</value>
         <object_component_ref idref="oc-ff"/>
      </symbol>
      <symbol id="sm-33a">
         <name>Interrupt_nmiHandler</name>
         <value>0xb098</value>
         <object_component_ref idref="oc-38"/>
      </symbol>
      <symbol id="sm-33b">
         <name>Interrupt_initVectorTable</name>
         <value>0xabb8</value>
         <object_component_ref idref="oc-27"/>
      </symbol>
      <symbol id="sm-33c">
         <name>Interrupt_illegalOperationHandler</name>
         <value>0xb08e</value>
         <object_component_ref idref="oc-32"/>
      </symbol>
      <symbol id="sm-44d">
         <name>SysCtl_isPLLValid</name>
         <value>0xa239</value>
         <object_component_ref idref="oc-1b9"/>
      </symbol>
      <symbol id="sm-44e">
         <name>SysCtl_delay</name>
         <value>0x128</value>
         <object_component_ref idref="oc-1ac"/>
      </symbol>
      <symbol id="sm-44f">
         <name>SysCtl_selectXTALSingleEnded</name>
         <value>0xaa90</value>
         <object_component_ref idref="oc-283"/>
      </symbol>
      <symbol id="sm-450">
         <name>SysCtl_selectXTAL</name>
         <value>0xa748</value>
         <object_component_ref idref="oc-27d"/>
      </symbol>
      <symbol id="sm-451">
         <name>SysCtl_selectOscSource</name>
         <value>0xa675</value>
         <object_component_ref idref="oc-1ad"/>
      </symbol>
      <symbol id="sm-452">
         <name>SysCtl_getLowSpeedClock</name>
         <value>0xacad</value>
         <object_component_ref idref="oc-14a"/>
      </symbol>
      <symbol id="sm-453">
         <name>SysCtl_setClock</name>
         <value>0xa000</value>
         <object_component_ref idref="oc-131"/>
      </symbol>
      <symbol id="sm-454">
         <name>SysCtl_getClock</name>
         <value>0xa5be</value>
         <object_component_ref idref="oc-13d"/>
      </symbol>
      <symbol id="sm-45e">
         <name>_c_int00</name>
         <value>0xad3d</value>
         <object_component_ref idref="oc-71"/>
      </symbol>
      <symbol id="sm-45f">
         <name>__stack</name>
         <value>0x400</value>
         <object_component_ref idref="oc-3e"/>
      </symbol>
      <symbol id="sm-46c">
         <name>__c28xabi_divf</name>
         <value>0xa3d1</value>
         <object_component_ref idref="oc-28b"/>
      </symbol>
      <symbol id="sm-479">
         <name>_system_pre_init</name>
         <value>0xb0e7</value>
         <object_component_ref idref="oc-82"/>
      </symbol>
      <symbol id="sm-488">
         <name>__TI_auto_init_nobinit_nopinit</name>
         <value>0xa9ef</value>
         <object_component_ref idref="oc-9b"/>
      </symbol>
      <symbol id="sm-496">
         <name>__TI_decompress_none</name>
         <value>0xb0ab</value>
         <object_component_ref idref="oc-1a"/>
      </symbol>
      <symbol id="sm-4aa">
         <name>__TI_decompress_lzss</name>
         <value>0xa9c1</value>
         <object_component_ref idref="oc-14"/>
      </symbol>
      <symbol id="sm-4c0">
         <name>C$$EXIT</name>
         <value>0xaa1a</value>
         <object_component_ref idref="oc-8f"/>
      </symbol>
      <symbol id="sm-4c1">
         <name>abort</name>
         <value>0xaa1a</value>
         <object_component_ref idref="oc-8f"/>
      </symbol>
      <symbol id="sm-4c2">
         <name>exit</name>
         <value>0xaa1c</value>
         <object_component_ref idref="oc-8f"/>
      </symbol>
      <symbol id="sm-4c3">
         <name>__TI_dtors_ptr</name>
         <value>0xb3ce</value>
         <object_component_ref idref="oc-d3"/>
      </symbol>
      <symbol id="sm-4c4">
         <name>__TI_cleanup_ptr</name>
         <value>0xb3cc</value>
         <object_component_ref idref="oc-d3"/>
      </symbol>
      <symbol id="sm-4c5">
         <name>__TI_enable_exit_profile_output</name>
         <value>0xb3ca</value>
         <object_component_ref idref="oc-d3"/>
      </symbol>
      <symbol id="sm-4dc">
         <name>_nop</name>
         <value>0xb0aa</value>
         <object_component_ref idref="oc-118"/>
      </symbol>
      <symbol id="sm-4dd">
         <name>_lock</name>
         <value>0xb3d0</value>
         <object_component_ref idref="oc-d6"/>
      </symbol>
      <symbol id="sm-4de">
         <name>_unlock</name>
         <value>0xb3d2</value>
         <object_component_ref idref="oc-197"/>
      </symbol>
      <symbol id="sm-4df">
         <name>_register_lock</name>
         <value>0xb0a6</value>
         <object_component_ref idref="oc-118"/>
      </symbol>
      <symbol id="sm-4e0">
         <name>_register_unlock</name>
         <value>0xb0a2</value>
         <object_component_ref idref="oc-118"/>
      </symbol>
      <symbol id="sm-4ef">
         <name>_args_main</name>
         <value>0xb06c</value>
         <object_component_ref idref="oc-89"/>
      </symbol>
      <symbol id="sm-503">
         <name>memcpy</name>
         <value>0xabd6</value>
         <object_component_ref idref="oc-41"/>
      </symbol>
      <symbol id="sm-510">
         <name>_system_post_cinit</name>
         <value>0xb0ea</value>
         <object_component_ref idref="oc-de"/>
      </symbol>
      <symbol id="sm-512">
         <name>__c_args__</name>
         <value>0x0</value>
      </symbol>
   </symbol_table>
   <title>Link successful</title>
</link_info>
