******************************************************************************
             TMS320C2000 Linker PC v22.6.0                     
******************************************************************************
>> Linked Mon Aug 24 21:17:50 2026

OUTPUT FILE NAME:   <NDT_AUXILIARY.out>
ENTRY POINT SYMBOL: "code_start"  address: 00080000


MEMORY CONFIGURATION

         name            origin    length      used     unused   attr    fill
----------------------  --------  ---------  --------  --------  ----  --------
  BOOT_RSVD             00000002   00000126  00000000  00000126  RWIX
  RAMM0                 00000128   000002d8  00000088  00000250  RWIX
  RAMM1                 00000400   000003f8  00000200  000001f8  RWIX
  RAMLS4567             0000a000   00002000  000010c8  00000f38  RWIX
  RAMGS0                0000c000   000007f8  00000000  000007f8  RWIX
  BEGIN                 00080000   00000002  00000002  00000000  RWIX
  FLASH_BANK0_SEC0      00080002   00000ffe  00000ff8  00000006  RWIX
  FLASH_BANK0_SEC1      00081000   00001000  00001000  00000000  RWIX
  FLASH_BANK0_SEC2      00082000   00001000  000007a1  0000085f  RWIX
  FLASH_BANK0_SEC3      00083000   00001000  00000000  00001000  RWIX
  FLASH_BANK0_SEC4      00084000   00001000  00000000  00001000  RWIX
  FLASH_BANK0_SEC5      00085000   00001000  00000000  00001000  RWIX
  FLASH_BANK0_SEC6      00086000   00001000  00000000  00001000  RWIX
  FLASH_BANK0_SEC7      00087000   00001000  00000000  00001000  RWIX
  FLASH_BANK0_SEC8      00088000   00001000  00000020  00000fe0  RWIX
  FLASH_BANK0_SEC9      00089000   00001000  00000088  00000f78  RWIX
  FLASH_BANK0_SEC10     0008a000   00001000  0000052e  00000ad2  RWIX
  FLASH_BANK0_SEC11     0008b000   00001000  00000000  00001000  RWIX
  FLASH_BANK0_SEC12     0008c000   00001000  00000000  00001000  RWIX
  FLASH_BANK0_SEC13     0008d000   00001000  00000000  00001000  RWIX
  FLASH_BANK0_SEC14     0008e000   00001000  00000000  00001000  RWIX
  FLASH_BANK0_SEC15     0008f000   00000ff8  00000000  00000ff8  RWIX
  BOOTROM               003f0000   00008000  00000000  00008000  RWIX
  BOOTROM_EXT           003f8000   00007fc0  00000000  00007fc0  RWIX
  RESET                 003fffc0   00000002  00000000  00000002  RWIX


SECTION ALLOCATION MAP

 output                                  attributes/
section   page    origin      length       input sections
--------  ----  ----------  ----------   ----------------
.stack     0    00000400    00000200     UNINITIALIZED
                  00000400    00000200     --HOLE--

.bss       0    0000a000    00001092     UNINITIALIZED
                  0000a000    00001000     main.obj (.bss:g_waveBuf)
                  0000b000    0000005a     main.obj (.bss)
                  0000b05a    00000016     ndt_sm.obj (.bss)
                  0000b070    00000010     ndt_sm.obj (.bss:s_queue)
                  0000b080    00000012     ndt_i2cb.obj (.bss)

codestart 
*          0    00080000    00000002     
                  00080000    00000002     f28002x_codestartbranch.obj (codestart)

.cinit     0    00088000    00000020     
                  00088000    0000000e     (.cinit..data.load) [load image, compression = lzss]
                  0008800e    00000006     (__TI_handler_table)
                  00088014    00000004     (.cinit..bss.load) [load image, compression = zero_init]
                  00088018    00000008     (__TI_cinit_table)

.reset     0    003fffc0    00000000     DSECT

.TI.ramfunc 
*          0    00089000    00000088     RUN ADDR = 00000128
                  00089000    00000084     main.obj (.TI.ramfunc:NDT_captureRecord)
                  00089084    00000004     driverlib.lib : sysctl.obj (.TI.ramfunc)

.init_array 
*          0    00088000    00000000     UNINITIALIZED

.data      0    0000b092    00000036     UNINITIALIZED
                  0000b092    00000010     main.obj (.data:g_hdrStream)
                  0000b0a2    00000008     ndt_sm.obj (.data)
                  0000b0aa    00000006     main.obj (.data)
                  0000b0b0    00000006     ndt_i2cb.obj (.data)
                  0000b0b6    00000006     rts2800_fpu32_eabi.lib : exit.c.obj (.data)
                  0000b0bc    00000005     main.obj (.data:g_voltBuf)
                  0000b0c1    00000001     --HOLE--
                  0000b0c2    00000002     rts2800_fpu32_eabi.lib : _lock.c.obj (.data:_lock)
                  0000b0c4    00000002                            : _lock.c.obj (.data:_unlock)
                  0000b0c6    00000002     ndt_i2cb.obj (.data:s_par)

.const     0    0008a000    0000052e     
                  0008a000    00000101     main.obj (.const:.string)
                  0008a101    00000001     --HOLE-- [fill = 0]
                  0008a102    000000be     board.obj (.const:.string)
                  0008a1c0    0000009a     driverlib.lib : sysctl.obj (.const:.string)
                  0008a25a    00000098                   : gpio.obj (.const:.string)
                  0008a2f2    00000009     ndt_i2cb.obj (.const:k_paramLen)
                  0008a2fb    00000005     main.obj (.const:g_tapExpected)
                  0008a300    0000006a     main.obj (.const)
                  0008a36a    00000055     device.obj (.const:.string)
                  0008a3bf    00000001     --HOLE-- [fill = 0]
                  0008a3c0    00000050     driverlib.lib : cputimer.obj (.const:.string)
                  0008a410    0000004b                   : adc.obj (.const:.string)
                  0008a45b    00000001     --HOLE-- [fill = 0]
                  0008a45c    0000004b                   : i2c.obj (.const:.string)
                  0008a4a7    00000001     --HOLE-- [fill = 0]
                  0008a4a8    0000003e     i2ca_eeprom.obj (.const:.string)
                  0008a4e6    0000003e     ndt_i2cb.obj (.const:.string)
                  0008a524    00000005     main.obj (.const:g_tapOkBit)
                  0008a529    00000005     main.obj (.const:g_tapSoc)

.text.1    0    00080008    00000ff8     
                  00080008    00000153     board.obj (.text:PinMux_init)
                  0008015b    0000013a     ndt_store.obj (.text:ndt_store_save)
                  00080295    00000123     driverlib.lib : sysctl.obj (.text:SysCtl_setClock)
                  000803b8    000000fe                   : sysctl.obj (.text:SysCtl_isPLLValid)
                  000804b6    000000dd     ndt_i2cb.obj (.text:INT_myI2CB_ISR)
                  00080593    000000c2     i2ca_eeprom.obj (.text:i2ca_ep_write_read)
                  00080655    000000b8     board.obj (.text:myADCA_init)
                  0008070d    0000009c     rts2800_fpu32_eabi.lib : fd_add28.asm.obj (.text)
                  000807a9    0000009a     device.obj (.text:Device_enableAllPeripherals)
                  00080843    0000008e     ndt_store.obj (.text:ndt_store_hdr_to_stream)
                  000808d1    0000008b     rts2800_fpu32_eabi.lib : fd_div28.asm.obj (.text)
                  0008095c    00000088                            : fs_div28.asm.obj (.text)
                  000809e4    00000080     ndt_store.obj (.text:read_hdr)
                  00080a64    0000007f     i2ca_eeprom.obj (.text:i2ca_ep_write)
                  00080ae3    0000007e     ndt_store.obj (.text:ndt_store_load)
                  00080b61    0000007b     max14808.obj (.text:max14808_init)
                  00080bdc    00000079     main.obj (.text:NDT_initTimers)
                  00080c55    00000075     main.obj (.text:EPWM_setADCTriggerSource)
                  00080cca    00000073     driverlib.lib : sysctl.obj (.text:DCC_setCounterSeeds)
                  00080d3d    00000069     ndt_i2cb.obj (.text:apply_command)
                  00080da6    00000069     board.obj (.text:myADCC_init)
                  00080e0f    00000065     driverlib.lib : sysctl.obj (.text:SysCtl_getClock)
                  00080e74    00000064                   : i2c.obj (.text:I2C_initController)
                  00080ed8    0000005b     m24m01e.obj (.text:m24m01e_read)
                  00080f33    00000059     main.obj (.text:hook_fire_and_capture)
                  00080f8c    00000059     ndt_sm.obj (.text:ndt_sm_step)
                  00080fe5    0000001b     board.obj (.text:I2C_setOwnAddress)

.text.2    0    00081000    00001000     
                  00081000    00000057     ndt_sm.obj (.text:step_idle)
                  00081057    00000052     driverlib.lib : gpio.obj (.text:GPIO_setPadConfig)
                  000810a9    00000052     m24m01e.obj (.text:m24m01e_write)
                  000810fb    0000004a     main.obj (.text:NDT_burst)
                  00081145    0000004a     board.obj (.text:myI2CA_init)
                  0008118f    00000049     board.obj (.text:myI2CB_init)
                  000811d8    00000048     m24m01e.obj (.text:write_page_chunk)
                  00081220    00000047     driverlib.lib : sysctl.obj (.text:SysCtl_selectOscSource)
                  00081267    00000046     board.obj (.text:ADC_setupSOC)
                  000812ad    00000046     driverlib.lib : gpio.obj (.text:GPIO_setAnalogMode)
                  000812f3    00000046                   : sysctl.obj (.text:SysCtl_selectXTAL)
                  00081339    00000044     main.obj (.text:GPIO_writePin)
                  0008137d    00000040     driverlib.lib : sysctl.obj (.text:SysCtl_pollX1Counter)
                  000813bd    0000003d                   : interrupt.obj (.text:Interrupt_initModule)
                  000813fa    0000003c     main.obj (.text:GPIO_readPin)
                  00081436    0000003c     main.obj (.text:main)
                  00081472    0000003b     board.obj (.text:GPIO_init)
                  000814ad    0000003b     main.obj (.text:GPIO_togglePin)
                  000814e8    0000003b     m24m01e.obj (.text:m24m01e_wait_ready)
                  00081523    0000003b     max14808.obj (.text:max14808_enter_receive_mode)
                  0008155e    0000003a     main.obj (.text:EPWM_setADCTriggerEventPrescale)
                  00081598    0000003a     main.obj (.text:NDT_checkSupplies)
                  000815d2    00000037     driverlib.lib : gpio.obj (.text:GPIO_setPinConfig)
                  00081609    00000037                   : gpio.obj (.text:GPIO_setQualificationMode)
                  00081640    00000037                   : interrupt.obj (.text:Interrupt_enable)
                  00081677    00000036     device.obj (.text:Device_init)
                  000816ad    00000035     max14808.obj (.text:_write_channel)
                  000816e2    00000034     main.obj (.text:NDT_initEeprom)
                  00081716    00000034     main.obj (.text:ndt_timer1ISR)
                  0008174a    00000031     driverlib.lib : gpio.obj (.text:GPIO_setDirectionMode)
                  0008177b    00000030     main.obj (.text:hook_store_load)
                  000817ab    0000002f     main.obj (.text:NDT_initPulser)
                  000817da    0000002f     ndt_store.obj (.text:ndt_store_find)
                  00081809    0000002e     board.obj (.text:ADC_setInterruptSOCTrigger)
                  00081837    0000002e     rts2800_fpu32_eabi.lib : copy_decompress_lzss.c.obj (.text:decompress:lzss)
                  00081865    0000002e     main.obj (.text:ndt_delay_us)
                  00081893    0000002c     main.obj (.text:hook_store_save)
                  000818bf    0000002b     rts2800_fpu32_eabi.lib : autoinit.c.obj (.text:__TI_auto_init_nobinit_nopinit)
                  000818ea    0000002b     main.obj (.text:tap_in_range)
                  00081915    0000002a     driverlib.lib : i2c.obj (.text:I2C_enableInterrupt)
                  0008193f    0000002a     max14808.obj (.text:_write_cc_pins)
                  00081969    00000029     max14808.obj (.text:max14808_set_mode)
                  00081992    00000029     rts2800_fpu32_eabi.lib : exit.c.obj (.text)
                  000819bb    00000028     max14808.obj (.text:_write_mode_pins)
                  000819e3    00000027     driverlib.lib : adc.obj (.text:ADC_setVREF)
                  00081a0a    00000027     main.obj (.text:EPWM_isBaseValid)
                  00081a31    00000027     ndt_sm.obj (.text:ndt_sm_post)
                  00081a58    00000026     board.obj (.text:I2C_setFIFOInterruptLevel)
                  00081a7e    00000025     driverlib.lib : sysctl.obj (.text:SysCtl_selectXTALSingleEnded)
                  00081aa3    00000025     m24m01e.obj (.text:m24m01e_init)
                  00081ac8    00000024     driverlib.lib : sysctl.obj (.text:DCC_enableSingleShotMode)
                  00081aec    00000022                   : i2c.obj (.text:I2C_clearInterruptStatus)
                  00081b0e    00000022     ndt_store.obj (.text:get32)
                  00081b30    00000020     driverlib.lib : adc.obj (.text:ADC_setOffsetTrimAll)
                  00081b50    00000020                   : i2c.obj (.text:I2C_configureModuleFrequency)
                  00081b70    0000001e                   : sysctl.obj (.text:DCC_setCounter0ClkSource)
                  00081b8e    0000001e                   : sysctl.obj (.text:DCC_setCounter1ClkSource)
                  00081bac    0000001e                   : interrupt.obj (.text:Interrupt_initVectorTable)
                  00081bca    0000001d     main.obj (.text:ADC_getInterruptStatus)
                  00081be7    0000001d     rts2800_fpu32_eabi.lib : memcpy.c.obj (.text)
                  00081c04    0000001c     board.obj (.text:ADC_setSOCPriority)
                  00081c20    0000001c     main.obj (.text:EPWM_enableADCTrigger)
                  00081c3c    0000001c     main.obj (.text:EPWM_setClockPrescaler)
                  00081c58    0000001c     ndt_sm.obj (.text:q_pop)
                  00081c74    0000001b     board.obj (.text:I2C_setTargetAddress)
                  00081c8f    0000001b     i2ca_eeprom.obj (.text:I2C_setTargetAddress)
                  00081caa    0000001b     main.obj (.text:NDT_initSlave)
                  00081cc5    0000001b     rts2800_fpu32_eabi.lib : fd_toul28.asm.obj (.text)
                  00081ce0    0000001a     main.obj (.text:CPUTimer_startTimer)
                  00081cfa    0000001a     i2ca_eeprom.obj (.text:I2C_getStopConditionStatus)
                  00081d14    0000001a     board.obj (.text:I2C_setAddressMode)
                  00081d2e    0000001a     board.obj (.text:I2C_setBitCount)
                  00081d48    0000001a     board.obj (.text:I2C_setConfig)
                  00081d62    0000001a     i2ca_eeprom.obj (.text:I2C_setConfig)
                  00081d7c    0000001a     board.obj (.text:I2C_setEmulationMode)
                  00081d96    0000001a     driverlib.lib : sysctl.obj (.text:SysCtl_getLowSpeedClock)
                  00081db0    0000001a     ndt_store.obj (.text:ascan_checksum)
                  00081dca    00000019     driverlib.lib : sysctl.obj (.text:SysCtl_setPLLSysClk)
                  00081de3    00000019     m24m01e.obj (.text:m24m01e_probe)
                  00081dfc    00000019     ndt_store.obj (.text:put32)
                  00081e15    00000018     board.obj (.text:I2C_disableFIFO)
                  00081e2d    00000018     board.obj (.text:I2C_enableFIFO)
                  00081e45    00000018     main.obj (.text:hook_supplies_ok)
                  00081e5d    00000018     max14808.obj (.text:max14808_set_current)
                  00081e75    00000017     board.obj (.text:ASysCtl_setAnalogReferenceExternal)
                  00081e8c    00000017     driverlib.lib : cputimer.obj (.text:CPUTimer_isBaseValid)
                  00081ea3    00000017     main.obj (.text:CPUTimer_isBaseValid)
                  00081eba    00000017     main.obj (.text:CPUTimer_setPreScaler)
                  00081ed1    00000017     device.obj (.text:SysCtl_enablePeripheral)
                  00081ee8    00000017     driverlib.lib : sysctl.obj (.text:SysCtl_enablePeripheral)
                  00081eff    00000017     main.obj (.text:SysCtl_enablePeripheral)
                  00081f16    00000017     ndt_sm.obj (.text:ndt_sm_init)
                  00081f2d    00000017     rts2800_fpu32_eabi.lib : boot28.asm.obj (.text)
                  00081f44    00000017     i2ca_eeprom.obj (.text:wait_flag_set)
                  00081f5b    00000016     main.obj (.text:ADC_readResult)
                  00081f71    00000016     board.obj (.text:ADC_setInterruptCycleOffset)
                  00081f87    00000016     board.obj (.text:ADC_setInterruptPulseMode)
                  00081f9d    00000016     board.obj (.text:ADC_setPrescaler)
                  00081fb3    00000016     driverlib.lib : sysctl.obj (.text:DCC_disableDoneSignal)
                  00081fc9    00000016                   : interrupt.obj (.text:Interrupt_defaultHandler)
                  00081fdf    00000016     rts2800_fpu32_eabi.lib : ul_tofd28.asm.obj (.text)
                  00081ff5    0000000b     device.obj (.text:SysCtl_disableWatchdog)

.text.3    0    00082000    000007a1     
                  00082000    00000016     i2ca_eeprom.obj (.text:wait_bus_free)
                  00082016    00000016     i2ca_eeprom.obj (.text:wait_stop_done)
                  0008202c    00000015     board.obj (.text:ADC_disableBurstMode)
                  00082041    00000015     main.obj (.text:CPUTimer_enableInterrupt)
                  00082056    00000015     driverlib.lib : sysctl.obj (.text:DCC_clearDoneFlag)
                  0008206b    00000015                   : sysctl.obj (.text:DCC_clearErrorFlag)
                  00082080    00000015                   : sysctl.obj (.text:DCC_disableErrorSignal)
                  00082095    00000015                   : sysctl.obj (.text:DCC_isBaseValid)
                  000820aa    00000015     ndt_i2cb.obj (.text:ndt_i2cb_init)
                  000820bf    00000014     main.obj (.text:ADC_clearInterruptStatus)
                  000820d3    00000014     main.obj (.text:ADC_forceMultipleSOC)
                  000820e7    00000014     main.obj (.text:CPUTimer_reloadTimerCounter)
                  000820fb    00000014     driverlib.lib : sysctl.obj (.text:DCC_disableModule)
                  0008210f    00000014                   : sysctl.obj (.text:DCC_enableModule)
                  00082123    00000014     main.obj (.text:EPWM_setTimeBaseCounterMode)
                  00082137    00000014     main.obj (.text:EPWM_setTimeBasePeriod)
                  0008214b    00000014     driverlib.lib : gpio.obj (.text:GPIO_isPinValid)
                  0008215f    00000014     main.obj (.text:GPIO_isPinValid)
                  00082173    00000014     i2ca_eeprom.obj (.text:I2C_putData)
                  00082187    00000014     ndt_i2cb.obj (.text:I2C_putData)
                  0008219b    00000014     device.obj (.text:SysCtl_deviceCal)
                  000821af    00000014     ndt_store.obj (.text:map_dev)
                  000821c3    00000013     board.obj (.text:ADC_enableConverter)
                  000821d6    00000013     board.obj (.text:ADC_isBaseValid)
                  000821e9    00000013     driverlib.lib : adc.obj (.text:ADC_isBaseValid)
                  000821fc    00000013     main.obj (.text:ADC_isBaseValid)
                  0008220f    00000013     driverlib.lib : cputimer.obj (.text:CPUTimer_setEmulationMode)
                  00082222    00000013     board.obj (.text:I2C_disableLoopback)
                  00082235    00000013     board.obj (.text:I2C_disableModule)
                  00082248    00000013     board.obj (.text:I2C_enableModule)
                  0008225b    00000013     ndt_i2cb.obj (.text:I2C_getInterruptSource)
                  0008226e    00000013     board.obj (.text:I2C_isBaseValid)
                  00082281    00000013     driverlib.lib : i2c.obj (.text:I2C_isBaseValid)
                  00082294    00000013     i2ca_eeprom.obj (.text:I2C_isBaseValid)
                  000822a7    00000013     ndt_i2cb.obj (.text:I2C_isBaseValid)
                  000822ba    00000013     i2ca_eeprom.obj (.text:I2C_sendStartCondition)
                  000822cd    00000013     i2ca_eeprom.obj (.text:I2C_sendStopCondition)
                  000822e0    00000013     i2ca_eeprom.obj (.text:i2ca_abort)
                  000822f3    00000013     i2ca_eeprom.obj (.text:i2ca_ep_delay_ms)
                  00082306    00000012     main.obj (.text:CPUTimer_clearOverflowFlag)
                  00082318    00000012     main.obj (.text:EPWM_setTimeBaseCounter)
                  0008232a    00000012     i2ca_eeprom.obj (.text:I2C_clearStatus)
                  0008233c    00000012     ndt_i2cb.obj (.text:I2C_clearStatus)
                  0008234e    00000012     board.obj (.text:I2C_setDataCount)
                  00082360    00000012     i2ca_eeprom.obj (.text:I2C_setDataCount)
                  00082372    00000012     main.obj (.text:burst_wait)
                  00082384    00000011     main.obj (.text:CPUTimer_setPeriod)
                  00082395    00000011     main.obj (.text:EPWM_disablePhaseShiftLoad)
                  000823a6    00000011     main.obj (.text:hook_after_capture)
                  000823b7    00000011     main.obj (.text:hook_on_thermal_enter)
                  000823c8    00000011     main.obj (.text:hook_set_burst_cycles)
                  000823d9    00000010     board.obj (.text:AFE_GAIN_A1_init)
                  000823e9    00000010     board.obj (.text:AFE_GAIN_A2_init)
                  000823f9    00000010     board.obj (.text:AFE_GAIN_B1_init)
                  00082409    00000010     board.obj (.text:AFE_GAIN_B2_init)
                  00082419    00000010     board.obj (.text:Analog_EN_init)
                  00082429    00000010     board.obj (.text:BOOT0_init)
                  00082439    00000010     board.obj (.text:BOOT1_init)
                  00082449    00000010     board.obj (.text:CH1_A_MCU_init)
                  00082459    00000010     board.obj (.text:CH1_B_MCU_init)
                  00082469    00000010     board.obj (.text:CH2_A_MCU_init)
                  00082479    00000010     board.obj (.text:CH2_B_MCU_init)
                  00082489    00000010     board.obj (.text:CH3_A_MCU_init)
                  00082499    00000010     board.obj (.text:CH3_B_MCU_init)
                  000824a9    00000010     board.obj (.text:CH4_A_MCU_init)
                  000824b9    00000010     board.obj (.text:CH4_B_MCU_init)
                  000824c9    00000010     board.obj (.text:CH5_A_MCU_init)
                  000824d9    00000010     board.obj (.text:CH6_A_MCU_init)
                  000824e9    00000010     board.obj (.text:CH6_B_MCU_init)
                  000824f9    00000010     board.obj (.text:CH7_A_MCU_init)
                  00082509    00000010     board.obj (.text:CH7_B_MCU_init)
                  00082519    00000010     board.obj (.text:CH8_A_MCU_init)
                  00082529    00000010     board.obj (.text:CH8_B_MCU_init)
                  00082539    00000010     main.obj (.text:CPUTimer_getTimerCount)
                  00082549    00000010     board.obj (.text:EEPROM_WC_init)
                  00082559    00000010     i2ca_eeprom.obj (.text:I2C_getData)
                  00082569    00000010     ndt_i2cb.obj (.text:I2C_getData)
                  00082579    00000010     i2ca_eeprom.obj (.text:I2C_getStatus)
                  00082589    00000010     board.obj (.text:MCU_LED_init)
                  00082599    00000010     board.obj (.text:MODE0_init)
                  000825a9    00000010     board.obj (.text:MODE1_init)
                  000825b9    00000010     board.obj (.text:Pulser_EN_init)
                  000825c9    00000010     board.obj (.text:THP_init)
                  000825d9    00000010     ndt_sm.obj (.text:elapsed)
                  000825e9    00000010     m24m01e.obj (.text:mem_dsel7)
                  000825f9    0000000f     board.obj (.text:Board_init)
                  00082608    0000000f     board.obj (.text:CH5_B_MCU_init)
                  00082617    0000000f     board.obj (.text:Interrupt_register)
                  00082626    0000000f     main.obj (.text:Interrupt_register)
                  00082635    0000000e     ndt_store.obj (.text:ndt_store_init)
                  00082643    0000000e     rts2800_fpu32_eabi.lib : fd_sub28.asm.obj (.text)
                  00082651    0000000d     board.obj (.text:INTERRUPT_init)
                  0008265e    0000000d     driverlib.lib : interrupt.obj (.text:Interrupt_disableGlobal)
                  0008266b    0000000d                   : interrupt.obj (.text:Interrupt_enableGlobal)
                  00082678    0000000d     main.obj (.text:Interrupt_enableGlobal)
                  00082685    0000000d     device.obj (.text:SysCtl_setLowSpeedClock)
                  00082692    0000000d     ndt_sm.obj (.text:accept_trigger)
                  0008269f    0000000d     main.obj (.text:hook_thermal_fault)
                  000826ac    0000000d     m24m01e.obj (.text:map_io)
                  000826b9    0000000c     main.obj (.text:hook_on_voltage_fault)
                  000826c5    0000000c     main.obj (.text:ndt_millis)
                  000826d1    0000000c     ndt_store.obj (.text:put16)
                  000826dd    0000000c     rts2800_fpu32_eabi.lib : args_main.c.obj (.text)
                  000826e9    0000000c     ndt_i2cb.obj (.text:select_status)
                  000826f5    0000000b     driverlib.lib : sysctl.obj (.text:SysCtl_isMCDClockFailureDetected)
                  00082700    0000000a                   : interrupt.obj (.text:Interrupt_illegalOperationHandler)
                  0008270a    0000000a                   : interrupt.obj (.text:Interrupt_nmiHandler)
                  00082714    00000009     main.obj (.text:ndt_gpio_write)
                  0008271d    00000009     ndt_sm.obj (.text:now_ms)
                  00082726    00000009     rts2800_fpu32_eabi.lib : _lock.c.obj (.text)
                  0008272f    00000008                            : copy_decompress_none.c.obj (.text:decompress:none)
                  00082737    00000008     f28002x_codestartbranch.obj (.text)
                  0008273f    00000008     ndt_store.obj (.text:get16)
                  00082747    00000007     board.obj (.text:ASysCtl_disableTemperatureSensor)
                  0008274e    00000007     device.obj (.text:ASysCtl_lockVREG)
                  00082755    00000007     driverlib.lib : sysctl.obj (.text:SysCtl_resetMCD)
                  0008275c    00000007     device.obj (.text:__error__)
                  00082763    00000007     ndt_i2cb.obj (.text:ndt_i2cb_lock_tx)
                  0008276a    00000007     rts2800_fpu32_eabi.lib : memset.c.obj (.text)
                  00082771    00000007     ndt_store.obj (.text:slot_addr)
                  00082778    00000006     board.obj (.text:ASYSCTL_init)
                  0008277e    00000006     ndt_i2cb.obj (.text:Interrupt_clearACKGroup)
                  00082784    00000006     rts2800_fpu32_eabi.lib : copy_zero_init.c.obj (.text:decompress:ZI)
                  0008278a    00000006     main.obj (.text:ndt_gpio_read)
                  00082790    00000005     board.obj (.text:ADC_init)
                  00082795    00000005     board.obj (.text:I2C_init)
                  0008279a    00000004     main.obj (.text:hook_thermal_blink)
                  0008279e    00000002     rts2800_fpu32_eabi.lib : pre_init.c.obj (.text)
                  000827a0    00000001                            : startup.c.obj (.text)

MODULE SUMMARY

       Module                        code    ro data   rw data
       ------                        ----    -------   -------
    .\
       main.obj                      2051    378       4213   
       ndt_store.obj                 903     0         0      
       i2ca_eeprom.obj               650     62        0      
       ndt_i2cb.obj                  464     71        26     
       m24m01e.obj                   395     0         0      
       max14808.obj                  382     0         0      
       ndt_sm.obj                    304     0         46     
    +--+-----------------------------+-------+---------+---------+
       Total:                        5149    511       4285   
                                                              
    .\device\
       device.obj                    289     85        0      
       f28002x_codestartbranch.obj   10      0         0      
    +--+-----------------------------+-------+---------+---------+
       Total:                        299     85        0      
                                                              
    .\syscfg\
       board.obj                     1993    190       0      
    +--+-----------------------------+-------+---------+---------+
       Total:                        1993    190       0      
                                                              
    C:/ti/C2000Ware_26_01_00_00/driverlib/f28002x/driverlib/ccs/Debug/driverlib.lib
       sysctl.obj                    1345    154       0      
       gpio.obj                      331     152       0      
       i2c.obj                       227     75        0      
       interrupt.obj                 214     0         0      
       adc.obj                       90      75        0      
       cputimer.obj                  42      80        0      
    +--+-----------------------------+-------+---------+---------+
       Total:                        2249    536       0      
                                                              
    C:\ti\ti-cgt-c2000_22.6.0.LTS\lib\rts2800_fpu32_eabi.lib
       fd_add28.asm.obj              156     0         0      
       fd_div28.asm.obj              139     0         0      
       fs_div28.asm.obj              136     0         0      
       exit.c.obj                    41      0         6      
       copy_decompress_lzss.c.obj    46      0         0      
       autoinit.c.obj                43      0         0      
       memcpy.c.obj                  29      0         0      
       fd_toul28.asm.obj             27      0         0      
       boot28.asm.obj                23      0         0      
       ul_tofd28.asm.obj             22      0         0      
       fd_sub28.asm.obj              14      0         0      
       _lock.c.obj                   9       0         4      
       args_main.c.obj               12      0         0      
       copy_decompress_none.c.obj    8       0         0      
       memset.c.obj                  7       0         0      
       copy_zero_init.c.obj          6       0         0      
       pre_init.c.obj                2       0         0      
       startup.c.obj                 1       0         0      
    +--+-----------------------------+-------+---------+---------+
       Total:                        721     0         10     
                                                              
       Stack:                        0       0         512    
       Linker Generated:             0       32        0      
    +--+-----------------------------+-------+---------+---------+
       Grand Total:                  10411   1354      4807   


LINKER GENERATED COPY TABLES

__TI_cinit_table @ 00088018 records: 2, size/record: 4, table size: 8
	.data: load addr=00088000, load size=0000000e bytes, run addr=0000b092, run size=00000036 bytes, compression=lzss
	.bss: load addr=00088014, load size=00000004 bytes, run addr=0000a000, run size=00001092 bytes, compression=zero_init


LINKER GENERATED HANDLER TABLE

__TI_handler_table @ 0008800e records: 3, size/record: 2, table size: 6
	index: 0, handler: __TI_zero_init
	index: 1, handler: __TI_decompress_lzss
	index: 2, handler: __TI_decompress_none


GLOBAL DATA SYMBOLS: SORTED BY DATA PAGE

address     data page           name
--------    ----------------    ----
00000400      10 (00000400)     __stack

0000a000     280 (0000a000)     g_waveBuf

0000b092     2c2 (0000b080)     g_hdrStream
0000b0aa     2c2 (0000b080)     g_statusFlags
0000b0b6     2c2 (0000b080)     __TI_enable_exit_profile_output
0000b0b8     2c2 (0000b080)     __TI_cleanup_ptr
0000b0ba     2c2 (0000b080)     __TI_dtors_ptr
0000b0bc     2c2 (0000b080)     g_voltBuf

0000b0c2     2c3 (0000b0c0)     _lock
0000b0c4     2c3 (0000b0c0)     _unlock


GLOBAL SYMBOLS: SORTED ALPHABETICALLY BY Name 

page  address   name                             
----  -------   ----                             
0     00082790  ADC_init                         
0     00081b30  ADC_setOffsetTrimAll             
0     000819e3  ADC_setVREF                      
0     000823d9  AFE_GAIN_A1_init                 
0     000823e9  AFE_GAIN_A2_init                 
0     000823f9  AFE_GAIN_B1_init                 
0     00082409  AFE_GAIN_B2_init                 
0     00082778  ASYSCTL_init                     
0     00082419  Analog_EN_init                   
0     00082429  BOOT0_init                       
0     00082439  BOOT1_init                       
0     000825f9  Board_init                       
0     00081992  C$$EXIT                          
0     00082449  CH1_A_MCU_init                   
0     00082459  CH1_B_MCU_init                   
0     00082469  CH2_A_MCU_init                   
0     00082479  CH2_B_MCU_init                   
0     00082489  CH3_A_MCU_init                   
0     00082499  CH3_B_MCU_init                   
0     000824a9  CH4_A_MCU_init                   
0     000824b9  CH4_B_MCU_init                   
0     000824c9  CH5_A_MCU_init                   
0     00082608  CH5_B_MCU_init                   
0     000824d9  CH6_A_MCU_init                   
0     000824e9  CH6_B_MCU_init                   
0     000824f9  CH7_A_MCU_init                   
0     00082509  CH7_B_MCU_init                   
0     00082519  CH8_A_MCU_init                   
0     00082529  CH8_B_MCU_init                   
0     0008220f  CPUTimer_setEmulationMode        
0     000807a9  Device_enableAllPeripherals      
0     00081677  Device_init                      
0     00082549  EEPROM_WC_init                   
0     00081472  GPIO_init                        
0     000812ad  GPIO_setAnalogMode               
0     0008174a  GPIO_setDirectionMode            
0     00081057  GPIO_setPadConfig                
0     000815d2  GPIO_setPinConfig                
0     00081609  GPIO_setQualificationMode        
0     00081aec  I2C_clearInterruptStatus         
0     00081b50  I2C_configureModuleFrequency     
0     00081915  I2C_enableInterrupt              
0     00082795  I2C_init                         
0     00080e74  I2C_initController               
0     00082651  INTERRUPT_init                   
0     000804b6  INT_myI2CB_ISR                   
0     00081fc9  Interrupt_defaultHandler         
0     00081640  Interrupt_enable                 
0     00082700  Interrupt_illegalOperationHandler
0     000813bd  Interrupt_initModule             
0     00081bac  Interrupt_initVectorTable        
0     0008270a  Interrupt_nmiHandler             
0     00082589  MCU_LED_init                     
0     00082599  MODE0_init                       
0     000825a9  MODE1_init                       
0     00080008  PinMux_init                      
0     000825b9  Pulser_EN_init                   
0     00089088  RamfuncsLoadEnd                  
abs   00000088  RamfuncsLoadSize                 
0     00089000  RamfuncsLoadStart                
0     000001b0  RamfuncsRunEnd                   
abs   00000088  RamfuncsRunSize                  
0     00000128  RamfuncsRunStart                 
0     000001ac  SysCtl_delay                     
0     00080e0f  SysCtl_getClock                  
0     00081d96  SysCtl_getLowSpeedClock          
0     000803b8  SysCtl_isPLLValid                
0     00081220  SysCtl_selectOscSource           
0     000812f3  SysCtl_selectXTAL                
0     00081a7e  SysCtl_selectXTALSingleEnded     
0     00080295  SysCtl_setClock                  
0     000825c9  THP_init                         
0     00088018  __TI_CINIT_Base                  
0     00088020  __TI_CINIT_Limit                 
0     00088020  __TI_CINIT_Warm                  
0     0008800e  __TI_Handler_Table_Base          
0     00088014  __TI_Handler_Table_Limit         
0     00000600  __TI_STACK_END                   
abs   00000200  __TI_STACK_SIZE                  
0     000818bf  __TI_auto_init_nobinit_nopinit   
0     0000b0b8  __TI_cleanup_ptr                 
0     00081837  __TI_decompress_lzss             
0     0008272f  __TI_decompress_none             
0     0000b0ba  __TI_dtors_ptr                   
0     0000b0b6  __TI_enable_exit_profile_output  
abs   ffffffff  __TI_pprof_out_hndl              
abs   ffffffff  __TI_prof_data_size              
abs   ffffffff  __TI_prof_data_start             
0     00082784  __TI_zero_init                   
0     0008070d  __c28xabi_addd                   
0     000808d1  __c28xabi_divd                   
0     0008095c  __c28xabi_divf                   
0     00081cc5  __c28xabi_dtoul                  
0     00082643  __c28xabi_subd                   
0     00081fdf  __c28xabi_ultod                  
n/a   UNDEFED   __c_args__                       
0     0008275c  __error__                        
0     00000400  __stack                          
0     000826dd  _args_main                       
0     00081f2d  _c_int00                         
0     0000b0c2  _lock                            
0     0008272e  _nop                             
0     0008272a  _register_lock                   
0     00082726  _register_unlock                 
0     000827a0  _system_post_cinit               
0     0008279e  _system_pre_init                 
0     0000b0c4  _unlock                          
0     00081992  abort                            
0     00080000  code_start                       
0     00081994  exit                             
0     0000b092  g_hdrStream                      
0     0000b0aa  g_statusFlags                    
0     0000b0bc  g_voltBuf                        
0     0000a000  g_waveBuf                        
0     000822f3  i2ca_ep_delay_ms                 
0     00080a64  i2ca_ep_write                    
0     00080593  i2ca_ep_write_read               
0     00081aa3  m24m01e_init                     
0     00081de3  m24m01e_probe                    
0     00080ed8  m24m01e_read                     
0     000814e8  m24m01e_wait_ready               
0     000810a9  m24m01e_write                    
0     00081436  main                             
0     00081523  max14808_enter_receive_mode      
0     00080b61  max14808_init                    
0     00081e5d  max14808_set_current             
0     00081969  max14808_set_mode                
0     00081be7  memcpy                           
0     0008276a  memset                           
0     00080655  myADCA_init                      
0     00080da6  myADCC_init                      
0     00081145  myI2CA_init                      
0     0008118f  myI2CB_init                      
0     000820aa  ndt_i2cb_init                    
0     00082763  ndt_i2cb_lock_tx                 
0     00081f16  ndt_sm_init                      
0     00081a31  ndt_sm_post                      
0     00080f8c  ndt_sm_step                      
0     000817da  ndt_store_find                   
0     00080843  ndt_store_hdr_to_stream          
0     00082635  ndt_store_init                   
0     00080ae3  ndt_store_load                   
0     0008015b  ndt_store_save                   
0     00081716  ndt_timer1ISR                    


GLOBAL SYMBOLS: SORTED BY Symbol Address 

page  address   name                             
----  -------   ----                             
0     00000128  RamfuncsRunStart                 
0     000001ac  SysCtl_delay                     
0     000001b0  RamfuncsRunEnd                   
0     00000400  __stack                          
0     00000600  __TI_STACK_END                   
0     0000a000  g_waveBuf                        
0     0000b092  g_hdrStream                      
0     0000b0aa  g_statusFlags                    
0     0000b0b6  __TI_enable_exit_profile_output  
0     0000b0b8  __TI_cleanup_ptr                 
0     0000b0ba  __TI_dtors_ptr                   
0     0000b0bc  g_voltBuf                        
0     0000b0c2  _lock                            
0     0000b0c4  _unlock                          
0     00080000  code_start                       
0     00080008  PinMux_init                      
0     0008015b  ndt_store_save                   
0     00080295  SysCtl_setClock                  
0     000803b8  SysCtl_isPLLValid                
0     000804b6  INT_myI2CB_ISR                   
0     00080593  i2ca_ep_write_read               
0     00080655  myADCA_init                      
0     0008070d  __c28xabi_addd                   
0     000807a9  Device_enableAllPeripherals      
0     00080843  ndt_store_hdr_to_stream          
0     000808d1  __c28xabi_divd                   
0     0008095c  __c28xabi_divf                   
0     00080a64  i2ca_ep_write                    
0     00080ae3  ndt_store_load                   
0     00080b61  max14808_init                    
0     00080da6  myADCC_init                      
0     00080e0f  SysCtl_getClock                  
0     00080e74  I2C_initController               
0     00080ed8  m24m01e_read                     
0     00080f8c  ndt_sm_step                      
0     00081057  GPIO_setPadConfig                
0     000810a9  m24m01e_write                    
0     00081145  myI2CA_init                      
0     0008118f  myI2CB_init                      
0     00081220  SysCtl_selectOscSource           
0     000812ad  GPIO_setAnalogMode               
0     000812f3  SysCtl_selectXTAL                
0     000813bd  Interrupt_initModule             
0     00081436  main                             
0     00081472  GPIO_init                        
0     000814e8  m24m01e_wait_ready               
0     00081523  max14808_enter_receive_mode      
0     000815d2  GPIO_setPinConfig                
0     00081609  GPIO_setQualificationMode        
0     00081640  Interrupt_enable                 
0     00081677  Device_init                      
0     00081716  ndt_timer1ISR                    
0     0008174a  GPIO_setDirectionMode            
0     000817da  ndt_store_find                   
0     00081837  __TI_decompress_lzss             
0     000818bf  __TI_auto_init_nobinit_nopinit   
0     00081915  I2C_enableInterrupt              
0     00081969  max14808_set_mode                
0     00081992  C$$EXIT                          
0     00081992  abort                            
0     00081994  exit                             
0     000819e3  ADC_setVREF                      
0     00081a31  ndt_sm_post                      
0     00081a7e  SysCtl_selectXTALSingleEnded     
0     00081aa3  m24m01e_init                     
0     00081aec  I2C_clearInterruptStatus         
0     00081b30  ADC_setOffsetTrimAll             
0     00081b50  I2C_configureModuleFrequency     
0     00081bac  Interrupt_initVectorTable        
0     00081be7  memcpy                           
0     00081cc5  __c28xabi_dtoul                  
0     00081d96  SysCtl_getLowSpeedClock          
0     00081de3  m24m01e_probe                    
0     00081e5d  max14808_set_current             
0     00081f16  ndt_sm_init                      
0     00081f2d  _c_int00                         
0     00081fc9  Interrupt_defaultHandler         
0     00081fdf  __c28xabi_ultod                  
0     000820aa  ndt_i2cb_init                    
0     0008220f  CPUTimer_setEmulationMode        
0     000822f3  i2ca_ep_delay_ms                 
0     000823d9  AFE_GAIN_A1_init                 
0     000823e9  AFE_GAIN_A2_init                 
0     000823f9  AFE_GAIN_B1_init                 
0     00082409  AFE_GAIN_B2_init                 
0     00082419  Analog_EN_init                   
0     00082429  BOOT0_init                       
0     00082439  BOOT1_init                       
0     00082449  CH1_A_MCU_init                   
0     00082459  CH1_B_MCU_init                   
0     00082469  CH2_A_MCU_init                   
0     00082479  CH2_B_MCU_init                   
0     00082489  CH3_A_MCU_init                   
0     00082499  CH3_B_MCU_init                   
0     000824a9  CH4_A_MCU_init                   
0     000824b9  CH4_B_MCU_init                   
0     000824c9  CH5_A_MCU_init                   
0     000824d9  CH6_A_MCU_init                   
0     000824e9  CH6_B_MCU_init                   
0     000824f9  CH7_A_MCU_init                   
0     00082509  CH7_B_MCU_init                   
0     00082519  CH8_A_MCU_init                   
0     00082529  CH8_B_MCU_init                   
0     00082549  EEPROM_WC_init                   
0     00082589  MCU_LED_init                     
0     00082599  MODE0_init                       
0     000825a9  MODE1_init                       
0     000825b9  Pulser_EN_init                   
0     000825c9  THP_init                         
0     000825f9  Board_init                       
0     00082608  CH5_B_MCU_init                   
0     00082635  ndt_store_init                   
0     00082643  __c28xabi_subd                   
0     00082651  INTERRUPT_init                   
0     000826dd  _args_main                       
0     00082700  Interrupt_illegalOperationHandler
0     0008270a  Interrupt_nmiHandler             
0     00082726  _register_unlock                 
0     0008272a  _register_lock                   
0     0008272e  _nop                             
0     0008272f  __TI_decompress_none             
0     0008275c  __error__                        
0     00082763  ndt_i2cb_lock_tx                 
0     0008276a  memset                           
0     00082778  ASYSCTL_init                     
0     00082784  __TI_zero_init                   
0     00082790  ADC_init                         
0     00082795  I2C_init                         
0     0008279e  _system_pre_init                 
0     000827a0  _system_post_cinit               
0     0008800e  __TI_Handler_Table_Base          
0     00088014  __TI_Handler_Table_Limit         
0     00088018  __TI_CINIT_Base                  
0     00088020  __TI_CINIT_Limit                 
0     00088020  __TI_CINIT_Warm                  
0     00089000  RamfuncsLoadStart                
0     00089088  RamfuncsLoadEnd                  
abs   00000088  RamfuncsLoadSize                 
abs   00000088  RamfuncsRunSize                  
abs   00000200  __TI_STACK_SIZE                  
abs   ffffffff  __TI_pprof_out_hndl              
abs   ffffffff  __TI_prof_data_size              
abs   ffffffff  __TI_prof_data_start             
n/a   UNDEFED   __c_args__                       

[144 symbols]
